192.168.1.100 - - [23/Aug/2025:11:47:53 +0300] "GET /products/books HTTP/1.1" 200 3152 "https://example.com/" "Googlebot/2.1 (+http://www.google.com/bot.html)"
192.168.1.100 - - [23/Aug/2025:04:35:34 +0300] "POST /products/clothing HTTP/1.1" 200 4686 "https://www.bing.com/" "Mozilla/5.0 (Windows NT 10.0; Win64; x64) AppleWebKit/537.36"
10.0.0.51 - - [23/Aug/2025:12:06:36 +0300] "POST / HTTP/1.1" 200 5062 "https://example.com/" "Mozilla/5.0 (X11; Linux x86_64) AppleWebKit/537.36"
192.168.1.101 - - [23/Aug/2025:09:47:01 +0300] "GET /about HTTP/1.1" 304 4498 "https://socialmedia.com/post/123" "Googlebot/2.1 (+http://www.google.com/bot.html)"
172.16.0.10 - - [23/Aug/2025:08:02:53 +0300] "POST /products/clothing HTTP/1.1" 304 1413 "https://socialmedia.com/post/123" "Mozilla/5.0 (Windows NT 10.0; Win64; x64) AppleWebKit/537.36"
192.168.1.102 - - [23/Aug/2025:16:38:34 +0300] "POST / HTTP/1.1" 200 4498 "https://www.bing.com/" "curl/7.68.0"
10.0.0.51 - - [22/Aug/2025:17:51:08 +0300] "GET / HTTP/1.1" 200 1193 "https://www.google.com/" "Mozilla/5.0 (Macintosh; Intel Mac OS X 10_15_7) AppleWebKit/537.36"
10.0.0.50 - - [23/Aug/2025:02:09:01 +0300] "POST / HTTP/1.1" 200 2812 "https://example.com/" "Mozilla/5.0 (Windows NT 10.0; Win64; x64) AppleWebKit/537.36"
192.168.1.101 - - [23/Aug/2025:15:04:54 +0300] "POST /products HTTP/1.1" 200 4894 "https://www.google.com/" "Mozilla/5.0 (Windows NT 10.0; Win64; x64) AppleWebKit/537.36"
172.16.0.11 - - [23/Aug/2025:16:40:12 +0300] "GET / HTTP/1.1" 200 945 "-" "Googlebot/2.1 (+http://www.google.com/bot.html)"
192.168.1.102 - - [23/Aug/2025:06:03:21 +0300] "GET /user/profile HTTP/1.1" 200 4172 "https://example.com/" "Mozilla/5.0 (Windows NT 10.0; Win64; x64) AppleWebKit/537.36"
192.168.1.101 - - [22/Aug/2025:17:23:04 +0300] "GET / HTTP/1.1" 500 2444 "https://example.com/" "Mozilla/5.0 (Windows NT 10.0; Win64; x64) AppleWebKit/537.36"
192.168.1.100 - - [22/Aug/2025:23:10:40 +0300] "GET /contact HTTP/1.1" 200 5054 "https://www.google.com/" "Mozilla/5.0 (Macintosh; Intel Mac OS X 10_15_7) AppleWebKit/537.36"
192.168.1.101 - - [23/Aug/2025:01:46:09 +0300] "GET /user/profile HTTP/1.1" 200 2807 "https://example.com/" "Mozilla/5.0 (Macintosh; Intel Mac OS X 10_15_7) AppleWebKit/537.36"
10.0.0.51 - - [22/Aug/2025:18:36:10 +0300] "GET / HTTP/1.1" 404 3635 "https://socialmedia.com/post/123" "Mozilla/5.0 (Macintosh; Intel Mac OS X 10_15_7) AppleWebKit/537.36"
172.16.0.11 - - [23/Aug/2025:12:02:19 +0300] "GET / HTTP/1.1" 200 385 "https://www.google.com/" "curl/7.68.0"
172.16.0.11 - - [22/Aug/2025:23:56:55 +0300] "GET /checkout HTTP/1.1" 304 615 "-" "Mozilla/5.0 (X11; Linux x86_64) AppleWebKit/537.36"
192.168.1.101 - - [23/Aug/2025:04:51:23 +0300] "GET / HTTP/1.1" 404 3574 "-" "curl/7.68.0"
10.0.0.51 - - [23/Aug/2025:06:37:56 +0300] "GET /products/electronics HTTP/1.1" 304 5047 "https://example.com/" "Mozilla/5.0 (Macintosh; Intel Mac OS X 10_15_7) AppleWebKit/537.36"
192.168.1.102 - - [23/Aug/2025:13:25:42 +0300] "GET / HTTP/1.1" 200 3552 "-" "curl/7.68.0"
192.168.1.101 - - [23/Aug/2025:02:36:52 +0300] "GET /contact HTTP/1.1" 304 4970 "https://www.google.com/" "Googlebot/2.1 (+http://www.google.com/bot.html)"
192.168.1.101 - - [23/Aug/2025:00:23:22 +0300] "GET /search HTTP/1.1" 304 4034 "https://example.com/" "curl/7.68.0"
192.168.1.102 - - [23/Aug/2025:02:43:48 +0300] "GET /about HTTP/1.1" 200 501 "https://socialmedia.com/post/123" "Mozilla/5.0 (X11; Linux x86_64) AppleWebKit/537.36"
172.16.0.11 - - [23/Aug/2025:10:46:37 +0300] "GET /products HTTP/1.1" 200 4421 "https://www.bing.com/" "Mozilla/5.0 (X11; Linux x86_64) AppleWebKit/537.36"
192.168.1.102 - - [23/Aug/2025:16:33:33 +0300] "GET /products/books HTTP/1.1" 200 1246 "https://www.google.com/" "curl/7.68.0"
10.0.0.51 - - [22/Aug/2025:22:13:57 +0300] "GET / HTTP/1.1" 404 3322 "https://example.com/" "Mozilla/5.0 (Windows NT 10.0; Win64; x64) AppleWebKit/537.36"
172.16.0.11 - - [23/Aug/2025:08:49:22 +0300] "GET /products HTTP/1.1" 200 1556 "-" "Mozilla/5.0 (Windows NT 10.0; Win64; x64) AppleWebKit/537.36"
192.168.1.102 - - [22/Aug/2025:18:57:08 +0300] "GET / HTTP/1.1" 500 2127 "https://www.bing.com/" "Googlebot/2.1 (+http://www.google.com/bot.html)"
192.168.1.100 - - [23/Aug/2025:09:41:56 +0300] "POST /products HTTP/1.1" 200 2320 "https://www.bing.com/" "Mozilla/5.0 (Macintosh; Intel Mac OS X 10_15_7) AppleWebKit/537.36"
172.16.0.10 - - [23/Aug/2025:03:09:28 +0300] "GET /products HTTP/1.1" 200 3217 "https://www.google.com/" "curl/7.68.0"
192.168.1.101 - - [22/Aug/2025:19:09:13 +0300] "GET /products/books HTTP/1.1" 404 2069 "https://www.bing.com/" "Mozilla/5.0 (Windows NT 10.0; Win64; x64) AppleWebKit/537.36"
192.168.1.102 - - [23/Aug/2025:04:07:02 +0300] "GET /admin HTTP/1.1" 200 3649 "https://www.google.com/" "Mozilla/5.0 (Windows NT 10.0; Win64; x64) AppleWebKit/537.36"
10.0.0.51 - - [23/Aug/2025:00:45:19 +0300] "GET /user/profile HTTP/1.1" 200 5189 "-" "Mozilla/5.0 (X11; Linux x86_64) AppleWebKit/537.36"
192.168.1.102 - - [23/Aug/2025:14:45:41 +0300] "GET /about HTTP/1.1" 304 3775 "https://www.google.com/" "Mozilla/5.0 (Macintosh; Intel Mac OS X 10_15_7) AppleWebKit/537.36"
192.168.1.100 - - [23/Aug/2025:00:04:32 +0300] "GET /products/electronics HTTP/1.1" 500 4315 "https://www.google.com/" "Googlebot/2.1 (+http://www.google.com/bot.html)"
192.168.1.102 - - [23/Aug/2025:09:24:23 +0300] "POST /about HTTP/1.1" 200 978 "https://example.com/" "Mozilla/5.0 (Windows NT 10.0; Win64; x64) AppleWebKit/537.36"
192.168.1.102 - - [23/Aug/2025:03:40:21 +0300] "GET /products/books HTTP/1.1" 200 4951 "https://example.com/" "Mozilla/5.0 (Windows NT 10.0; Win64; x64) AppleWebKit/537.36"
10.0.0.50 - - [22/Aug/2025:19:01:32 +0300] "GET / HTTP/1.1" 500 705 "https://socialmedia.com/post/123" "Mozilla/5.0 (X11; Linux x86_64) AppleWebKit/537.36"
192.168.1.101 - - [23/Aug/2025:00:24:02 +0300] "GET /admin HTTP/1.1" 404 498 "https://www.google.com/" "Mozilla/5.0 (Macintosh; Intel Mac OS X 10_15_7) AppleWebKit/537.36"
172.16.0.10 - - [22/Aug/2025:23:52:05 +0300] "GET /about HTTP/1.1" 200 595 "https://example.com/" "Mozilla/5.0 (Windows NT 10.0; Win64; x64) AppleWebKit/537.36"
192.168.1.101 - - [23/Aug/2025:10:19:54 +0300] "GET /products/books HTTP/1.1" 200 3862 "https://www.google.com/" "Mozilla/5.0 (X11; Linux x86_64) AppleWebKit/537.36"
192.168.1.101 - - [23/Aug/2025:03:16:49 +0300] "GET /products HTTP/1.1" 404 2896 "https://www.google.com/" "Mozilla/5.0 (X11; Linux x86_64) AppleWebKit/537.36"
192.168.1.101 - - [23/Aug/2025:01:19:28 +0300] "POST /products HTTP/1.1" 200 1217 "https://www.google.com/" "Mozilla/5.0 (Macintosh; Intel Mac OS X 10_15_7) AppleWebKit/537.36"
192.168.1.100 - - [22/Aug/2025:20:47:37 +0300] "POST /products/books HTTP/1.1" 200 3317 "https://www.bing.com/" "Mozilla/5.0 (Windows NT 10.0; Win64; x64) AppleWebKit/537.36"
172.16.0.10 - - [22/Aug/2025:19:21:27 +0300] "GET /products HTTP/1.1" 404 4877 "https://www.google.com/" "Googlebot/2.1 (+http://www.google.com/bot.html)"
172.16.0.10 - - [23/Aug/2025:07:50:55 +0300] "PUT / HTTP/1.1" 200 686 "https://www.google.com/" "Mozilla/5.0 (X11; Linux x86_64) AppleWebKit/537.36"
192.168.1.101 - - [23/Aug/2025:09:43:43 +0300] "GET /products HTTP/1.1" 200 917 "https://www.google.com/" "Googlebot/2.1 (+http://www.google.com/bot.html)"
172.16.0.10 - - [22/Aug/2025:19:07:53 +0300] "GET /about HTTP/1.1" 500 5017 "https://www.bing.com/" "Mozilla/5.0 (Windows NT 10.0; Win64; x64) AppleWebKit/537.36"
192.168.1.101 - - [23/Aug/2025:16:19:46 +0300] "GET /about HTTP/1.1" 404 1475 "-" "Googlebot/2.1 (+http://www.google.com/bot.html)"
172.16.0.11 - - [23/Aug/2025:04:39:17 +0300] "GET /about HTTP/1.1" 500 4276 "https://www.bing.com/" "Googlebot/2.1 (+http://www.google.com/bot.html)"
192.168.1.100 - - [23/Aug/2025:13:52:08 +0300] "GET /products/electronics HTTP/1.1" 500 4894 "-" "Googlebot/2.1 (+http://www.google.com/bot.html)"
192.168.1.101 - - [23/Aug/2025:05:50:49 +0300] "GET /products HTTP/1.1" 304 638 "https://example.com/" "Mozilla/5.0 (Macintosh; Intel Mac OS X 10_15_7) AppleWebKit/537.36"
192.168.1.101 - - [23/Aug/2025:11:47:48 +0300] "GET /about HTTP/1.1" 404 3262 "https://socialmedia.com/post/123" "Mozilla/5.0 (Macintosh; Intel Mac OS X 10_15_7) AppleWebKit/537.36"
10.0.0.51 - - [23/Aug/2025:11:03:30 +0300] "GET / HTTP/1.1" 200 5195 "-" "Googlebot/2.1 (+http://www.google.com/bot.html)"
10.0.0.51 - - [23/Aug/2025:06:36:03 +0300] "GET /search HTTP/1.1" 200 1021 "-" "Mozilla/5.0 (X11; Linux x86_64) AppleWebKit/537.36"
192.168.1.100 - - [23/Aug/2025:08:55:07 +0300] "GET /about HTTP/1.1" 200 2862 "https://socialmedia.com/post/123" "Mozilla/5.0 (Windows NT 10.0; Win64; x64) AppleWebKit/537.36"
192.168.1.100 - - [23/Aug/2025:08:29:46 +0300] "GET /api/v1/users HTTP/1.1" 200 2111 "https://socialmedia.com/post/123" "Googlebot/2.1 (+http://www.google.com/bot.html)"
192.168.1.100 - - [23/Aug/2025:12:25:18 +0300] "GET /search HTTP/1.1" 200 600 "https://www.bing.com/" "Mozilla/5.0 (Windows NT 10.0; Win64; x64) AppleWebKit/537.36"
172.16.0.11 - - [23/Aug/2025:16:10:00 +0300] "GET /products HTTP/1.1" 404 3681 "https://www.google.com/" "Googlebot/2.1 (+http://www.google.com/bot.html)"
10.0.0.51 - - [23/Aug/2025:06:37:24 +0300] "GET /api/v1/users HTTP/1.1" 200 4690 "https://www.google.com/" "curl/7.68.0"
172.16.0.10 - - [23/Aug/2025:01:56:50 +0300] "GET /products/electronics HTTP/1.1" 200 2617 "https://www.bing.com/" "Googlebot/2.1 (+http://www.google.com/bot.html)"
192.168.1.102 - - [23/Aug/2025:11:09:23 +0300] "GET /products HTTP/1.1" 404 4539 "https://socialmedia.com/post/123" "curl/7.68.0"
192.168.1.102 - - [23/Aug/2025:03:43:26 +0300] "GET / HTTP/1.1" 200 1108 "https://www.google.com/" "curl/7.68.0"
192.168.1.101 - - [22/Aug/2025:20:58:06 +0300] "GET / HTTP/1.1" 200 4354 "https://www.bing.com/" "Googlebot/2.1 (+http://www.google.com/bot.html)"
192.168.1.101 - - [22/Aug/2025:18:56:31 +0300] "GET / HTTP/1.1" 304 2284 "https://example.com/" "curl/7.68.0"
192.168.1.100 - - [23/Aug/2025:12:14:46 +0300] "GET /about HTTP/1.1" 200 3619 "https://example.com/" "Mozilla/5.0 (X11; Linux x86_64) AppleWebKit/537.36"
192.168.1.100 - - [23/Aug/2025:13:45:55 +0300] "GET /about HTTP/1.1" 500 4818 "https://www.google.com/" "Mozilla/5.0 (X11; Linux x86_64) AppleWebKit/537.36"
10.0.0.50 - - [23/Aug/2025:05:24:11 +0300] "GET /api/v1/products HTTP/1.1" 500 3359 "-" "curl/7.68.0"
192.168.1.101 - - [23/Aug/2025:02:53:28 +0300] "PUT /contact HTTP/1.1" 404 1773 "https://www.google.com/" "Googlebot/2.1 (+http://www.google.com/bot.html)"
10.0.0.50 - - [23/Aug/2025:06:58:09 +0300] "GET / HTTP/1.1" 200 1633 "-" "Mozilla/5.0 (X11; Linux x86_64) AppleWebKit/537.36"
10.0.0.51 - - [23/Aug/2025:07:24:07 +0300] "GET /products HTTP/1.1" 200 1417 "https://socialmedia.com/post/123" "Mozilla/5.0 (Windows NT 10.0; Win64; x64) AppleWebKit/537.36"
10.0.0.51 - - [23/Aug/2025:01:15:17 +0300] "GET /user/profile HTTP/1.1" 404 3435 "https://socialmedia.com/post/123" "Googlebot/2.1 (+http://www.google.com/bot.html)"
192.168.1.102 - - [23/Aug/2025:01:34:46 +0300] "GET /about HTTP/1.1" 200 753 "https://www.bing.com/" "Mozilla/5.0 (X11; Linux x86_64) AppleWebKit/537.36"
172.16.0.10 - - [23/Aug/2025:09:12:12 +0300] "GET /products/electronics HTTP/1.1" 404 1789 "https://example.com/" "Mozilla/5.0 (Macintosh; Intel Mac OS X 10_15_7) AppleWebKit/537.36"
10.0.0.51 - - [23/Aug/2025:13:50:21 +0300] "POST /products HTTP/1.1" 200 3043 "https://example.com/" "Mozilla/5.0 (Macintosh; Intel Mac OS X 10_15_7) AppleWebKit/537.36"
172.16.0.10 - - [23/Aug/2025:12:46:36 +0300] "DELETE /api/v1/users HTTP/1.1" 404 2909 "https://www.bing.com/" "Mozilla/5.0 (X11; Linux x86_64) AppleWebKit/537.36"
192.168.1.102 - - [23/Aug/2025:03:27:31 +0300] "GET /contact HTTP/1.1" 404 2904 "https://socialmedia.com/post/123" "Mozilla/5.0 (Macintosh; Intel Mac OS X 10_15_7) AppleWebKit/537.36"
10.0.0.50 - - [23/Aug/2025:11:11:01 +0300] "GET /contact HTTP/1.1" 200 3805 "https://www.google.com/" "curl/7.68.0"
192.168.1.100 - - [22/Aug/2025:18:43:51 +0300] "GET /admin HTTP/1.1" 200 4633 "-" "Mozilla/5.0 (X11; Linux x86_64) AppleWebKit/537.36"
172.16.0.12 - - [22/Aug/2025:18:01:30 +0300] "GET /contact HTTP/1.1" 304 1868 "https://www.google.com/" "Mozilla/5.0 (X11; Linux x86_64) AppleWebKit/537.36"
192.168.1.100 - - [22/Aug/2025:17:16:25 +0300] "GET /about HTTP/1.1" 404 2265 "https://socialmedia.com/post/123" "Mozilla/5.0 (X11; Linux x86_64) AppleWebKit/537.36"
10.0.0.51 - - [23/Aug/2025:03:31:43 +0300] "POST /about HTTP/1.1" 200 567 "-" "Googlebot/2.1 (+http://www.google.com/bot.html)"
192.168.1.100 - - [22/Aug/2025:21:55:00 +0300] "GET /products/books HTTP/1.1" 200 5159 "-" "Mozilla/5.0 (Windows NT 10.0; Win64; x64) AppleWebKit/537.36"
10.0.0.50 - - [22/Aug/2025:21:59:06 +0300] "DELETE /checkout HTTP/1.1" 500 556 "https://example.com/" "Mozilla/5.0 (Windows NT 10.0; Win64; x64) AppleWebKit/537.36"
172.16.0.11 - - [23/Aug/2025:00:21:30 +0300] "GET /api/v1/orders HTTP/1.1" 200 4239 "https://example.com/" "Mozilla/5.0 (X11; Linux x86_64) AppleWebKit/537.36"
10.0.0.51 - - [23/Aug/2025:11:03:58 +0300] "GET / HTTP/1.1" 200 2776 "-" "Mozilla/5.0 (Macintosh; Intel Mac OS X 10_15_7) AppleWebKit/537.36"
10.0.0.51 - - [23/Aug/2025:16:01:50 +0300] "POST /products/clothing HTTP/1.1" 200 2915 "-" "Mozilla/5.0 (Macintosh; Intel Mac OS X 10_15_7) AppleWebKit/537.36"
192.168.1.100 - - [23/Aug/2025:17:08:44 +0300] "GET / HTTP/1.1" 200 617 "https://www.bing.com/" "Googlebot/2.1 (+http://www.google.com/bot.html)"
192.168.1.101 - - [22/Aug/2025:17:58:16 +0300] "GET /admin HTTP/1.1" 200 810 "https://www.google.com/" "Googlebot/2.1 (+http://www.google.com/bot.html)"
172.16.0.12 - - [22/Aug/2025:19:45:32 +0300] "GET /cart HTTP/1.1" 200 2933 "-" "Mozilla/5.0 (X11; Linux x86_64) AppleWebKit/537.36"
192.168.1.100 - - [23/Aug/2025:14:22:46 +0300] "GET /search HTTP/1.1" 200 2487 "https://www.bing.com/" "Mozilla/5.0 (Windows NT 10.0; Win64; x64) AppleWebKit/537.36"
192.168.1.101 - - [23/Aug/2025:12:23:00 +0300] "GET / HTTP/1.1" 500 2050 "https://socialmedia.com/post/123" "Mozilla/5.0 (Windows NT 10.0; Win64; x64) AppleWebKit/537.36"
172.16.0.11 - - [22/Aug/2025:20:43:46 +0300] "GET / HTTP/1.1" 200 2194 "https://www.google.com/" "Googlebot/2.1 (+http://www.google.com/bot.html)"
10.0.0.51 - - [23/Aug/2025:14:55:16 +0300] "GET /products/clothing HTTP/1.1" 500 5167 "https://www.bing.com/" "Googlebot/2.1 (+http://www.google.com/bot.html)"
192.168.1.101 - - [23/Aug/2025:12:33:26 +0300] "POST / HTTP/1.1" 500 3231 "https://example.com/" "Mozilla/5.0 (Macintosh; Intel Mac OS X 10_15_7) AppleWebKit/537.36"
172.16.0.11 - - [23/Aug/2025:00:15:54 +0300] "GET / HTTP/1.1" 200 1296 "https://www.google.com/" "curl/7.68.0"
192.168.1.101 - - [23/Aug/2025:14:35:05 +0300] "GET / HTTP/1.1" 200 3864 "https://socialmedia.com/post/123" "Mozilla/5.0 (X11; Linux x86_64) AppleWebKit/537.36"
10.0.0.51 - - [22/Aug/2025:19:32:51 +0300] "GET / HTTP/1.1" 200 2608 "https://www.bing.com/" "Mozilla/5.0 (X11; Linux x86_64) AppleWebKit/537.36"
10.0.0.50 - - [23/Aug/2025:11:55:06 +0300] "GET /cart HTTP/1.1" 200 2894 "https://www.bing.com/" "Googlebot/2.1 (+http://www.google.com/bot.html)"
192.168.1.101 - - [23/Aug/2025:07:54:19 +0300] "GET /api/v1/products HTTP/1.1" 500 4390 "-" "curl/7.68.0"
10.0.0.50 - - [23/Aug/2025:08:32:43 +0300] "GET /products/books HTTP/1.1" 200 4266 "https://socialmedia.com/post/123" "Googlebot/2.1 (+http://www.google.com/bot.html)"
192.168.1.102 - - [23/Aug/2025:15:32:28 +0300] "GET /search HTTP/1.1" 200 1069 "https://socialmedia.com/post/123" "Mozilla/5.0 (Macintosh; Intel Mac OS X 10_15_7) AppleWebKit/537.36"
192.168.1.100 - - [23/Aug/2025:16:18:50 +0300] "GET / HTTP/1.1" 200 1299 "https://example.com/" "Googlebot/2.1 (+http://www.google.com/bot.html)"
10.0.0.51 - - [23/Aug/2025:00:19:30 +0300] "GET / HTTP/1.1" 304 2854 "-" "Mozilla/5.0 (Macintosh; Intel Mac OS X 10_15_7) AppleWebKit/537.36"
192.168.1.102 - - [23/Aug/2025:10:00:31 +0300] "PUT / HTTP/1.1" 200 5117 "https://example.com/" "Mozilla/5.0 (Macintosh; Intel Mac OS X 10_15_7) AppleWebKit/537.36"
192.168.1.100 - - [23/Aug/2025:06:13:24 +0300] "GET / HTTP/1.1" 200 1169 "https://www.google.com/" "Mozilla/5.0 (Macintosh; Intel Mac OS X 10_15_7) AppleWebKit/537.36"
192.168.1.101 - - [22/Aug/2025:19:50:29 +0300] "GET /api/v1/users HTTP/1.1" 304 3690 "https://www.google.com/" "Googlebot/2.1 (+http://www.google.com/bot.html)"
10.0.0.50 - - [23/Aug/2025:03:49:38 +0300] "GET /api/v1/users HTTP/1.1" 200 439 "-" "Mozilla/5.0 (X11; Linux x86_64) AppleWebKit/537.36"
10.0.0.51 - - [22/Aug/2025:23:55:11 +0300] "GET /products/electronics HTTP/1.1" 404 3442 "https://example.com/" "Mozilla/5.0 (Windows NT 10.0; Win64; x64) AppleWebKit/537.36"
172.16.0.11 - - [23/Aug/2025:16:59:29 +0300] "GET /about HTTP/1.1" 200 2532 "https://socialmedia.com/post/123" "Mozilla/5.0 (X11; Linux x86_64) AppleWebKit/537.36"
192.168.1.100 - - [23/Aug/2025:15:15:17 +0300] "GET /about HTTP/1.1" 200 3333 "https://www.google.com/" "Mozilla/5.0 (X11; Linux x86_64) AppleWebKit/537.36"
192.168.1.102 - - [22/Aug/2025:18:53:09 +0300] "GET /about HTTP/1.1" 304 2826 "https://socialmedia.com/post/123" "Googlebot/2.1 (+http://www.google.com/bot.html)"
172.16.0.10 - - [23/Aug/2025:00:01:09 +0300] "GET /products/clothing HTTP/1.1" 200 5172 "https://example.com/" "Googlebot/2.1 (+http://www.google.com/bot.html)"
10.0.0.50 - - [22/Aug/2025:20:16:22 +0300] "POST /search HTTP/1.1" 404 2006 "https://example.com/" "Googlebot/2.1 (+http://www.google.com/bot.html)"
192.168.1.101 - - [23/Aug/2025:13:35:33 +0300] "POST /admin HTTP/1.1" 500 745 "-" "Mozilla/5.0 (X11; Linux x86_64) AppleWebKit/537.36"
192.168.1.100 - - [22/Aug/2025:20:18:07 +0300] "PUT /products/clothing HTTP/1.1" 200 2513 "-" "Mozilla/5.0 (X11; Linux x86_64) AppleWebKit/537.36"
172.16.0.11 - - [23/Aug/2025:08:42:14 +0300] "GET /cart HTTP/1.1" 200 5025 "https://www.google.com/" "curl/7.68.0"
192.168.1.101 - - [23/Aug/2025:09:14:34 +0300] "POST /products/books HTTP/1.1" 404 4778 "https://www.bing.com/" "Mozilla/5.0 (X11; Linux x86_64) AppleWebKit/537.36"
10.0.0.50 - - [23/Aug/2025:05:12:49 +0300] "GET /search HTTP/1.1" 200 4537 "https://www.google.com/" "Googlebot/2.1 (+http://www.google.com/bot.html)"
10.0.0.50 - - [22/Aug/2025:20:40:33 +0300] "GET /products HTTP/1.1" 304 3980 "https://socialmedia.com/post/123" "Mozilla/5.0 (Windows NT 10.0; Win64; x64) AppleWebKit/537.36"
10.0.0.51 - - [23/Aug/2025:17:11:20 +0300] "GET /cart HTTP/1.1" 500 366 "https://socialmedia.com/post/123" "Mozilla/5.0 (Macintosh; Intel Mac OS X 10_15_7) AppleWebKit/537.36"
172.16.0.10 - - [23/Aug/2025:04:26:10 +0300] "GET /contact HTTP/1.1" 200 4602 "https://example.com/" "curl/7.68.0"
192.168.1.101 - - [22/Aug/2025:23:19:46 +0300] "GET /contact HTTP/1.1" 304 2894 "https://example.com/" "curl/7.68.0"
192.168.1.102 - - [23/Aug/2025:15:41:57 +0300] "GET / HTTP/1.1" 200 2792 "https://www.google.com/" "Mozilla/5.0 (X11; Linux x86_64) AppleWebKit/537.36"
10.0.0.50 - - [23/Aug/2025:17:09:26 +0300] "GET / HTTP/1.1" 500 2186 "https://socialmedia.com/post/123" "curl/7.68.0"
10.0.0.51 - - [23/Aug/2025:10:09:53 +0300] "GET / HTTP/1.1" 200 3135 "https://example.com/" "Mozilla/5.0 (Macintosh; Intel Mac OS X 10_15_7) AppleWebKit/537.36"
192.168.1.101 - - [23/Aug/2025:13:04:21 +0300] "POST /products HTTP/1.1" 200 1686 "https://example.com/" "Googlebot/2.1 (+http://www.google.com/bot.html)"
192.168.1.101 - - [23/Aug/2025:04:53:09 +0300] "GET /api/v1/users HTTP/1.1" 304 4254 "https://socialmedia.com/post/123" "Mozilla/5.0 (Macintosh; Intel Mac OS X 10_15_7) AppleWebKit/537.36"
10.0.0.50 - - [22/Aug/2025:17:28:58 +0300] "GET /products HTTP/1.1" 200 2268 "https://www.google.com/" "Mozilla/5.0 (Windows NT 10.0; Win64; x64) AppleWebKit/537.36"
192.168.1.101 - - [23/Aug/2025:06:28:25 +0300] "GET /about HTTP/1.1" 404 2372 "-" "Googlebot/2.1 (+http://www.google.com/bot.html)"
192.168.1.100 - - [23/Aug/2025:00:33:52 +0300] "GET /cart HTTP/1.1" 200 4981 "https://socialmedia.com/post/123" "Mozilla/5.0 (X11; Linux x86_64) AppleWebKit/537.36"
192.168.1.100 - - [23/Aug/2025:03:10:01 +0300] "GET /contact HTTP/1.1" 200 3577 "https://www.bing.com/" "Mozilla/5.0 (Windows NT 10.0; Win64; x64) AppleWebKit/537.36"
10.0.0.50 - - [23/Aug/2025:06:24:56 +0300] "GET /cart HTTP/1.1" 500 1238 "https://socialmedia.com/post/123" "Mozilla/5.0 (X11; Linux x86_64) AppleWebKit/537.36"
192.168.1.102 - - [23/Aug/2025:06:29:27 +0300] "GET /contact HTTP/1.1" 200 4949 "https://example.com/" "Googlebot/2.1 (+http://www.google.com/bot.html)"
192.168.1.101 - - [23/Aug/2025:05:44:55 +0300] "POST / HTTP/1.1" 200 5116 "https://www.google.com/" "Mozilla/5.0 (Windows NT 10.0; Win64; x64) AppleWebKit/537.36"
192.168.1.100 - - [23/Aug/2025:00:32:14 +0300] "GET / HTTP/1.1" 200 4304 "-" "Mozilla/5.0 (Windows NT 10.0; Win64; x64) AppleWebKit/537.36"
10.0.0.51 - - [23/Aug/2025:16:15:16 +0300] "GET /contact HTTP/1.1" 500 1916 "https://www.bing.com/" "Mozilla/5.0 (X11; Linux x86_64) AppleWebKit/537.36"
10.0.0.51 - - [23/Aug/2025:09:34:30 +0300] "POST / HTTP/1.1" 200 719 "https://www.google.com/" "Googlebot/2.1 (+http://www.google.com/bot.html)"
192.168.1.101 - - [23/Aug/2025:13:01:50 +0300] "POST /about HTTP/1.1" 200 3159 "-" "Mozilla/5.0 (Windows NT 10.0; Win64; x64) AppleWebKit/537.36"
192.168.1.100 - - [23/Aug/2025:11:11:19 +0300] "GET /blog/post/456 HTTP/1.1" 200 3837 "https://socialmedia.com/post/123" "Mozilla/5.0 (Macintosh; Intel Mac OS X 10_15_7) AppleWebKit/537.36"
10.0.0.51 - - [22/Aug/2025:22:15:33 +0300] "GET /products HTTP/1.1" 304 1330 "https://socialmedia.com/post/123" "curl/7.68.0"
192.168.1.102 - - [23/Aug/2025:00:05:43 +0300] "GET / HTTP/1.1" 304 974 "https://example.com/" "curl/7.68.0"
192.168.1.100 - - [23/Aug/2025:06:26:36 +0300] "GET / HTTP/1.1" 404 1850 "https://socialmedia.com/post/123" "Googlebot/2.1 (+http://www.google.com/bot.html)"
172.16.0.10 - - [22/Aug/2025:19:48:26 +0300] "GET /cart HTTP/1.1" 200 4703 "-" "Mozilla/5.0 (Macintosh; Intel Mac OS X 10_15_7) AppleWebKit/537.36"
192.168.1.100 - - [22/Aug/2025:23:53:50 +0300] "GET / HTTP/1.1" 200 527 "https://socialmedia.com/post/123" "Googlebot/2.1 (+http://www.google.com/bot.html)"
192.168.1.101 - - [22/Aug/2025:22:31:36 +0300] "GET / HTTP/1.1" 200 3464 "https://socialmedia.com/post/123" "Mozilla/5.0 (Macintosh; Intel Mac OS X 10_15_7) AppleWebKit/537.36"
172.16.0.10 - - [23/Aug/2025:09:25:21 +0300] "GET /products HTTP/1.1" 200 1308 "https://www.google.com/" "curl/7.68.0"
192.168.1.101 - - [23/Aug/2025:01:52:52 +0300] "GET /about HTTP/1.1" 200 2013 "https://socialmedia.com/post/123" "Googlebot/2.1 (+http://www.google.com/bot.html)"
172.16.0.10 - - [23/Aug/2025:12:10:05 +0300] "GET /admin HTTP/1.1" 404 2957 "https://www.bing.com/" "curl/7.68.0"
192.168.1.100 - - [23/Aug/2025:16:30:19 +0300] "PUT /about HTTP/1.1" 200 537 "https://www.google.com/" "Mozilla/5.0 (Windows NT 10.0; Win64; x64) AppleWebKit/537.36"
192.168.1.102 - - [22/Aug/2025:19:34:05 +0300] "GET /products/books HTTP/1.1" 500 982 "https://example.com/" "Googlebot/2.1 (+http://www.google.com/bot.html)"
192.168.1.102 - - [23/Aug/2025:09:51:53 +0300] "GET /products/clothing HTTP/1.1" 304 609 "https://www.google.com/" "Mozilla/5.0 (Macintosh; Intel Mac OS X 10_15_7) AppleWebKit/537.36"
172.16.0.10 - - [23/Aug/2025:13:49:52 +0300] "GET /contact HTTP/1.1" 404 603 "https://www.bing.com/" "Mozilla/5.0 (X11; Linux x86_64) AppleWebKit/537.36"
172.16.0.10 - - [23/Aug/2025:02:31:13 +0300] "POST /api/v1/users HTTP/1.1" 200 4243 "https://www.bing.com/" "Mozilla/5.0 (X11; Linux x86_64) AppleWebKit/537.36"
192.168.1.102 - - [22/Aug/2025:17:26:05 +0300] "POST /products/clothing HTTP/1.1" 200 4610 "https://socialmedia.com/post/123" "Googlebot/2.1 (+http://www.google.com/bot.html)"
192.168.1.100 - - [22/Aug/2025:18:49:15 +0300] "GET / HTTP/1.1" 304 2316 "https://socialmedia.com/post/123" "Mozilla/5.0 (Windows NT 10.0; Win64; x64) AppleWebKit/537.36"
192.168.1.102 - - [23/Aug/2025:06:20:39 +0300] "GET /cart HTTP/1.1" 500 2383 "https://socialmedia.com/post/123" "curl/7.68.0"
172.16.0.10 - - [23/Aug/2025:05:04:54 +0300] "GET /user/profile HTTP/1.1" 200 403 "https://socialmedia.com/post/123" "Mozilla/5.0 (X11; Linux x86_64) AppleWebKit/537.36"
192.168.1.101 - - [23/Aug/2025:05:12:39 +0300] "GET / HTTP/1.1" 200 2085 "https://www.google.com/" "Mozilla/5.0 (Windows NT 10.0; Win64; x64) AppleWebKit/537.36"
192.168.1.100 - - [23/Aug/2025:16:23:04 +0300] "POST / HTTP/1.1" 200 2020 "-" "curl/7.68.0"
10.0.0.50 - - [22/Aug/2025:18:41:21 +0300] "GET / HTTP/1.1" 200 4090 "https://www.bing.com/" "Mozilla/5.0 (Macintosh; Intel Mac OS X 10_15_7) AppleWebKit/537.36"
192.168.1.101 - - [23/Aug/2025:12:11:30 +0300] "GET /products HTTP/1.1" 200 5136 "https://www.bing.com/" "Mozilla/5.0 (Windows NT 10.0; Win64; x64) AppleWebKit/537.36"
10.0.0.50 - - [23/Aug/2025:14:24:30 +0300] "GET /cart HTTP/1.1" 200 4491 "https://example.com/" "Googlebot/2.1 (+http://www.google.com/bot.html)"
192.168.1.100 - - [23/Aug/2025:06:39:00 +0300] "GET /api/v1/users HTTP/1.1" 200 3635 "https://www.google.com/" "Mozilla/5.0 (X11; Linux x86_64) AppleWebKit/537.36"
172.16.0.10 - - [22/Aug/2025:20:08:05 +0300] "GET /api/v1/products HTTP/1.1" 200 4768 "https://example.com/" "Mozilla/5.0 (Windows NT 10.0; Win64; x64) AppleWebKit/537.36"
192.168.1.101 - - [22/Aug/2025:21:22:22 +0300] "GET /products/clothing HTTP/1.1" 200 2960 "https://socialmedia.com/post/123" "Mozilla/5.0 (Windows NT 10.0; Win64; x64) AppleWebKit/537.36"
192.168.1.101 - - [23/Aug/2025:08:28:04 +0300] "GET /user/profile HTTP/1.1" 200 4284 "https://socialmedia.com/post/123" "Mozilla/5.0 (Windows NT 10.0; Win64; x64) AppleWebKit/537.36"
10.0.0.50 - - [23/Aug/2025:08:17:07 +0300] "GET /products/clothing HTTP/1.1" 304 509 "-" "Mozilla/5.0 (Macintosh; Intel Mac OS X 10_15_7) AppleWebKit/537.36"
10.0.0.50 - - [22/Aug/2025:20:26:43 +0300] "GET /blog/post/123 HTTP/1.1" 304 1549 "https://www.bing.com/" "curl/7.68.0"
192.168.1.101 - - [23/Aug/2025:04:55:49 +0300] "GET / HTTP/1.1" 200 5085 "https://www.bing.com/" "curl/7.68.0"
10.0.0.51 - - [22/Aug/2025:21:50:16 +0300] "PUT / HTTP/1.1" 200 3406 "https://example.com/" "Mozilla/5.0 (X11; Linux x86_64) AppleWebKit/537.36"
192.168.1.100 - - [22/Aug/2025:19:15:22 +0300] "POST /products HTTP/1.1" 200 1281 "https://www.google.com/" "curl/7.68.0"
192.168.1.101 - - [23/Aug/2025:15:36:33 +0300] "GET / HTTP/1.1" 200 3955 "-" "Googlebot/2.1 (+http://www.google.com/bot.html)"
192.168.1.102 - - [22/Aug/2025:20:28:38 +0300] "GET / HTTP/1.1" 304 388 "https://www.bing.com/" "curl/7.68.0"
192.168.1.101 - - [23/Aug/2025:00:42:52 +0300] "GET /search HTTP/1.1" 404 3745 "https://example.com/" "curl/7.68.0"
192.168.1.100 - - [23/Aug/2025:06:28:54 +0300] "GET /about HTTP/1.1" 200 2152 "-" "Googlebot/2.1 (+http://www.google.com/bot.html)"
192.168.1.101 - - [22/Aug/2025:20:10:06 +0300] "POST /products HTTP/1.1" 500 2951 "-" "Mozilla/5.0 (X11; Linux x86_64) AppleWebKit/537.36"
192.168.1.101 - - [22/Aug/2025:19:49:18 +0300] "GET /api/v1/orders HTTP/1.1" 200 3430 "https://www.google.com/" "Mozilla/5.0 (X11; Linux x86_64) AppleWebKit/537.36"
10.0.0.51 - - [23/Aug/2025:15:39:12 +0300] "POST /user/profile HTTP/1.1" 200 1496 "-" "Mozilla/5.0 (Macintosh; Intel Mac OS X 10_15_7) AppleWebKit/537.36"
192.168.1.100 - - [23/Aug/2025:07:09:57 +0300] "GET / HTTP/1.1" 304 3379 "https://www.bing.com/" "Mozilla/5.0 (Windows NT 10.0; Win64; x64) AppleWebKit/537.36"
172.16.0.10 - - [22/Aug/2025:20:34:51 +0300] "GET /products HTTP/1.1" 200 1141 "-" "Mozilla/5.0 (Macintosh; Intel Mac OS X 10_15_7) AppleWebKit/537.36"
192.168.1.100 - - [22/Aug/2025:23:53:31 +0300] "POST /search HTTP/1.1" 200 2090 "-" "Mozilla/5.0 (Macintosh; Intel Mac OS X 10_15_7) AppleWebKit/537.36"
10.0.0.51 - - [23/Aug/2025:08:59:21 +0300] "GET /products/clothing HTTP/1.1" 200 1469 "https://www.bing.com/" "curl/7.68.0"
172.16.0.11 - - [23/Aug/2025:09:31:20 +0300] "GET /contact HTTP/1.1" 200 895 "-" "Mozilla/5.0 (X11; Linux x86_64) AppleWebKit/537.36"
192.168.1.101 - - [22/Aug/2025:17:58:06 +0300] "GET / HTTP/1.1" 404 2895 "https://www.google.com/" "Googlebot/2.1 (+http://www.google.com/bot.html)"
192.168.1.100 - - [23/Aug/2025:09:52:04 +0300] "GET / HTTP/1.1" 200 1447 "https://www.bing.com/" "Googlebot/2.1 (+http://www.google.com/bot.html)"
172.16.0.10 - - [22/Aug/2025:17:14:23 +0300] "GET /products/books HTTP/1.1" 404 502 "https://example.com/" "Mozilla/5.0 (Windows NT 10.0; Win64; x64) AppleWebKit/537.36"
192.168.1.100 - - [23/Aug/2025:05:50:43 +0300] "GET /search HTTP/1.1" 304 286 "https://example.com/" "Mozilla/5.0 (Windows NT 10.0; Win64; x64) AppleWebKit/537.36"
192.168.1.100 - - [23/Aug/2025:13:45:25 +0300] "GET /contact HTTP/1.1" 500 2461 "https://example.com/" "curl/7.68.0"
10.0.0.51 - - [22/Aug/2025:23:11:19 +0300] "GET / HTTP/1.1" 304 2505 "-" "Mozilla/5.0 (X11; Linux x86_64) AppleWebKit/537.36"
192.168.1.101 - - [22/Aug/2025:17:38:07 +0300] "POST /about HTTP/1.1" 500 1393 "https://socialmedia.com/post/123" "Mozilla/5.0 (Windows NT 10.0; Win64; x64) AppleWebKit/537.36"
10.0.0.50 - - [23/Aug/2025:05:56:27 +0300] "GET /products/clothing HTTP/1.1" 304 2704 "https://socialmedia.com/post/123" "Mozilla/5.0 (Windows NT 10.0; Win64; x64) AppleWebKit/537.36"
192.168.1.100 - - [22/Aug/2025:22:27:51 +0300] "GET /api/v1/products HTTP/1.1" 200 4867 "https://www.google.com/" "Googlebot/2.1 (+http://www.google.com/bot.html)"
172.16.0.10 - - [23/Aug/2025:06:39:52 +0300] "POST /api/v1/users HTTP/1.1" 200 1889 "https://socialmedia.com/post/123" "Mozilla/5.0 (Macintosh; Intel Mac OS X 10_15_7) AppleWebKit/537.36"
192.168.1.100 - - [23/Aug/2025:08:57:48 +0300] "POST /contact HTTP/1.1" 200 2590 "https://www.bing.com/" "Googlebot/2.1 (+http://www.google.com/bot.html)"
172.16.0.10 - - [22/Aug/2025:23:02:32 +0300] "POST /contact HTTP/1.1" 304 1339 "https://www.google.com/" "Googlebot/2.1 (+http://www.google.com/bot.html)"
10.0.0.51 - - [22/Aug/2025:17:16:16 +0300] "GET /api/v1/users HTTP/1.1" 200 1499 "https://www.bing.com/" "Mozilla/5.0 (Macintosh; Intel Mac OS X 10_15_7) AppleWebKit/537.36"
192.168.1.101 - - [23/Aug/2025:03:08:42 +0300] "PUT /user/profile HTTP/1.1" 304 382 "-" "Mozilla/5.0 (Windows NT 10.0; Win64; x64) AppleWebKit/537.36"
192.168.1.100 - - [22/Aug/2025:23:08:47 +0300] "GET /api/v1/users HTTP/1.1" 200 2565 "https://www.google.com/" "curl/7.68.0"
192.168.1.102 - - [23/Aug/2025:07:51:28 +0300] "GET /about HTTP/1.1" 200 3126 "-" "Mozilla/5.0 (Windows NT 10.0; Win64; x64) AppleWebKit/537.36"
192.168.1.102 - - [23/Aug/2025:16:41:16 +0300] "GET / HTTP/1.1" 304 3184 "https://www.google.com/" "Googlebot/2.1 (+http://www.google.com/bot.html)"
192.168.1.100 - - [23/Aug/2025:07:59:49 +0300] "GET /api/v1/users HTTP/1.1" 200 2461 "https://socialmedia.com/post/123" "Mozilla/5.0 (Windows NT 10.0; Win64; x64) AppleWebKit/537.36"
192.168.1.101 - - [23/Aug/2025:04:38:03 +0300] "GET / HTTP/1.1" 200 1190 "https://www.google.com/" "Mozilla/5.0 (Macintosh; Intel Mac OS X 10_15_7) AppleWebKit/537.36"
192.168.1.101 - - [23/Aug/2025:16:07:09 +0300] "GET /checkout HTTP/1.1" 200 3182 "https://www.google.com/" "curl/7.68.0"
10.0.0.50 - - [23/Aug/2025:01:51:33 +0300] "GET /products/clothing HTTP/1.1" 304 4641 "https://example.com/" "Mozilla/5.0 (X11; Linux x86_64) AppleWebKit/537.36"
192.168.1.102 - - [23/Aug/2025:11:15:31 +0300] "GET /contact HTTP/1.1" 500 3921 "-" "Googlebot/2.1 (+http://www.google.com/bot.html)"
192.168.1.100 - - [22/Aug/2025:19:18:56 +0300] "GET / HTTP/1.1" 304 2361 "-" "Googlebot/2.1 (+http://www.google.com/bot.html)"
10.0.0.50 - - [23/Aug/2025:00:44:40 +0300] "GET / HTTP/1.1" 200 4800 "https://example.com/" "Mozilla/5.0 (Macintosh; Intel Mac OS X 10_15_7) AppleWebKit/537.36"
192.168.1.101 - - [23/Aug/2025:09:15:25 +0300] "GET /api/v1/orders HTTP/1.1" 304 3989 "-" "Mozilla/5.0 (Macintosh; Intel Mac OS X 10_15_7) AppleWebKit/537.36"
10.0.0.50 - - [22/Aug/2025:21:29:45 +0300] "GET / HTTP/1.1" 200 681 "https://example.com/" "Mozilla/5.0 (X11; Linux x86_64) AppleWebKit/537.36"
192.168.1.100 - - [23/Aug/2025:12:15:22 +0300] "POST /checkout HTTP/1.1" 200 2384 "https://socialmedia.com/post/123" "Googlebot/2.1 (+http://www.google.com/bot.html)"
192.168.1.101 - - [23/Aug/2025:09:26:21 +0300] "GET /checkout HTTP/1.1" 404 2232 "https://www.google.com/" "Mozilla/5.0 (X11; Linux x86_64) AppleWebKit/537.36"
10.0.0.51 - - [23/Aug/2025:00:14:27 +0300] "POST /cart HTTP/1.1" 200 3009 "https://socialmedia.com/post/123" "Mozilla/5.0 (X11; Linux x86_64) AppleWebKit/537.36"
192.168.1.101 - - [23/Aug/2025:14:03:33 +0300] "GET /products/electronics HTTP/1.1" 500 1617 "-" "Mozilla/5.0 (Macintosh; Intel Mac OS X 10_15_7) AppleWebKit/537.36"
192.168.1.102 - - [23/Aug/2025:08:31:36 +0300] "GET / HTTP/1.1" 404 1460 "https://example.com/" "curl/7.68.0"
192.168.1.100 - - [23/Aug/2025:11:49:56 +0300] "GET / HTTP/1.1" 200 247 "https://www.bing.com/" "Mozilla/5.0 (Windows NT 10.0; Win64; x64) AppleWebKit/537.36"
192.168.1.100 - - [23/Aug/2025:13:31:23 +0300] "GET / HTTP/1.1" 404 2522 "https://socialmedia.com/post/123" "Googlebot/2.1 (+http://www.google.com/bot.html)"
10.0.0.51 - - [23/Aug/2025:13:34:55 +0300] "GET / HTTP/1.1" 200 2823 "https://www.bing.com/" "Googlebot/2.1 (+http://www.google.com/bot.html)"
172.16.0.11 - - [23/Aug/2025:13:09:57 +0300] "GET /contact HTTP/1.1" 200 3612 "-" "curl/7.68.0"
192.168.1.100 - - [23/Aug/2025:10:57:20 +0300] "PUT /contact HTTP/1.1" 500 2514 "https://www.google.com/" "Mozilla/5.0 (Macintosh; Intel Mac OS X 10_15_7) AppleWebKit/537.36"
192.168.1.101 - - [23/Aug/2025:01:50:41 +0300] "POST /products HTTP/1.1" 200 2768 "https://www.google.com/" "Mozilla/5.0 (Windows NT 10.0; Win64; x64) AppleWebKit/537.36"
192.168.1.101 - - [22/Aug/2025:19:06:54 +0300] "GET /contact HTTP/1.1" 200 4017 "https://www.bing.com/" "Mozilla/5.0 (X11; Linux x86_64) AppleWebKit/537.36"
192.168.1.100 - - [22/Aug/2025:20:53:16 +0300] "GET /admin HTTP/1.1" 200 1324 "-" "Mozilla/5.0 (X11; Linux x86_64) AppleWebKit/537.36"
10.0.0.50 - - [22/Aug/2025:17:22:35 +0300] "GET /api/v1/orders HTTP/1.1" 200 4186 "-" "Googlebot/2.1 (+http://www.google.com/bot.html)"
172.16.0.10 - - [23/Aug/2025:09:03:44 +0300] "GET / HTTP/1.1" 200 1111 "https://www.google.com/" "Googlebot/2.1 (+http://www.google.com/bot.html)"
10.0.0.51 - - [22/Aug/2025:23:27:03 +0300] "GET /products HTTP/1.1" 200 2624 "https://socialmedia.com/post/123" "Mozilla/5.0 (X11; Linux x86_64) AppleWebKit/537.36"
10.0.0.50 - - [23/Aug/2025:13:27:28 +0300] "GET / HTTP/1.1" 404 1018 "-" "curl/7.68.0"
192.168.1.101 - - [23/Aug/2025:07:43:10 +0300] "GET /admin HTTP/1.1" 304 301 "-" "Mozilla/5.0 (Windows NT 10.0; Win64; x64) AppleWebKit/537.36"
192.168.1.101 - - [23/Aug/2025:11:31:23 +0300] "GET /contact HTTP/1.1" 200 2782 "https://example.com/" "Mozilla/5.0 (Windows NT 10.0; Win64; x64) AppleWebKit/537.36"
192.168.1.100 - - [23/Aug/2025:11:53:40 +0300] "GET /products/electronics HTTP/1.1" 200 4706 "https://socialmedia.com/post/123" "curl/7.68.0"
172.16.0.11 - - [22/Aug/2025:21:23:34 +0300] "GET /products/electronics HTTP/1.1" 200 444 "https://www.google.com/" "Mozilla/5.0 (Macintosh; Intel Mac OS X 10_15_7) AppleWebKit/537.36"
192.168.1.100 - - [23/Aug/2025:14:23:06 +0300] "GET /api/v1/users HTTP/1.1" 200 500 "https://www.google.com/" "Mozilla/5.0 (Macintosh; Intel Mac OS X 10_15_7) AppleWebKit/537.36"
10.0.0.50 - - [23/Aug/2025:13:11:20 +0300] "GET /search HTTP/1.1" 500 3860 "https://example.com/" "Mozilla/5.0 (X11; Linux x86_64) AppleWebKit/537.36"
192.168.1.102 - - [22/Aug/2025:20:23:51 +0300] "GET / HTTP/1.1" 500 2024 "-" "Mozilla/5.0 (X11; Linux x86_64) AppleWebKit/537.36"
172.16.0.11 - - [22/Aug/2025:18:07:40 +0300] "POST /api/v1/products HTTP/1.1" 200 552 "https://www.bing.com/" "Googlebot/2.1 (+http://www.google.com/bot.html)"
192.168.1.102 - - [23/Aug/2025:03:26:06 +0300] "GET /admin HTTP/1.1" 200 3868 "https://www.bing.com/" "Mozilla/5.0 (Macintosh; Intel Mac OS X 10_15_7) AppleWebKit/537.36"
10.0.0.51 - - [23/Aug/2025:08:16:11 +0300] "POST /products HTTP/1.1" 200 4818 "https://socialmedia.com/post/123" "Mozilla/5.0 (Macintosh; Intel Mac OS X 10_15_7) AppleWebKit/537.36"
192.168.1.100 - - [23/Aug/2025:08:18:02 +0300] "GET / HTTP/1.1" 200 3413 "https://example.com/" "Googlebot/2.1 (+http://www.google.com/bot.html)"
192.168.1.101 - - [23/Aug/2025:09:28:09 +0300] "GET /products/books HTTP/1.1" 200 2268 "https://socialmedia.com/post/123" "Googlebot/2.1 (+http://www.google.com/bot.html)"
172.16.0.10 - - [23/Aug/2025:02:49:25 +0300] "GET /products HTTP/1.1" 500 3377 "https://example.com/" "Mozilla/5.0 (Macintosh; Intel Mac OS X 10_15_7) AppleWebKit/537.36"
172.16.0.10 - - [23/Aug/2025:00:03:27 +0300] "GET / HTTP/1.1" 200 3055 "https://www.google.com/" "Mozilla/5.0 (Macintosh; Intel Mac OS X 10_15_7) AppleWebKit/537.36"
192.168.1.102 - - [23/Aug/2025:12:03:16 +0300] "POST / HTTP/1.1" 200 2378 "https://socialmedia.com/post/123" "Mozilla/5.0 (Windows NT 10.0; Win64; x64) AppleWebKit/537.36"
10.0.0.51 - - [23/Aug/2025:15:40:21 +0300] "GET /cart HTTP/1.1" 200 767 "https://socialmedia.com/post/123" "Mozilla/5.0 (Windows NT 10.0; Win64; x64) AppleWebKit/537.36"
10.0.0.51 - - [23/Aug/2025:11:57:18 +0300] "GET /about HTTP/1.1" 200 826 "https://socialmedia.com/post/123" "curl/7.68.0"
192.168.1.100 - - [23/Aug/2025:10:31:13 +0300] "GET / HTTP/1.1" 500 4754 "https://www.bing.com/" "Googlebot/2.1 (+http://www.google.com/bot.html)"
192.168.1.100 - - [23/Aug/2025:05:30:48 +0300] "GET /cart HTTP/1.1" 200 575 "-" "Googlebot/2.1 (+http://www.google.com/bot.html)"
192.168.1.100 - - [23/Aug/2025:04:07:11 +0300] "GET /products/books HTTP/1.1" 200 2148 "https://socialmedia.com/post/123" "Mozilla/5.0 (Windows NT 10.0; Win64; x64) AppleWebKit/537.36"
172.16.0.10 - - [23/Aug/2025:06:44:16 +0300] "GET /cart HTTP/1.1" 200 1033 "https://www.bing.com/" "Mozilla/5.0 (Macintosh; Intel Mac OS X 10_15_7) AppleWebKit/537.36"
10.0.0.50 - - [23/Aug/2025:00:51:41 +0300] "GET / HTTP/1.1" 200 3109 "-" "Mozilla/5.0 (X11; Linux x86_64) AppleWebKit/537.36"
10.0.0.51 - - [23/Aug/2025:06:15:59 +0300] "GET /products/electronics HTTP/1.1" 200 2790 "https://example.com/" "Mozilla/5.0 (X11; Linux x86_64) AppleWebKit/537.36"
172.16.0.11 - - [23/Aug/2025:06:14:25 +0300] "GET /search HTTP/1.1" 200 2575 "https://socialmedia.com/post/123" "Mozilla/5.0 (X11; Linux x86_64) AppleWebKit/537.36"
10.0.0.51 - - [22/Aug/2025:18:14:22 +0300] "GET /contact HTTP/1.1" 200 4986 "https://example.com/" "Mozilla/5.0 (Windows NT 10.0; Win64; x64) AppleWebKit/537.36"
192.168.1.101 - - [23/Aug/2025:00:51:44 +0300] "GET / HTTP/1.1" 404 1446 "-" "Mozilla/5.0 (Windows NT 10.0; Win64; x64) AppleWebKit/537.36"
192.168.1.101 - - [23/Aug/2025:12:30:43 +0300] "POST /api/v1/users HTTP/1.1" 200 356 "https://www.bing.com/" "Googlebot/2.1 (+http://www.google.com/bot.html)"
10.0.0.50 - - [23/Aug/2025:16:46:11 +0300] "GET /cart HTTP/1.1" 200 1599 "-" "Mozilla/5.0 (X11; Linux x86_64) AppleWebKit/537.36"
172.16.0.11 - - [23/Aug/2025:08:01:24 +0300] "GET /products HTTP/1.1" 404 4792 "https://www.bing.com/" "Mozilla/5.0 (Macintosh; Intel Mac OS X 10_15_7) AppleWebKit/537.36"
192.168.1.102 - - [22/Aug/2025:20:39:48 +0300] "GET / HTTP/1.1" 304 2624 "https://www.google.com/" "Mozilla/5.0 (Windows NT 10.0; Win64; x64) AppleWebKit/537.36"
192.168.1.102 - - [23/Aug/2025:06:24:29 +0300] "GET / HTTP/1.1" 200 3135 "https://www.bing.com/" "Mozilla/5.0 (Macintosh; Intel Mac OS X 10_15_7) AppleWebKit/537.36"
192.168.1.102 - - [23/Aug/2025:07:35:04 +0300] "PUT /products HTTP/1.1" 200 2107 "https://example.com/" "Googlebot/2.1 (+http://www.google.com/bot.html)"
192.168.1.101 - - [23/Aug/2025:12:58:34 +0300] "GET /products/books HTTP/1.1" 200 4136 "https://socialmedia.com/post/123" "Googlebot/2.1 (+http://www.google.com/bot.html)"
192.168.1.102 - - [22/Aug/2025:23:30:00 +0300] "GET / HTTP/1.1" 200 5117 "-" "Googlebot/2.1 (+http://www.google.com/bot.html)"
192.168.1.100 - - [22/Aug/2025:21:21:47 +0300] "POST /api/v1/users HTTP/1.1" 200 3323 "https://example.com/" "Mozilla/5.0 (Macintosh; Intel Mac OS X 10_15_7) AppleWebKit/537.36"
192.168.1.100 - - [23/Aug/2025:13:29:05 +0300] "GET /products HTTP/1.1" 200 4837 "-" "curl/7.68.0"
192.168.1.100 - - [22/Aug/2025:18:12:29 +0300] "POST /products HTTP/1.1" 200 5076 "https://socialmedia.com/post/123" "Mozilla/5.0 (Macintosh; Intel Mac OS X 10_15_7) AppleWebKit/537.36"
192.168.1.100 - - [22/Aug/2025:17:46:21 +0300] "GET /contact HTTP/1.1" 500 4753 "https://www.bing.com/" "curl/7.68.0"
10.0.0.50 - - [23/Aug/2025:12:50:53 +0300] "GET /about HTTP/1.1" 200 3074 "https://www.bing.com/" "Mozilla/5.0 (X11; Linux x86_64) AppleWebKit/537.36"
192.168.1.101 - - [23/Aug/2025:08:22:00 +0300] "GET /contact HTTP/1.1" 304 3230 "https://socialmedia.com/post/123" "Mozilla/5.0 (Macintosh; Intel Mac OS X 10_15_7) AppleWebKit/537.36"
192.168.1.100 - - [23/Aug/2025:15:26:32 +0300] "POST /about HTTP/1.1" 200 3896 "-" "Mozilla/5.0 (Windows NT 10.0; Win64; x64) AppleWebKit/537.36"
172.16.0.11 - - [23/Aug/2025:06:00:59 +0300] "GET /checkout HTTP/1.1" 200 4771 "https://www.google.com/" "curl/7.68.0"
10.0.0.50 - - [23/Aug/2025:04:16:27 +0300] "GET / HTTP/1.1" 200 611 "-" "Mozilla/5.0 (Macintosh; Intel Mac OS X 10_15_7) AppleWebKit/537.36"
10.0.0.50 - - [23/Aug/2025:17:08:43 +0300] "POST /contact HTTP/1.1" 200 4051 "https://socialmedia.com/post/123" "Mozilla/5.0 (X11; Linux x86_64) AppleWebKit/537.36"
192.168.1.102 - - [22/Aug/2025:17:52:45 +0300] "GET /products/clothing HTTP/1.1" 200 1125 "-" "Mozilla/5.0 (Windows NT 10.0; Win64; x64) AppleWebKit/537.36"
172.16.0.10 - - [23/Aug/2025:00:25:31 +0300] "PUT / HTTP/1.1" 304 2409 "-" "Mozilla/5.0 (Windows NT 10.0; Win64; x64) AppleWebKit/537.36"
192.168.1.102 - - [23/Aug/2025:14:03:52 +0300] "GET /products/electronics HTTP/1.1" 200 4998 "https://example.com/" "curl/7.68.0"
172.16.0.11 - - [23/Aug/2025:04:02:03 +0300] "GET /contact HTTP/1.1" 200 2880 "https://www.bing.com/" "Mozilla/5.0 (X11; Linux x86_64) AppleWebKit/537.36"
192.168.1.102 - - [23/Aug/2025:12:08:35 +0300] "GET /products/electronics HTTP/1.1" 404 238 "https://www.bing.com/" "Mozilla/5.0 (Windows NT 10.0; Win64; x64) AppleWebKit/537.36"
192.168.1.101 - - [22/Aug/2025:23:45:54 +0300] "GET /products HTTP/1.1" 304 1156 "-" "Mozilla/5.0 (Macintosh; Intel Mac OS X 10_15_7) AppleWebKit/537.36"
172.16.0.12 - - [23/Aug/2025:08:26:35 +0300] "GET /about HTTP/1.1" 200 3746 "https://socialmedia.com/post/123" "Googlebot/2.1 (+http://www.google.com/bot.html)"
192.168.1.100 - - [23/Aug/2025:04:55:58 +0300] "GET /api/v1/users HTTP/1.1" 200 313 "https://socialmedia.com/post/123" "curl/7.68.0"
172.16.0.10 - - [22/Aug/2025:21:28:56 +0300] "GET / HTTP/1.1" 500 1277 "https://example.com/" "curl/7.68.0"
192.168.1.100 - - [22/Aug/2025:22:50:38 +0300] "GET / HTTP/1.1" 200 4139 "https://www.bing.com/" "curl/7.68.0"
10.0.0.51 - - [22/Aug/2025:19:34:51 +0300] "GET / HTTP/1.1" 304 851 "https://www.google.com/" "Mozilla/5.0 (Macintosh; Intel Mac OS X 10_15_7) AppleWebKit/537.36"
192.168.1.100 - - [23/Aug/2025:16:07:00 +0300] "POST /user/profile HTTP/1.1" 200 3972 "https://socialmedia.com/post/123" "curl/7.68.0"
10.0.0.50 - - [22/Aug/2025:18:03:22 +0300] "PUT / HTTP/1.1" 200 755 "https://example.com/" "curl/7.68.0"
192.168.1.102 - - [22/Aug/2025:17:28:38 +0300] "GET /products/books HTTP/1.1" 404 1142 "-" "Mozilla/5.0 (Windows NT 10.0; Win64; x64) AppleWebKit/537.36"
10.0.0.51 - - [23/Aug/2025:04:05:08 +0300] "POST / HTTP/1.1" 404 4583 "https://www.google.com/" "Googlebot/2.1 (+http://www.google.com/bot.html)"
10.0.0.50 - - [22/Aug/2025:23:22:38 +0300] "GET /products/electronics HTTP/1.1" 200 4878 "https://www.google.com/" "Mozilla/5.0 (Macintosh; Intel Mac OS X 10_15_7) AppleWebKit/537.36"
10.0.0.51 - - [22/Aug/2025:23:47:21 +0300] "POST /contact HTTP/1.1" 200 4819 "-" "Mozilla/5.0 (Macintosh; Intel Mac OS X 10_15_7) AppleWebKit/537.36"
192.168.1.101 - - [23/Aug/2025:14:06:27 +0300] "GET /about HTTP/1.1" 200 2192 "https://www.bing.com/" "Mozilla/5.0 (Macintosh; Intel Mac OS X 10_15_7) AppleWebKit/537.36"
10.0.0.50 - - [23/Aug/2025:08:15:38 +0300] "GET / HTTP/1.1" 200 1262 "https://www.bing.com/" "Mozilla/5.0 (Macintosh; Intel Mac OS X 10_15_7) AppleWebKit/537.36"
192.168.1.100 - - [22/Aug/2025:19:29:59 +0300] "POST /about HTTP/1.1" 404 1425 "https://www.google.com/" "Mozilla/5.0 (X11; Linux x86_64) AppleWebKit/537.36"
192.168.1.100 - - [22/Aug/2025:23:24:23 +0300] "GET / HTTP/1.1" 404 4073 "https://example.com/" "Mozilla/5.0 (Windows NT 10.0; Win64; x64) AppleWebKit/537.36"
10.0.0.50 - - [23/Aug/2025:06:57:12 +0300] "POST / HTTP/1.1" 200 2810 "-" "Googlebot/2.1 (+http://www.google.com/bot.html)"
192.168.1.100 - - [23/Aug/2025:02:00:21 +0300] "GET / HTTP/1.1" 200 3035 "-" "Googlebot/2.1 (+http://www.google.com/bot.html)"
192.168.1.100 - - [23/Aug/2025:03:08:05 +0300] "GET /about HTTP/1.1" 200 724 "https://www.bing.com/" "Googlebot/2.1 (+http://www.google.com/bot.html)"
192.168.1.101 - - [23/Aug/2025:04:41:27 +0300] "POST /contact HTTP/1.1" 500 2628 "https://example.com/" "Googlebot/2.1 (+http://www.google.com/bot.html)"
192.168.1.101 - - [23/Aug/2025:10:56:07 +0300] "GET /about HTTP/1.1" 200 1732 "https://www.bing.com/" "Mozilla/5.0 (Windows NT 10.0; Win64; x64) AppleWebKit/537.36"
192.168.1.101 - - [23/Aug/2025:16:12:21 +0300] "GET /contact HTTP/1.1" 200 5114 "https://example.com/" "Mozilla/5.0 (Windows NT 10.0; Win64; x64) AppleWebKit/537.36"
192.168.1.102 - - [23/Aug/2025:05:45:47 +0300] "POST /about HTTP/1.1" 304 1477 "-" "Googlebot/2.1 (+http://www.google.com/bot.html)"
10.0.0.51 - - [23/Aug/2025:03:41:01 +0300] "GET /api/v1/users HTTP/1.1" 200 4110 "https://www.bing.com/" "Mozilla/5.0 (Macintosh; Intel Mac OS X 10_15_7) AppleWebKit/537.36"
192.168.1.100 - - [22/Aug/2025:18:51:05 +0300] "POST /products/electronics HTTP/1.1" 200 3686 "-" "Mozilla/5.0 (X11; Linux x86_64) AppleWebKit/537.36"
192.168.1.101 - - [22/Aug/2025:18:58:44 +0300] "PUT / HTTP/1.1" 200 2704 "-" "Mozilla/5.0 (Windows NT 10.0; Win64; x64) AppleWebKit/537.36"
192.168.1.100 - - [23/Aug/2025:05:36:39 +0300] "GET /products/clothing HTTP/1.1" 500 3707 "https://example.com/" "Mozilla/5.0 (Windows NT 10.0; Win64; x64) AppleWebKit/537.36"
10.0.0.51 - - [23/Aug/2025:10:36:54 +0300] "GET /about HTTP/1.1" 304 2994 "https://example.com/" "Mozilla/5.0 (Macintosh; Intel Mac OS X 10_15_7) AppleWebKit/537.36"
192.168.1.100 - - [23/Aug/2025:00:54:51 +0300] "GET /cart HTTP/1.1" 404 2848 "https://example.com/" "Mozilla/5.0 (Windows NT 10.0; Win64; x64) AppleWebKit/537.36"
192.168.1.102 - - [23/Aug/2025:10:22:56 +0300] "GET /api/v1/users HTTP/1.1" 200 1642 "https://socialmedia.com/post/123" "Mozilla/5.0 (X11; Linux x86_64) AppleWebKit/537.36"
10.0.0.50 - - [23/Aug/2025:08:41:43 +0300] "GET /admin HTTP/1.1" 200 2783 "https://socialmedia.com/post/123" "Mozilla/5.0 (X11; Linux x86_64) AppleWebKit/537.36"
192.168.1.102 - - [23/Aug/2025:00:57:42 +0300] "GET /products HTTP/1.1" 200 449 "https://socialmedia.com/post/123" "curl/7.68.0"
192.168.1.100 - - [23/Aug/2025:15:11:20 +0300] "GET /about HTTP/1.1" 200 1543 "https://socialmedia.com/post/123" "Googlebot/2.1 (+http://www.google.com/bot.html)"
192.168.1.101 - - [23/Aug/2025:07:14:16 +0300] "POST /user/profile HTTP/1.1" 200 4474 "https://socialmedia.com/post/123" "curl/7.68.0"
192.168.1.101 - - [23/Aug/2025:10:38:45 +0300] "POST /blog/post/123 HTTP/1.1" 200 1371 "-" "curl/7.68.0"
192.168.1.101 - - [23/Aug/2025:12:23:42 +0300] "GET / HTTP/1.1" 404 3204 "https://www.bing.com/" "Mozilla/5.0 (Windows NT 10.0; Win64; x64) AppleWebKit/537.36"
10.0.0.51 - - [22/Aug/2025:23:01:04 +0300] "POST / HTTP/1.1" 200 1091 "https://socialmedia.com/post/123" "Mozilla/5.0 (X11; Linux x86_64) AppleWebKit/537.36"
192.168.1.102 - - [23/Aug/2025:04:33:34 +0300] "GET / HTTP/1.1" 200 238 "https://example.com/" "Googlebot/2.1 (+http://www.google.com/bot.html)"
172.16.0.12 - - [23/Aug/2025:01:49:11 +0300] "POST /products/clothing HTTP/1.1" 200 3564 "https://www.google.com/" "curl/7.68.0"
192.168.1.100 - - [22/Aug/2025:23:57:50 +0300] "GET /cart HTTP/1.1" 200 3727 "https://example.com/" "Googlebot/2.1 (+http://www.google.com/bot.html)"
192.168.1.102 - - [23/Aug/2025:16:03:04 +0300] "GET /products HTTP/1.1" 200 3606 "-" "Mozilla/5.0 (X11; Linux x86_64) AppleWebKit/537.36"
172.16.0.12 - - [23/Aug/2025:09:55:33 +0300] "GET /about HTTP/1.1" 500 2726 "https://example.com/" "Mozilla/5.0 (Windows NT 10.0; Win64; x64) AppleWebKit/537.36"
172.16.0.12 - - [23/Aug/2025:03:31:51 +0300] "GET /products HTTP/1.1" 200 1025 "-" "Mozilla/5.0 (Windows NT 10.0; Win64; x64) AppleWebKit/537.36"
192.168.1.101 - - [23/Aug/2025:12:35:40 +0300] "GET / HTTP/1.1" 200 3773 "https://example.com/" "Mozilla/5.0 (X11; Linux x86_64) AppleWebKit/537.36"
10.0.0.50 - - [23/Aug/2025:08:01:47 +0300] "GET / HTTP/1.1" 200 4566 "https://www.bing.com/" "curl/7.68.0"
10.0.0.50 - - [23/Aug/2025:16:27:50 +0300] "GET /api/v1/users HTTP/1.1" 200 2157 "https://www.bing.com/" "Googlebot/2.1 (+http://www.google.com/bot.html)"
10.0.0.50 - - [23/Aug/2025:15:52:03 +0300] "GET / HTTP/1.1" 200 1053 "https://socialmedia.com/post/123" "Mozilla/5.0 (Macintosh; Intel Mac OS X 10_15_7) AppleWebKit/537.36"
192.168.1.100 - - [23/Aug/2025:02:49:28 +0300] "POST /products HTTP/1.1" 500 4814 "https://example.com/" "curl/7.68.0"
192.168.1.102 - - [23/Aug/2025:02:23:01 +0300] "GET /search HTTP/1.1" 200 5110 "https://www.google.com/" "Mozilla/5.0 (Windows NT 10.0; Win64; x64) AppleWebKit/537.36"
192.168.1.101 - - [23/Aug/2025:06:47:03 +0300] "GET /api/v1/users HTTP/1.1" 304 2117 "https://www.bing.com/" "Googlebot/2.1 (+http://www.google.com/bot.html)"
192.168.1.100 - - [22/Aug/2025:23:10:21 +0300] "GET /products HTTP/1.1" 200 4780 "https://www.bing.com/" "Mozilla/5.0 (Windows NT 10.0; Win64; x64) AppleWebKit/537.36"
192.168.1.100 - - [23/Aug/2025:01:52:48 +0300] "GET / HTTP/1.1" 200 1948 "-" "Mozilla/5.0 (X11; Linux x86_64) AppleWebKit/537.36"
172.16.0.11 - - [22/Aug/2025:22:01:50 +0300] "GET /products/electronics HTTP/1.1" 404 1999 "https://www.bing.com/" "Mozilla/5.0 (X11; Linux x86_64) AppleWebKit/537.36"
172.16.0.10 - - [23/Aug/2025:13:05:38 +0300] "PUT /contact HTTP/1.1" 200 3480 "-" "curl/7.68.0"
