192.168.1.101 - - [22/Aug/2025:20:52:43 +0300] "GET /products HTTP/1.1" 200 494 "https://www.google.com/" "Mozilla/5.0 (Windows NT 10.0; Win64; x64) AppleWebKit/537.36"
10.0.0.51 - - [23/Aug/2025:11:09:54 +0300] "GET / HTTP/1.1" 500 2676 "https://socialmedia.com/post/123" "Mozilla/5.0 (Macintosh; Intel Mac OS X 10_15_7) AppleWebKit/537.36"
192.168.1.100 - - [22/Aug/2025:21:00:33 +0300] "GET /api/v1/users HTTP/1.1" 500 5156 "https://socialmedia.com/post/123" "Googlebot/2.1 (+http://www.google.com/bot.html)"
10.0.0.51 - - [23/Aug/2025:12:02:07 +0300] "GET /user/profile HTTP/1.1" 200 1720 "https://www.bing.com/" "Mozilla/5.0 (Windows NT 10.0; Win64; x64) AppleWebKit/537.36"
192.168.1.101 - - [22/Aug/2025:20:52:54 +0300] "GET /products/electronics HTTP/1.1" 304 579 "-" "curl/7.68.0"
192.168.1.101 - - [22/Aug/2025:20:18:23 +0300] "GET /about HTTP/1.1" 304 2886 "-" "curl/7.68.0"
192.168.1.101 - - [22/Aug/2025:22:19:31 +0300] "POST /contact HTTP/1.1" 404 216 "https://example.com/" "Mozilla/5.0 (Windows NT 10.0; Win64; x64) AppleWebKit/537.36"
172.16.0.11 - - [23/Aug/2025:10:05:21 +0300] "PUT /api/v1/orders HTTP/1.1" 500 3149 "https://example.com/" "Mozilla/5.0 (Macintosh; Intel Mac OS X 10_15_7) AppleWebKit/537.36"
10.0.0.50 - - [23/Aug/2025:00:16:16 +0300] "POST / HTTP/1.1" 200 2719 "https://www.google.com/" "curl/7.68.0"
192.168.1.100 - - [23/Aug/2025:09:10:25 +0300] "POST / HTTP/1.1" 200 3884 "https://www.bing.com/" "Mozilla/5.0 (X11; Linux x86_64) AppleWebKit/537.36"
192.168.1.101 - - [23/Aug/2025:09:19:41 +0300] "GET /contact HTTP/1.1" 200 4353 "https://www.bing.com/" "Mozilla/5.0 (Windows NT 10.0; Win64; x64) AppleWebKit/537.36"
192.168.1.101 - - [23/Aug/2025:03:47:30 +0300] "GET /user/profile HTTP/1.1" 404 4092 "https://example.com/" "Googlebot/2.1 (+http://www.google.com/bot.html)"
192.168.1.100 - - [23/Aug/2025:11:57:48 +0300] "GET /products/electronics HTTP/1.1" 200 3837 "-" "Mozilla/5.0 (X11; Linux x86_64) AppleWebKit/537.36"
192.168.1.100 - - [23/Aug/2025:08:10:15 +0300] "GET /search HTTP/1.1" 404 3465 "-" "Mozilla/5.0 (Macintosh; Intel Mac OS X 10_15_7) AppleWebKit/537.36"
192.168.1.101 - - [23/Aug/2025:15:52:09 +0300] "GET /products HTTP/1.1" 200 816 "https://socialmedia.com/post/123" "Mozilla/5.0 (Macintosh; Intel Mac OS X 10_15_7) AppleWebKit/537.36"
192.168.1.102 - - [23/Aug/2025:13:46:50 +0300] "GET /api/v1/users HTTP/1.1" 200 1199 "https://www.bing.com/" "Mozilla/5.0 (Macintosh; Intel Mac OS X 10_15_7) AppleWebKit/537.36"
192.168.1.101 - - [23/Aug/2025:02:28:49 +0300] "GET /admin HTTP/1.1" 304 3187 "https://www.bing.com/" "Mozilla/5.0 (Macintosh; Intel Mac OS X 10_15_7) AppleWebKit/537.36"
192.168.1.102 - - [23/Aug/2025:06:41:32 +0300] "GET /products HTTP/1.1" 304 3497 "https://socialmedia.com/post/123" "Googlebot/2.1 (+http://www.google.com/bot.html)"
10.0.0.50 - - [23/Aug/2025:07:51:06 +0300] "GET /about HTTP/1.1" 404 4710 "https://socialmedia.com/post/123" "Mozilla/5.0 (Windows NT 10.0; Win64; x64) AppleWebKit/537.36"
192.168.1.100 - - [23/Aug/2025:11:24:10 +0300] "GET /products HTTP/1.1" 200 2770 "https://www.google.com/" "Mozilla/5.0 (X11; Linux x86_64) AppleWebKit/537.36"
192.168.1.100 - - [22/Aug/2025:17:18:31 +0300] "GET /products HTTP/1.1" 500 2170 "-" "Mozilla/5.0 (Windows NT 10.0; Win64; x64) AppleWebKit/537.36"
192.168.1.101 - - [23/Aug/2025:07:32:32 +0300] "GET /about HTTP/1.1" 200 3393 "https://example.com/" "Googlebot/2.1 (+http://www.google.com/bot.html)"
192.168.1.100 - - [23/Aug/2025:05:04:30 +0300] "GET /api/v1/products HTTP/1.1" 500 1864 "https://example.com/" "Mozilla/5.0 (Windows NT 10.0; Win64; x64) AppleWebKit/537.36"
10.0.0.50 - - [22/Aug/2025:21:02:21 +0300] "GET /api/v1/users HTTP/1.1" 200 1777 "https://www.bing.com/" "Googlebot/2.1 (+http://www.google.com/bot.html)"
172.16.0.12 - - [23/Aug/2025:04:42:22 +0300] "GET / HTTP/1.1" 404 336 "-" "Mozilla/5.0 (Macintosh; Intel Mac OS X 10_15_7) AppleWebKit/537.36"
10.0.0.50 - - [22/Aug/2025:20:29:07 +0300] "GET /about HTTP/1.1" 200 4236 "https://example.com/" "Mozilla/5.0 (Macintosh; Intel Mac OS X 10_15_7) AppleWebKit/537.36"
192.168.1.100 - - [23/Aug/2025:07:15:54 +0300] "POST /search HTTP/1.1" 200 393 "https://www.bing.com/" "curl/7.68.0"
192.168.1.101 - - [23/Aug/2025:05:21:05 +0300] "GET /products HTTP/1.1" 200 4716 "https://socialmedia.com/post/123" "Mozilla/5.0 (Windows NT 10.0; Win64; x64) AppleWebKit/537.36"
172.16.0.12 - - [23/Aug/2025:03:02:42 +0300] "GET /products/clothing HTTP/1.1" 404 3601 "https://socialmedia.com/post/123" "Mozilla/5.0 (X11; Linux x86_64) AppleWebKit/537.36"
192.168.1.102 - - [23/Aug/2025:02:18:13 +0300] "GET /products/electronics HTTP/1.1" 200 3500 "-" "curl/7.68.0"
172.16.0.10 - - [23/Aug/2025:04:25:22 +0300] "GET /products/books HTTP/1.1" 404 1695 "https://www.google.com/" "Googlebot/2.1 (+http://www.google.com/bot.html)"
192.168.1.101 - - [22/Aug/2025:23:52:40 +0300] "GET /api/v1/users HTTP/1.1" 200 410 "https://www.bing.com/" "Mozilla/5.0 (Windows NT 10.0; Win64; x64) AppleWebKit/537.36"
192.168.1.101 - - [23/Aug/2025:12:05:23 +0300] "DELETE / HTTP/1.1" 200 2212 "https://www.google.com/" "Mozilla/5.0 (Windows NT 10.0; Win64; x64) AppleWebKit/537.36"
10.0.0.51 - - [22/Aug/2025:21:02:16 +0300] "GET /search HTTP/1.1" 500 698 "https://example.com/" "Mozilla/5.0 (Windows NT 10.0; Win64; x64) AppleWebKit/537.36"
10.0.0.51 - - [23/Aug/2025:04:27:49 +0300] "GET /api/v1/orders HTTP/1.1" 404 855 "https://www.bing.com/" "curl/7.68.0"
192.168.1.100 - - [23/Aug/2025:06:52:36 +0300] "GET /about HTTP/1.1" 200 2932 "-" "curl/7.68.0"
10.0.0.50 - - [23/Aug/2025:16:58:11 +0300] "GET /search HTTP/1.1" 304 4061 "https://www.bing.com/" "Mozilla/5.0 (Windows NT 10.0; Win64; x64) AppleWebKit/537.36"
192.168.1.100 - - [23/Aug/2025:16:14:57 +0300] "GET / HTTP/1.1" 200 314 "https://www.google.com/" "Mozilla/5.0 (X11; Linux x86_64) AppleWebKit/537.36"
10.0.0.51 - - [23/Aug/2025:03:13:42 +0300] "PUT /search HTTP/1.1" 500 898 "https://socialmedia.com/post/123" "Mozilla/5.0 (X11; Linux x86_64) AppleWebKit/537.36"
172.16.0.12 - - [22/Aug/2025:21:16:46 +0300] "GET / HTTP/1.1" 200 3000 "https://example.com/" "curl/7.68.0"
192.168.1.101 - - [23/Aug/2025:09:04:06 +0300] "GET /checkout HTTP/1.1" 200 3291 "-" "Mozilla/5.0 (X11; Linux x86_64) AppleWebKit/537.36"
172.16.0.10 - - [22/Aug/2025:21:03:35 +0300] "GET /user/profile HTTP/1.1" 404 2597 "-" "Mozilla/5.0 (Windows NT 10.0; Win64; x64) AppleWebKit/537.36"
10.0.0.50 - - [23/Aug/2025:11:12:46 +0300] "GET /products HTTP/1.1" 200 3221 "https://www.bing.com/" "Googlebot/2.1 (+http://www.google.com/bot.html)"
10.0.0.50 - - [23/Aug/2025:12:16:42 +0300] "GET / HTTP/1.1" 304 3970 "https://www.bing.com/" "Mozilla/5.0 (Windows NT 10.0; Win64; x64) AppleWebKit/537.36"
192.168.1.101 - - [23/Aug/2025:09:47:28 +0300] "GET /user/profile HTTP/1.1" 200 4247 "https://www.google.com/" "Googlebot/2.1 (+http://www.google.com/bot.html)"
192.168.1.100 - - [22/Aug/2025:23:41:26 +0300] "GET /search HTTP/1.1" 200 1185 "https://example.com/" "Mozilla/5.0 (Windows NT 10.0; Win64; x64) AppleWebKit/537.36"
192.168.1.101 - - [22/Aug/2025:18:25:54 +0300] "GET /admin HTTP/1.1" 200 3216 "https://socialmedia.com/post/123" "Mozilla/5.0 (Windows NT 10.0; Win64; x64) AppleWebKit/537.36"
10.0.0.50 - - [23/Aug/2025:08:56:21 +0300] "GET /checkout HTTP/1.1" 200 2769 "https://www.bing.com/" "curl/7.68.0"
192.168.1.100 - - [23/Aug/2025:00:41:15 +0300] "GET /products HTTP/1.1" 304 3062 "-" "Mozilla/5.0 (Windows NT 10.0; Win64; x64) AppleWebKit/537.36"
192.168.1.100 - - [22/Aug/2025:22:31:43 +0300] "GET / HTTP/1.1" 200 539 "https://www.bing.com/" "Mozilla/5.0 (Macintosh; Intel Mac OS X 10_15_7) AppleWebKit/537.36"
192.168.1.101 - - [23/Aug/2025:13:07:46 +0300] "POST /products/books HTTP/1.1" 200 1098 "-" "curl/7.68.0"
192.168.1.101 - - [23/Aug/2025:04:19:38 +0300] "POST /checkout HTTP/1.1" 200 3266 "https://example.com/" "curl/7.68.0"
192.168.1.100 - - [22/Aug/2025:19:07:40 +0300] "GET /products/books HTTP/1.1" 200 1043 "https://socialmedia.com/post/123" "Mozilla/5.0 (Macintosh; Intel Mac OS X 10_15_7) AppleWebKit/537.36"
172.16.0.10 - - [23/Aug/2025:06:51:51 +0300] "GET /products/electronics HTTP/1.1" 304 1367 "https://www.bing.com/" "Googlebot/2.1 (+http://www.google.com/bot.html)"
192.168.1.102 - - [23/Aug/2025:03:22:39 +0300] "GET /products HTTP/1.1" 304 3613 "-" "Googlebot/2.1 (+http://www.google.com/bot.html)"
192.168.1.101 - - [23/Aug/2025:07:11:06 +0300] "GET /cart HTTP/1.1" 200 1564 "https://example.com/" "Mozilla/5.0 (X11; Linux x86_64) AppleWebKit/537.36"
192.168.1.102 - - [23/Aug/2025:16:31:22 +0300] "GET /api/v1/users HTTP/1.1" 304 1155 "https://www.bing.com/" "curl/7.68.0"
192.168.1.100 - - [23/Aug/2025:06:16:31 +0300] "PUT /admin HTTP/1.1" 200 1431 "https://www.google.com/" "Mozilla/5.0 (Windows NT 10.0; Win64; x64) AppleWebKit/537.36"
192.168.1.101 - - [23/Aug/2025:10:39:07 +0300] "GET / HTTP/1.1" 404 4683 "https://www.bing.com/" "Mozilla/5.0 (Windows NT 10.0; Win64; x64) AppleWebKit/537.36"
192.168.1.100 - - [22/Aug/2025:19:30:19 +0300] "GET /user/profile HTTP/1.1" 200 257 "-" "Mozilla/5.0 (Macintosh; Intel Mac OS X 10_15_7) AppleWebKit/537.36"
192.168.1.100 - - [23/Aug/2025:12:21:42 +0300] "GET / HTTP/1.1" 404 1277 "https://socialmedia.com/post/123" "Mozilla/5.0 (Macintosh; Intel Mac OS X 10_15_7) AppleWebKit/537.36"
192.168.1.100 - - [23/Aug/2025:02:32:11 +0300] "GET / HTTP/1.1" 200 4837 "-" "Mozilla/5.0 (X11; Linux x86_64) AppleWebKit/537.36"
172.16.0.10 - - [23/Aug/2025:00:59:49 +0300] "GET / HTTP/1.1" 304 2764 "https://socialmedia.com/post/123" "Mozilla/5.0 (Windows NT 10.0; Win64; x64) AppleWebKit/537.36"
172.16.0.11 - - [22/Aug/2025:22:42:30 +0300] "GET / HTTP/1.1" 200 4406 "https://example.com/" "Googlebot/2.1 (+http://www.google.com/bot.html)"
192.168.1.101 - - [22/Aug/2025:22:46:07 +0300] "DELETE /admin HTTP/1.1" 200 4518 "https://www.bing.com/" "Mozilla/5.0 (Macintosh; Intel Mac OS X 10_15_7) AppleWebKit/537.36"
172.16.0.11 - - [23/Aug/2025:08:05:44 +0300] "GET /api/v1/orders HTTP/1.1" 200 4323 "https://socialmedia.com/post/123" "curl/7.68.0"
192.168.1.101 - - [22/Aug/2025:23:55:11 +0300] "GET /api/v1/products HTTP/1.1" 200 1582 "https://www.google.com/" "Mozilla/5.0 (Macintosh; Intel Mac OS X 10_15_7) AppleWebKit/537.36"
192.168.1.100 - - [23/Aug/2025:03:39:01 +0300] "GET /cart HTTP/1.1" 200 4406 "https://socialmedia.com/post/123" "Googlebot/2.1 (+http://www.google.com/bot.html)"
172.16.0.10 - - [23/Aug/2025:02:48:29 +0300] "GET /about HTTP/1.1" 200 4280 "-" "curl/7.68.0"
192.168.1.100 - - [23/Aug/2025:09:39:27 +0300] "GET / HTTP/1.1" 404 2172 "https://www.bing.com/" "Googlebot/2.1 (+http://www.google.com/bot.html)"
10.0.0.50 - - [23/Aug/2025:00:59:40 +0300] "GET /products HTTP/1.1" 500 1885 "https://socialmedia.com/post/123" "Googlebot/2.1 (+http://www.google.com/bot.html)"
10.0.0.50 - - [22/Aug/2025:17:55:30 +0300] "GET /user/profile HTTP/1.1" 304 2132 "https://socialmedia.com/post/123" "Mozilla/5.0 (Windows NT 10.0; Win64; x64) AppleWebKit/537.36"
192.168.1.100 - - [23/Aug/2025:09:57:04 +0300] "GET /about HTTP/1.1" 200 3252 "https://example.com/" "Mozilla/5.0 (X11; Linux x86_64) AppleWebKit/537.36"
192.168.1.101 - - [22/Aug/2025:19:34:00 +0300] "POST /products HTTP/1.1" 200 3827 "-" "Mozilla/5.0 (Windows NT 10.0; Win64; x64) AppleWebKit/537.36"
192.168.1.100 - - [23/Aug/2025:04:23:00 +0300] "GET /about HTTP/1.1" 200 2636 "https://example.com/" "Mozilla/5.0 (Macintosh; Intel Mac OS X 10_15_7) AppleWebKit/537.36"
192.168.1.100 - - [23/Aug/2025:13:15:23 +0300] "GET /api/v1/users HTTP/1.1" 200 515 "-" "Mozilla/5.0 (Macintosh; Intel Mac OS X 10_15_7) AppleWebKit/537.36"
10.0.0.51 - - [23/Aug/2025:11:05:39 +0300] "DELETE / HTTP/1.1" 200 2529 "https://www.bing.com/" "Mozilla/5.0 (X11; Linux x86_64) AppleWebKit/537.36"
192.168.1.101 - - [23/Aug/2025:15:05:26 +0300] "GET /products/clothing HTTP/1.1" 200 4987 "https://www.bing.com/" "curl/7.68.0"
192.168.1.100 - - [23/Aug/2025:13:25:11 +0300] "GET /about HTTP/1.1" 304 1037 "-" "Mozilla/5.0 (Macintosh; Intel Mac OS X 10_15_7) AppleWebKit/537.36"
10.0.0.51 - - [23/Aug/2025:15:47:44 +0300] "POST /admin HTTP/1.1" 200 4596 "-" "Googlebot/2.1 (+http://www.google.com/bot.html)"
172.16.0.10 - - [22/Aug/2025:23:56:51 +0300] "GET /products HTTP/1.1" 200 2862 "https://www.google.com/" "curl/7.68.0"
10.0.0.51 - - [23/Aug/2025:09:44:14 +0300] "POST / HTTP/1.1" 200 1989 "-" "Mozilla/5.0 (X11; Linux x86_64) AppleWebKit/537.36"
172.16.0.11 - - [23/Aug/2025:02:16:33 +0300] "GET /about HTTP/1.1" 200 4428 "https://www.google.com/" "Mozilla/5.0 (X11; Linux x86_64) AppleWebKit/537.36"
10.0.0.50 - - [22/Aug/2025:23:46:10 +0300] "POST /about HTTP/1.1" 200 669 "https://example.com/" "Mozilla/5.0 (X11; Linux x86_64) AppleWebKit/537.36"
192.168.1.102 - - [23/Aug/2025:08:37:44 +0300] "GET / HTTP/1.1" 200 5034 "https://socialmedia.com/post/123" "Mozilla/5.0 (Macintosh; Intel Mac OS X 10_15_7) AppleWebKit/537.36"
192.168.1.100 - - [22/Aug/2025:17:37:16 +0300] "GET / HTTP/1.1" 200 1423 "-" "Googlebot/2.1 (+http://www.google.com/bot.html)"
192.168.1.102 - - [22/Aug/2025:19:38:12 +0300] "GET /user/profile HTTP/1.1" 200 764 "https://www.bing.com/" "curl/7.68.0"
192.168.1.101 - - [23/Aug/2025:03:59:06 +0300] "POST /products HTTP/1.1" 500 4929 "https://www.google.com/" "curl/7.68.0"
192.168.1.100 - - [23/Aug/2025:15:28:40 +0300] "GET /api/v1/orders HTTP/1.1" 404 5102 "-" "Mozilla/5.0 (Windows NT 10.0; Win64; x64) AppleWebKit/537.36"
192.168.1.101 - - [22/Aug/2025:22:18:29 +0300] "GET /contact HTTP/1.1" 200 1225 "https://example.com/" "Mozilla/5.0 (Windows NT 10.0; Win64; x64) AppleWebKit/537.36"
10.0.0.50 - - [23/Aug/2025:03:47:32 +0300] "GET / HTTP/1.1" 200 1893 "https://example.com/" "curl/7.68.0"
10.0.0.50 - - [23/Aug/2025:07:03:53 +0300] "POST /search HTTP/1.1" 200 3157 "https://www.google.com/" "Mozilla/5.0 (Windows NT 10.0; Win64; x64) AppleWebKit/537.36"
172.16.0.10 - - [23/Aug/2025:04:39:13 +0300] "GET /api/v1/products HTTP/1.1" 200 3208 "https://www.bing.com/" "Mozilla/5.0 (X11; Linux x86_64) AppleWebKit/537.36"
192.168.1.101 - - [22/Aug/2025:18:23:21 +0300] "GET /products/books HTTP/1.1" 200 4331 "https://socialmedia.com/post/123" "Mozilla/5.0 (X11; Linux x86_64) AppleWebKit/537.36"
192.168.1.100 - - [23/Aug/2025:06:54:25 +0300] "GET /about HTTP/1.1" 200 3985 "https://www.google.com/" "Mozilla/5.0 (Macintosh; Intel Mac OS X 10_15_7) AppleWebKit/537.36"
192.168.1.102 - - [23/Aug/2025:14:31:00 +0300] "GET /api/v1/orders HTTP/1.1" 500 537 "https://example.com/" "Mozilla/5.0 (Windows NT 10.0; Win64; x64) AppleWebKit/537.36"
10.0.0.51 - - [23/Aug/2025:16:15:50 +0300] "POST / HTTP/1.1" 200 4162 "https://socialmedia.com/post/123" "Mozilla/5.0 (Windows NT 10.0; Win64; x64) AppleWebKit/537.36"
10.0.0.50 - - [23/Aug/2025:05:19:59 +0300] "POST /api/v1/orders HTTP/1.1" 200 5029 "https://socialmedia.com/post/123" "Googlebot/2.1 (+http://www.google.com/bot.html)"
172.16.0.11 - - [23/Aug/2025:02:25:20 +0300] "GET /products/electronics HTTP/1.1" 200 5034 "https://socialmedia.com/post/123" "Googlebot/2.1 (+http://www.google.com/bot.html)"
10.0.0.51 - - [22/Aug/2025:20:22:48 +0300] "GET /products/electronics HTTP/1.1" 404 3818 "https://www.bing.com/" "Mozilla/5.0 (Macintosh; Intel Mac OS X 10_15_7) AppleWebKit/537.36"
192.168.1.101 - - [22/Aug/2025:18:05:31 +0300] "GET /products HTTP/1.1" 200 1722 "https://example.com/" "curl/7.68.0"
172.16.0.11 - - [23/Aug/2025:05:46:28 +0300] "GET /search HTTP/1.1" 200 2052 "https://socialmedia.com/post/123" "Googlebot/2.1 (+http://www.google.com/bot.html)"
10.0.0.51 - - [22/Aug/2025:23:35:48 +0300] "GET /products/electronics HTTP/1.1" 200 999 "https://socialmedia.com/post/123" "Mozilla/5.0 (Macintosh; Intel Mac OS X 10_15_7) AppleWebKit/537.36"
172.16.0.11 - - [22/Aug/2025:18:54:57 +0300] "GET /blog/post/456 HTTP/1.1" 500 4801 "https://www.bing.com/" "Mozilla/5.0 (X11; Linux x86_64) AppleWebKit/537.36"
10.0.0.51 - - [23/Aug/2025:17:04:28 +0300] "GET /api/v1/users HTTP/1.1" 500 1651 "-" "Mozilla/5.0 (X11; Linux x86_64) AppleWebKit/537.36"
192.168.1.102 - - [23/Aug/2025:13:28:44 +0300] "GET /products HTTP/1.1" 200 973 "-" "curl/7.68.0"
10.0.0.51 - - [23/Aug/2025:15:27:32 +0300] "GET / HTTP/1.1" 500 1030 "-" "curl/7.68.0"
192.168.1.100 - - [22/Aug/2025:18:10:17 +0300] "GET /checkout HTTP/1.1" 200 3206 "https://socialmedia.com/post/123" "Googlebot/2.1 (+http://www.google.com/bot.html)"
192.168.1.100 - - [23/Aug/2025:02:30:29 +0300] "POST /admin HTTP/1.1" 200 4358 "https://www.bing.com/" "curl/7.68.0"
192.168.1.100 - - [22/Aug/2025:23:05:42 +0300] "GET /admin HTTP/1.1" 200 1145 "https://www.google.com/" "Mozilla/5.0 (X11; Linux x86_64) AppleWebKit/537.36"
192.168.1.102 - - [23/Aug/2025:08:08:10 +0300] "GET /search HTTP/1.1" 500 1032 "https://www.bing.com/" "Googlebot/2.1 (+http://www.google.com/bot.html)"
192.168.1.102 - - [22/Aug/2025:21:00:35 +0300] "PUT /search HTTP/1.1" 500 1944 "https://www.bing.com/" "curl/7.68.0"
192.168.1.101 - - [22/Aug/2025:21:40:33 +0300] "GET /products/books HTTP/1.1" 200 4192 "https://socialmedia.com/post/123" "Mozilla/5.0 (X11; Linux x86_64) AppleWebKit/537.36"
10.0.0.50 - - [23/Aug/2025:08:39:40 +0300] "GET /api/v1/products HTTP/1.1" 200 4994 "-" "Mozilla/5.0 (Windows NT 10.0; Win64; x64) AppleWebKit/537.36"
192.168.1.101 - - [23/Aug/2025:04:05:30 +0300] "GET /contact HTTP/1.1" 500 4532 "https://www.bing.com/" "Mozilla/5.0 (Windows NT 10.0; Win64; x64) AppleWebKit/537.36"
192.168.1.100 - - [22/Aug/2025:18:06:56 +0300] "GET /about HTTP/1.1" 200 4381 "https://www.bing.com/" "Mozilla/5.0 (X11; Linux x86_64) AppleWebKit/537.36"
10.0.0.50 - - [23/Aug/2025:09:54:06 +0300] "POST /about HTTP/1.1" 200 4629 "https://www.google.com/" "Mozilla/5.0 (Windows NT 10.0; Win64; x64) AppleWebKit/537.36"
10.0.0.50 - - [23/Aug/2025:13:00:34 +0300] "POST /api/v1/users HTTP/1.1" 500 313 "-" "Mozilla/5.0 (X11; Linux x86_64) AppleWebKit/537.36"
192.168.1.100 - - [22/Aug/2025:18:38:41 +0300] "POST /search HTTP/1.1" 304 2845 "https://socialmedia.com/post/123" "Mozilla/5.0 (X11; Linux x86_64) AppleWebKit/537.36"
10.0.0.51 - - [22/Aug/2025:18:40:04 +0300] "GET /api/v1/orders HTTP/1.1" 500 2132 "-" "Googlebot/2.1 (+http://www.google.com/bot.html)"
192.168.1.101 - - [23/Aug/2025:05:48:54 +0300] "GET /products HTTP/1.1" 500 1967 "https://example.com/" "Googlebot/2.1 (+http://www.google.com/bot.html)"
192.168.1.102 - - [23/Aug/2025:02:47:35 +0300] "GET / HTTP/1.1" 304 2193 "https://www.bing.com/" "Mozilla/5.0 (Windows NT 10.0; Win64; x64) AppleWebKit/537.36"
192.168.1.100 - - [23/Aug/2025:10:01:43 +0300] "GET / HTTP/1.1" 200 290 "https://www.bing.com/" "Googlebot/2.1 (+http://www.google.com/bot.html)"
192.168.1.101 - - [23/Aug/2025:13:41:49 +0300] "GET / HTTP/1.1" 200 2164 "https://example.com/" "Mozilla/5.0 (Windows NT 10.0; Win64; x64) AppleWebKit/537.36"
172.16.0.11 - - [22/Aug/2025:23:21:20 +0300] "GET / HTTP/1.1" 500 4620 "https://socialmedia.com/post/123" "Mozilla/5.0 (Windows NT 10.0; Win64; x64) AppleWebKit/537.36"
10.0.0.50 - - [23/Aug/2025:16:36:46 +0300] "GET / HTTP/1.1" 500 1786 "https://www.bing.com/" "Mozilla/5.0 (X11; Linux x86_64) AppleWebKit/537.36"
192.168.1.102 - - [23/Aug/2025:05:10:06 +0300] "GET /about HTTP/1.1" 304 2467 "https://www.google.com/" "Mozilla/5.0 (Windows NT 10.0; Win64; x64) AppleWebKit/537.36"
10.0.0.51 - - [22/Aug/2025:22:19:53 +0300] "GET /about HTTP/1.1" 200 5031 "https://socialmedia.com/post/123" "Mozilla/5.0 (Macintosh; Intel Mac OS X 10_15_7) AppleWebKit/537.36"
192.168.1.100 - - [23/Aug/2025:13:18:13 +0300] "GET /products HTTP/1.1" 200 3431 "https://example.com/" "curl/7.68.0"
172.16.0.12 - - [23/Aug/2025:11:46:30 +0300] "GET / HTTP/1.1" 200 3819 "https://www.google.com/" "Mozilla/5.0 (X11; Linux x86_64) AppleWebKit/537.36"
172.16.0.10 - - [22/Aug/2025:19:49:46 +0300] "GET / HTTP/1.1" 200 2250 "https://www.google.com/" "curl/7.68.0"
10.0.0.50 - - [23/Aug/2025:08:10:20 +0300] "GET /products HTTP/1.1" 500 2634 "-" "Mozilla/5.0 (Windows NT 10.0; Win64; x64) AppleWebKit/537.36"
192.168.1.100 - - [23/Aug/2025:05:39:56 +0300] "PUT / HTTP/1.1" 404 794 "https://www.bing.com/" "Googlebot/2.1 (+http://www.google.com/bot.html)"
192.168.1.102 - - [23/Aug/2025:01:07:10 +0300] "GET /products HTTP/1.1" 200 3089 "-" "curl/7.68.0"
192.168.1.102 - - [23/Aug/2025:01:19:28 +0300] "POST /about HTTP/1.1" 200 3670 "https://www.google.com/" "Mozilla/5.0 (Macintosh; Intel Mac OS X 10_15_7) AppleWebKit/537.36"
192.168.1.102 - - [23/Aug/2025:08:44:46 +0300] "POST /search HTTP/1.1" 200 2618 "https://www.bing.com/" "Mozilla/5.0 (X11; Linux x86_64) AppleWebKit/537.36"
192.168.1.100 - - [23/Aug/2025:12:21:11 +0300] "GET /api/v1/users HTTP/1.1" 200 294 "https://www.google.com/" "curl/7.68.0"
10.0.0.50 - - [23/Aug/2025:01:58:26 +0300] "GET / HTTP/1.1" 200 342 "https://www.bing.com/" "Mozilla/5.0 (Windows NT 10.0; Win64; x64) AppleWebKit/537.36"
192.168.1.102 - - [23/Aug/2025:12:49:11 +0300] "GET /about HTTP/1.1" 200 544 "https://www.google.com/" "Mozilla/5.0 (X11; Linux x86_64) AppleWebKit/537.36"
192.168.1.102 - - [23/Aug/2025:03:01:26 +0300] "GET / HTTP/1.1" 404 3251 "https://example.com/" "Mozilla/5.0 (Macintosh; Intel Mac OS X 10_15_7) AppleWebKit/537.36"
10.0.0.51 - - [23/Aug/2025:10:21:02 +0300] "PUT / HTTP/1.1" 404 503 "https://socialmedia.com/post/123" "Mozilla/5.0 (Macintosh; Intel Mac OS X 10_15_7) AppleWebKit/537.36"
172.16.0.11 - - [22/Aug/2025:23:45:35 +0300] "GET /cart HTTP/1.1" 200 395 "https://socialmedia.com/post/123" "Mozilla/5.0 (X11; Linux x86_64) AppleWebKit/537.36"
192.168.1.102 - - [22/Aug/2025:20:56:14 +0300] "GET /api/v1/users HTTP/1.1" 200 4339 "https://www.bing.com/" "Mozilla/5.0 (X11; Linux x86_64) AppleWebKit/537.36"
10.0.0.51 - - [23/Aug/2025:13:48:54 +0300] "GET / HTTP/1.1" 304 2557 "https://socialmedia.com/post/123" "Mozilla/5.0 (Windows NT 10.0; Win64; x64) AppleWebKit/537.36"
192.168.1.101 - - [22/Aug/2025:21:23:51 +0300] "GET /contact HTTP/1.1" 200 1296 "https://www.bing.com/" "Mozilla/5.0 (X11; Linux x86_64) AppleWebKit/537.36"
192.168.1.101 - - [22/Aug/2025:17:13:47 +0300] "GET /api/v1/products HTTP/1.1" 200 3593 "-" "Googlebot/2.1 (+http://www.google.com/bot.html)"
192.168.1.100 - - [23/Aug/2025:12:49:18 +0300] "GET /admin HTTP/1.1" 304 5062 "https://www.google.com/" "curl/7.68.0"
192.168.1.102 - - [23/Aug/2025:16:25:28 +0300] "GET /user/profile HTTP/1.1" 200 2334 "https://example.com/" "curl/7.68.0"
192.168.1.102 - - [23/Aug/2025:16:12:43 +0300] "GET / HTTP/1.1" 200 1554 "https://example.com/" "Mozilla/5.0 (Macintosh; Intel Mac OS X 10_15_7) AppleWebKit/537.36"
192.168.1.102 - - [23/Aug/2025:04:55:03 +0300] "GET / HTTP/1.1" 304 4833 "https://www.bing.com/" "Mozilla/5.0 (Macintosh; Intel Mac OS X 10_15_7) AppleWebKit/537.36"
192.168.1.100 - - [23/Aug/2025:04:06:14 +0300] "GET / HTTP/1.1" 500 2105 "https://example.com/" "curl/7.68.0"
192.168.1.102 - - [23/Aug/2025:01:28:26 +0300] "GET /api/v1/users HTTP/1.1" 200 2479 "https://socialmedia.com/post/123" "Mozilla/5.0 (Macintosh; Intel Mac OS X 10_15_7) AppleWebKit/537.36"
172.16.0.11 - - [22/Aug/2025:19:08:04 +0300] "GET /products/books HTTP/1.1" 200 5137 "https://example.com/" "Mozilla/5.0 (Windows NT 10.0; Win64; x64) AppleWebKit/537.36"
192.168.1.101 - - [23/Aug/2025:08:40:53 +0300] "GET /products HTTP/1.1" 200 1628 "https://www.google.com/" "curl/7.68.0"
192.168.1.101 - - [23/Aug/2025:06:48:17 +0300] "GET /products/electronics HTTP/1.1" 200 4841 "https://socialmedia.com/post/123" "Mozilla/5.0 (X11; Linux x86_64) AppleWebKit/537.36"
192.168.1.100 - - [22/Aug/2025:19:15:57 +0300] "GET /blog/post/123 HTTP/1.1" 304 4325 "-" "Mozilla/5.0 (Macintosh; Intel Mac OS X 10_15_7) AppleWebKit/537.36"
192.168.1.102 - - [23/Aug/2025:15:45:38 +0300] "GET / HTTP/1.1" 200 2095 "https://example.com/" "Mozilla/5.0 (X11; Linux x86_64) AppleWebKit/537.36"
192.168.1.100 - - [23/Aug/2025:11:37:22 +0300] "GET /api/v1/users HTTP/1.1" 200 3086 "https://www.google.com/" "Mozilla/5.0 (Windows NT 10.0; Win64; x64) AppleWebKit/537.36"
192.168.1.100 - - [23/Aug/2025:15:17:36 +0300] "GET /api/v1/users HTTP/1.1" 200 2430 "https://www.bing.com/" "Mozilla/5.0 (X11; Linux x86_64) AppleWebKit/537.36"
192.168.1.101 - - [23/Aug/2025:13:12:10 +0300] "GET /cart HTTP/1.1" 304 2053 "-" "Googlebot/2.1 (+http://www.google.com/bot.html)"
172.16.0.12 - - [23/Aug/2025:06:24:57 +0300] "GET /user/profile HTTP/1.1" 200 3044 "-" "Mozilla/5.0 (Macintosh; Intel Mac OS X 10_15_7) AppleWebKit/537.36"
172.16.0.11 - - [22/Aug/2025:23:22:15 +0300] "GET / HTTP/1.1" 200 4540 "https://www.bing.com/" "Mozilla/5.0 (X11; Linux x86_64) AppleWebKit/537.36"
192.168.1.100 - - [23/Aug/2025:07:32:22 +0300] "GET /products HTTP/1.1" 200 2485 "https://socialmedia.com/post/123" "Mozilla/5.0 (Macintosh; Intel Mac OS X 10_15_7) AppleWebKit/537.36"
172.16.0.10 - - [23/Aug/2025:15:54:48 +0300] "GET / HTTP/1.1" 200 2757 "https://socialmedia.com/post/123" "Mozilla/5.0 (X11; Linux x86_64) AppleWebKit/537.36"
192.168.1.100 - - [23/Aug/2025:07:52:15 +0300] "GET /contact HTTP/1.1" 304 4382 "https://www.google.com/" "curl/7.68.0"
172.16.0.10 - - [23/Aug/2025:08:05:23 +0300] "PUT /checkout HTTP/1.1" 200 3580 "https://socialmedia.com/post/123" "Mozilla/5.0 (Windows NT 10.0; Win64; x64) AppleWebKit/537.36"
192.168.1.101 - - [23/Aug/2025:09:21:15 +0300] "POST /products/electronics HTTP/1.1" 200 2061 "https://example.com/" "Googlebot/2.1 (+http://www.google.com/bot.html)"
192.168.1.102 - - [23/Aug/2025:03:05:59 +0300] "GET / HTTP/1.1" 200 3559 "https://example.com/" "Mozilla/5.0 (Macintosh; Intel Mac OS X 10_15_7) AppleWebKit/537.36"
192.168.1.100 - - [23/Aug/2025:06:32:09 +0300] "GET /about HTTP/1.1" 200 4430 "https://www.bing.com/" "Mozilla/5.0 (Windows NT 10.0; Win64; x64) AppleWebKit/537.36"
192.168.1.101 - - [23/Aug/2025:06:00:39 +0300] "GET /api/v1/users HTTP/1.1" 200 422 "https://www.google.com/" "Mozilla/5.0 (Windows NT 10.0; Win64; x64) AppleWebKit/537.36"
192.168.1.102 - - [23/Aug/2025:13:46:03 +0300] "GET /products HTTP/1.1" 304 4187 "https://socialmedia.com/post/123" "Googlebot/2.1 (+http://www.google.com/bot.html)"
192.168.1.101 - - [22/Aug/2025:23:40:01 +0300] "GET / HTTP/1.1" 304 3444 "https://www.bing.com/" "Mozilla/5.0 (Windows NT 10.0; Win64; x64) AppleWebKit/537.36"
192.168.1.100 - - [22/Aug/2025:22:19:08 +0300] "GET /products HTTP/1.1" 200 250 "https://example.com/" "curl/7.68.0"
172.16.0.11 - - [23/Aug/2025:01:36:37 +0300] "PUT /products/books HTTP/1.1" 200 769 "https://socialmedia.com/post/123" "Mozilla/5.0 (Windows NT 10.0; Win64; x64) AppleWebKit/537.36"
10.0.0.51 - - [23/Aug/2025:14:34:56 +0300] "GET / HTTP/1.1" 200 3891 "https://example.com/" "Googlebot/2.1 (+http://www.google.com/bot.html)"
192.168.1.100 - - [23/Aug/2025:12:33:35 +0300] "GET /about HTTP/1.1" 200 1904 "-" "Mozilla/5.0 (Windows NT 10.0; Win64; x64) AppleWebKit/537.36"
192.168.1.101 - - [23/Aug/2025:02:51:49 +0300] "GET /api/v1/users HTTP/1.1" 200 893 "https://www.bing.com/" "Mozilla/5.0 (Windows NT 10.0; Win64; x64) AppleWebKit/537.36"
192.168.1.102 - - [23/Aug/2025:01:03:08 +0300] "GET /cart HTTP/1.1" 404 4479 "https://www.google.com/" "Mozilla/5.0 (X11; Linux x86_64) AppleWebKit/537.36"
192.168.1.100 - - [23/Aug/2025:03:44:10 +0300] "GET /admin HTTP/1.1" 404 319 "https://example.com/" "curl/7.68.0"
10.0.0.51 - - [23/Aug/2025:09:10:20 +0300] "GET / HTTP/1.1" 200 1131 "https://example.com/" "curl/7.68.0"
10.0.0.50 - - [23/Aug/2025:02:44:09 +0300] "GET /api/v1/users HTTP/1.1" 200 1683 "https://socialmedia.com/post/123" "Mozilla/5.0 (Windows NT 10.0; Win64; x64) AppleWebKit/537.36"
192.168.1.101 - - [22/Aug/2025:17:13:55 +0300] "GET /search HTTP/1.1" 200 2415 "https://socialmedia.com/post/123" "Mozilla/5.0 (Windows NT 10.0; Win64; x64) AppleWebKit/537.36"
192.168.1.102 - - [23/Aug/2025:11:55:04 +0300] "GET /products/electronics HTTP/1.1" 404 3919 "https://socialmedia.com/post/123" "Mozilla/5.0 (Windows NT 10.0; Win64; x64) AppleWebKit/537.36"
10.0.0.50 - - [22/Aug/2025:20:49:55 +0300] "GET /products HTTP/1.1" 200 4232 "-" "Mozilla/5.0 (Windows NT 10.0; Win64; x64) AppleWebKit/537.36"
172.16.0.12 - - [23/Aug/2025:15:33:28 +0300] "GET /user/profile HTTP/1.1" 200 2017 "https://socialmedia.com/post/123" "Mozilla/5.0 (Windows NT 10.0; Win64; x64) AppleWebKit/537.36"
192.168.1.100 - - [22/Aug/2025:20:40:06 +0300] "POST /user/profile HTTP/1.1" 500 5043 "https://www.google.com/" "Googlebot/2.1 (+http://www.google.com/bot.html)"
192.168.1.101 - - [22/Aug/2025:20:10:26 +0300] "PUT /products/electronics HTTP/1.1" 200 4430 "-" "curl/7.68.0"
192.168.1.102 - - [22/Aug/2025:18:39:04 +0300] "POST /search HTTP/1.1" 500 3523 "https://example.com/" "Mozilla/5.0 (X11; Linux x86_64) AppleWebKit/537.36"
192.168.1.101 - - [23/Aug/2025:10:14:46 +0300] "GET /api/v1/users HTTP/1.1" 404 3495 "https://www.bing.com/" "Mozilla/5.0 (X11; Linux x86_64) AppleWebKit/537.36"
172.16.0.11 - - [22/Aug/2025:22:47:33 +0300] "GET /admin HTTP/1.1" 200 3736 "https://example.com/" "Mozilla/5.0 (X11; Linux x86_64) AppleWebKit/537.36"
192.168.1.100 - - [22/Aug/2025:20:34:35 +0300] "GET /blog/post/456 HTTP/1.1" 200 5038 "https://www.google.com/" "curl/7.68.0"
192.168.1.101 - - [23/Aug/2025:07:59:15 +0300] "GET / HTTP/1.1" 200 2924 "-" "Mozilla/5.0 (Macintosh; Intel Mac OS X 10_15_7) AppleWebKit/537.36"
192.168.1.101 - - [23/Aug/2025:02:06:09 +0300] "GET /about HTTP/1.1" 304 3896 "https://example.com/" "Mozilla/5.0 (X11; Linux x86_64) AppleWebKit/537.36"
192.168.1.100 - - [22/Aug/2025:22:12:37 +0300] "GET / HTTP/1.1" 404 1259 "https://socialmedia.com/post/123" "Googlebot/2.1 (+http://www.google.com/bot.html)"
172.16.0.12 - - [23/Aug/2025:02:40:26 +0300] "PUT /products HTTP/1.1" 304 2016 "https://example.com/" "Googlebot/2.1 (+http://www.google.com/bot.html)"
10.0.0.51 - - [23/Aug/2025:12:44:34 +0300] "GET /products HTTP/1.1" 404 1992 "https://socialmedia.com/post/123" "Mozilla/5.0 (Windows NT 10.0; Win64; x64) AppleWebKit/537.36"
10.0.0.50 - - [23/Aug/2025:01:14:48 +0300] "GET /products/clothing HTTP/1.1" 200 3429 "-" "Mozilla/5.0 (X11; Linux x86_64) AppleWebKit/537.36"
192.168.1.101 - - [23/Aug/2025:16:21:26 +0300] "GET /admin HTTP/1.1" 200 1524 "https://www.bing.com/" "curl/7.68.0"
10.0.0.51 - - [22/Aug/2025:21:51:01 +0300] "GET / HTTP/1.1" 200 305 "-" "Googlebot/2.1 (+http://www.google.com/bot.html)"
172.16.0.10 - - [22/Aug/2025:19:09:23 +0300] "GET /products HTTP/1.1" 200 3055 "-" "Googlebot/2.1 (+http://www.google.com/bot.html)"
172.16.0.10 - - [23/Aug/2025:11:16:29 +0300] "GET /api/v1/products HTTP/1.1" 304 4652 "-" "Mozilla/5.0 (Macintosh; Intel Mac OS X 10_15_7) AppleWebKit/537.36"
10.0.0.50 - - [23/Aug/2025:05:16:57 +0300] "GET /admin HTTP/1.1" 200 506 "https://socialmedia.com/post/123" "Mozilla/5.0 (Macintosh; Intel Mac OS X 10_15_7) AppleWebKit/537.36"
192.168.1.101 - - [22/Aug/2025:22:56:28 +0300] "GET / HTTP/1.1" 404 918 "-" "Mozilla/5.0 (Macintosh; Intel Mac OS X 10_15_7) AppleWebKit/537.36"
10.0.0.50 - - [23/Aug/2025:04:02:41 +0300] "POST /search HTTP/1.1" 404 2662 "https://www.bing.com/" "Googlebot/2.1 (+http://www.google.com/bot.html)"
192.168.1.102 - - [22/Aug/2025:19:06:13 +0300] "GET / HTTP/1.1" 200 988 "https://example.com/" "Mozilla/5.0 (Macintosh; Intel Mac OS X 10_15_7) AppleWebKit/537.36"
192.168.1.101 - - [23/Aug/2025:00:27:56 +0300] "GET /products/books HTTP/1.1" 404 1919 "https://www.google.com/" "Googlebot/2.1 (+http://www.google.com/bot.html)"
192.168.1.100 - - [23/Aug/2025:13:27:59 +0300] "GET /products HTTP/1.1" 200 4626 "https://example.com/" "Mozilla/5.0 (X11; Linux x86_64) AppleWebKit/537.36"
192.168.1.100 - - [23/Aug/2025:07:53:33 +0300] "POST /checkout HTTP/1.1" 200 409 "https://example.com/" "Googlebot/2.1 (+http://www.google.com/bot.html)"
192.168.1.100 - - [22/Aug/2025:21:22:27 +0300] "GET /products/electronics HTTP/1.1" 200 2657 "https://example.com/" "Googlebot/2.1 (+http://www.google.com/bot.html)"
10.0.0.50 - - [23/Aug/2025:10:32:18 +0300] "GET /cart HTTP/1.1" 200 3333 "-" "Mozilla/5.0 (Windows NT 10.0; Win64; x64) AppleWebKit/537.36"
10.0.0.50 - - [23/Aug/2025:04:53:26 +0300] "PUT / HTTP/1.1" 200 5140 "https://www.google.com/" "curl/7.68.0"
192.168.1.100 - - [23/Aug/2025:01:09:42 +0300] "GET /about HTTP/1.1" 200 1195 "-" "Mozilla/5.0 (Macintosh; Intel Mac OS X 10_15_7) AppleWebKit/537.36"
10.0.0.50 - - [23/Aug/2025:01:13:50 +0300] "GET /about HTTP/1.1" 200 3638 "https://www.bing.com/" "curl/7.68.0"
192.168.1.100 - - [23/Aug/2025:15:19:05 +0300] "GET /blog/post/123 HTTP/1.1" 304 4606 "https://www.bing.com/" "Mozilla/5.0 (Windows NT 10.0; Win64; x64) AppleWebKit/537.36"
192.168.1.101 - - [23/Aug/2025:06:27:54 +0300] "POST /cart HTTP/1.1" 200 1633 "https://socialmedia.com/post/123" "Mozilla/5.0 (X11; Linux x86_64) AppleWebKit/537.36"
192.168.1.102 - - [23/Aug/2025:00:41:10 +0300] "GET /about HTTP/1.1" 500 385 "https://socialmedia.com/post/123" "Mozilla/5.0 (Windows NT 10.0; Win64; x64) AppleWebKit/537.36"
172.16.0.11 - - [23/Aug/2025:13:33:03 +0300] "GET /products HTTP/1.1" 500 3451 "https://socialmedia.com/post/123" "Mozilla/5.0 (Windows NT 10.0; Win64; x64) AppleWebKit/537.36"
172.16.0.11 - - [22/Aug/2025:18:53:16 +0300] "GET / HTTP/1.1" 304 3538 "https://www.bing.com/" "Googlebot/2.1 (+http://www.google.com/bot.html)"
10.0.0.50 - - [23/Aug/2025:07:28:52 +0300] "GET /products/electronics HTTP/1.1" 404 2804 "https://example.com/" "Mozilla/5.0 (Windows NT 10.0; Win64; x64) AppleWebKit/537.36"
192.168.1.100 - - [23/Aug/2025:06:47:59 +0300] "GET /contact HTTP/1.1" 500 1534 "https://example.com/" "Mozilla/5.0 (X11; Linux x86_64) AppleWebKit/537.36"
192.168.1.100 - - [22/Aug/2025:22:10:48 +0300] "PUT /contact HTTP/1.1" 500 3198 "https://www.google.com/" "Mozilla/5.0 (Macintosh; Intel Mac OS X 10_15_7) AppleWebKit/537.36"
10.0.0.50 - - [23/Aug/2025:01:58:05 +0300] "GET /products HTTP/1.1" 200 2899 "https://socialmedia.com/post/123" "curl/7.68.0"
192.168.1.100 - - [23/Aug/2025:15:11:44 +0300] "GET /api/v1/users HTTP/1.1" 304 3278 "https://example.com/" "Googlebot/2.1 (+http://www.google.com/bot.html)"
192.168.1.101 - - [22/Aug/2025:23:37:05 +0300] "GET /about HTTP/1.1" 304 1868 "https://socialmedia.com/post/123" "Mozilla/5.0 (Windows NT 10.0; Win64; x64) AppleWebKit/537.36"
172.16.0.11 - - [23/Aug/2025:03:32:15 +0300] "GET / HTTP/1.1" 200 1756 "https://example.com/" "Mozilla/5.0 (X11; Linux x86_64) AppleWebKit/537.36"
192.168.1.100 - - [23/Aug/2025:00:54:21 +0300] "GET / HTTP/1.1" 200 3424 "https://example.com/" "Mozilla/5.0 (Windows NT 10.0; Win64; x64) AppleWebKit/537.36"
192.168.1.100 - - [23/Aug/2025:04:34:52 +0300] "PUT /admin HTTP/1.1" 200 1908 "https://socialmedia.com/post/123" "Googlebot/2.1 (+http://www.google.com/bot.html)"
172.16.0.10 - - [22/Aug/2025:19:22:29 +0300] "GET /about HTTP/1.1" 200 3486 "https://www.google.com/" "Mozilla/5.0 (Windows NT 10.0; Win64; x64) AppleWebKit/537.36"
192.168.1.100 - - [23/Aug/2025:04:45:29 +0300] "GET /products HTTP/1.1" 200 4678 "https://example.com/" "Mozilla/5.0 (Windows NT 10.0; Win64; x64) AppleWebKit/537.36"
192.168.1.101 - - [22/Aug/2025:22:57:28 +0300] "GET / HTTP/1.1" 200 4983 "-" "Mozilla/5.0 (Windows NT 10.0; Win64; x64) AppleWebKit/537.36"
10.0.0.50 - - [23/Aug/2025:00:07:20 +0300] "POST /products/electronics HTTP/1.1" 200 1795 "https://socialmedia.com/post/123" "Mozilla/5.0 (Windows NT 10.0; Win64; x64) AppleWebKit/537.36"
192.168.1.102 - - [23/Aug/2025:13:21:51 +0300] "GET /contact HTTP/1.1" 200 5122 "-" "Mozilla/5.0 (X11; Linux x86_64) AppleWebKit/537.36"
192.168.1.100 - - [23/Aug/2025:13:02:42 +0300] "POST /products HTTP/1.1" 304 1784 "https://example.com/" "Mozilla/5.0 (X11; Linux x86_64) AppleWebKit/537.36"
192.168.1.101 - - [23/Aug/2025:14:29:36 +0300] "GET /products/clothing HTTP/1.1" 304 3886 "https://socialmedia.com/post/123" "curl/7.68.0"
172.16.0.12 - - [23/Aug/2025:09:38:17 +0300] "GET /cart HTTP/1.1" 200 3577 "-" "Googlebot/2.1 (+http://www.google.com/bot.html)"
192.168.1.100 - - [23/Aug/2025:01:29:55 +0300] "GET /contact HTTP/1.1" 500 3316 "https://example.com/" "Googlebot/2.1 (+http://www.google.com/bot.html)"
192.168.1.102 - - [23/Aug/2025:16:57:01 +0300] "GET /products/books HTTP/1.1" 200 2829 "https://example.com/" "Mozilla/5.0 (Macintosh; Intel Mac OS X 10_15_7) AppleWebKit/537.36"
192.168.1.100 - - [22/Aug/2025:17:31:24 +0300] "GET /products/electronics HTTP/1.1" 200 868 "https://www.bing.com/" "Googlebot/2.1 (+http://www.google.com/bot.html)"
192.168.1.100 - - [23/Aug/2025:15:25:02 +0300] "GET / HTTP/1.1" 200 2833 "https://www.bing.com/" "Mozilla/5.0 (Macintosh; Intel Mac OS X 10_15_7) AppleWebKit/537.36"
10.0.0.50 - - [22/Aug/2025:22:52:43 +0300] "GET / HTTP/1.1" 200 1741 "https://www.google.com/" "Googlebot/2.1 (+http://www.google.com/bot.html)"
172.16.0.11 - - [23/Aug/2025:01:24:57 +0300] "GET /api/v1/products HTTP/1.1" 200 3100 "https://www.google.com/" "Mozilla/5.0 (Macintosh; Intel Mac OS X 10_15_7) AppleWebKit/537.36"
10.0.0.50 - - [23/Aug/2025:16:57:29 +0300] "POST /api/v1/users HTTP/1.1" 200 3091 "-" "Googlebot/2.1 (+http://www.google.com/bot.html)"
192.168.1.102 - - [23/Aug/2025:13:15:21 +0300] "GET / HTTP/1.1" 404 5156 "-" "Mozilla/5.0 (Macintosh; Intel Mac OS X 10_15_7) AppleWebKit/537.36"
192.168.1.101 - - [23/Aug/2025:14:25:57 +0300] "GET / HTTP/1.1" 200 4014 "https://socialmedia.com/post/123" "Mozilla/5.0 (X11; Linux x86_64) AppleWebKit/537.36"
192.168.1.101 - - [22/Aug/2025:23:19:29 +0300] "GET /admin HTTP/1.1" 200 422 "https://socialmedia.com/post/123" "Mozilla/5.0 (Macintosh; Intel Mac OS X 10_15_7) AppleWebKit/537.36"
192.168.1.102 - - [23/Aug/2025:00:40:54 +0300] "GET /api/v1/orders HTTP/1.1" 404 569 "https://socialmedia.com/post/123" "Mozilla/5.0 (X11; Linux x86_64) AppleWebKit/537.36"
192.168.1.100 - - [23/Aug/2025:10:46:51 +0300] "GET / HTTP/1.1" 200 495 "https://socialmedia.com/post/123" "Googlebot/2.1 (+http://www.google.com/bot.html)"
172.16.0.12 - - [23/Aug/2025:11:51:55 +0300] "PUT / HTTP/1.1" 200 3895 "-" "Mozilla/5.0 (X11; Linux x86_64) AppleWebKit/537.36"
10.0.0.51 - - [23/Aug/2025:02:25:53 +0300] "GET /api/v1/orders HTTP/1.1" 200 4514 "https://www.google.com/" "Googlebot/2.1 (+http://www.google.com/bot.html)"
192.168.1.100 - - [23/Aug/2025:11:05:20 +0300] "GET /about HTTP/1.1" 500 4804 "https://socialmedia.com/post/123" "Mozilla/5.0 (Windows NT 10.0; Win64; x64) AppleWebKit/537.36"
192.168.1.100 - - [23/Aug/2025:01:52:21 +0300] "GET /api/v1/orders HTTP/1.1" 500 4410 "-" "Mozilla/5.0 (X11; Linux x86_64) AppleWebKit/537.36"
192.168.1.102 - - [22/Aug/2025:21:33:13 +0300] "POST /contact HTTP/1.1" 200 713 "https://www.bing.com/" "Mozilla/5.0 (Windows NT 10.0; Win64; x64) AppleWebKit/537.36"
10.0.0.51 - - [23/Aug/2025:06:13:40 +0300] "GET /about HTTP/1.1" 500 1523 "https://www.bing.com/" "curl/7.68.0"
192.168.1.101 - - [23/Aug/2025:00:10:25 +0300] "GET /products HTTP/1.1" 200 4102 "https://www.bing.com/" "Googlebot/2.1 (+http://www.google.com/bot.html)"
192.168.1.100 - - [22/Aug/2025:23:23:12 +0300] "PUT /products/electronics HTTP/1.1" 304 2270 "https://www.bing.com/" "Mozilla/5.0 (Macintosh; Intel Mac OS X 10_15_7) AppleWebKit/537.36"
192.168.1.100 - - [23/Aug/2025:08:20:19 +0300] "GET /checkout HTTP/1.1" 200 299 "-" "Mozilla/5.0 (Macintosh; Intel Mac OS X 10_15_7) AppleWebKit/537.36"
192.168.1.101 - - [22/Aug/2025:19:15:08 +0300] "POST / HTTP/1.1" 200 4142 "https://www.google.com/" "Mozilla/5.0 (Macintosh; Intel Mac OS X 10_15_7) AppleWebKit/537.36"
10.0.0.51 - - [23/Aug/2025:08:30:06 +0300] "GET /products/books HTTP/1.1" 200 4971 "-" "Googlebot/2.1 (+http://www.google.com/bot.html)"
192.168.1.101 - - [22/Aug/2025:21:25:37 +0300] "GET /api/v1/orders HTTP/1.1" 304 946 "https://socialmedia.com/post/123" "Mozilla/5.0 (Macintosh; Intel Mac OS X 10_15_7) AppleWebKit/537.36"
192.168.1.100 - - [23/Aug/2025:05:32:55 +0300] "POST / HTTP/1.1" 404 2034 "https://socialmedia.com/post/123" "Mozilla/5.0 (Macintosh; Intel Mac OS X 10_15_7) AppleWebKit/537.36"
10.0.0.50 - - [23/Aug/2025:14:17:10 +0300] "GET /about HTTP/1.1" 200 2868 "https://socialmedia.com/post/123" "Googlebot/2.1 (+http://www.google.com/bot.html)"
172.16.0.12 - - [23/Aug/2025:03:26:40 +0300] "POST /api/v1/users HTTP/1.1" 404 4883 "https://socialmedia.com/post/123" "curl/7.68.0"
192.168.1.102 - - [22/Aug/2025:17:23:14 +0300] "GET /products/books HTTP/1.1" 200 4879 "https://example.com/" "Mozilla/5.0 (Windows NT 10.0; Win64; x64) AppleWebKit/537.36"
192.168.1.102 - - [23/Aug/2025:09:10:41 +0300] "GET /admin HTTP/1.1" 200 3598 "https://www.google.com/" "curl/7.68.0"
10.0.0.50 - - [23/Aug/2025:13:42:33 +0300] "GET /about HTTP/1.1" 404 2263 "https://www.google.com/" "Mozilla/5.0 (Windows NT 10.0; Win64; x64) AppleWebKit/537.36"
172.16.0.10 - - [23/Aug/2025:10:15:43 +0300] "GET /cart HTTP/1.1" 304 335 "https://socialmedia.com/post/123" "Mozilla/5.0 (X11; Linux x86_64) AppleWebKit/537.36"
172.16.0.11 - - [23/Aug/2025:13:25:49 +0300] "GET /products HTTP/1.1" 200 333 "-" "Mozilla/5.0 (Windows NT 10.0; Win64; x64) AppleWebKit/537.36"
10.0.0.51 - - [22/Aug/2025:23:52:23 +0300] "GET /cart HTTP/1.1" 200 589 "-" "Mozilla/5.0 (Windows NT 10.0; Win64; x64) AppleWebKit/537.36"
192.168.1.101 - - [23/Aug/2025:00:57:43 +0300] "POST /cart HTTP/1.1" 200 598 "https://socialmedia.com/post/123" "Mozilla/5.0 (X11; Linux x86_64) AppleWebKit/537.36"
192.168.1.102 - - [23/Aug/2025:15:28:33 +0300] "POST /products/books HTTP/1.1" 200 2928 "-" "curl/7.68.0"
10.0.0.51 - - [23/Aug/2025:06:44:17 +0300] "GET /about HTTP/1.1" 404 2296 "https://socialmedia.com/post/123" "Mozilla/5.0 (X11; Linux x86_64) AppleWebKit/537.36"
192.168.1.100 - - [23/Aug/2025:04:31:11 +0300] "POST / HTTP/1.1" 200 2601 "https://example.com/" "Mozilla/5.0 (Macintosh; Intel Mac OS X 10_15_7) AppleWebKit/537.36"
10.0.0.50 - - [23/Aug/2025:12:07:28 +0300] "GET /api/v1/users HTTP/1.1" 200 2148 "https://example.com/" "Googlebot/2.1 (+http://www.google.com/bot.html)"
192.168.1.101 - - [23/Aug/2025:05:27:30 +0300] "GET /contact HTTP/1.1" 200 4117 "https://www.bing.com/" "Mozilla/5.0 (Windows NT 10.0; Win64; x64) AppleWebKit/537.36"
192.168.1.100 - - [23/Aug/2025:09:27:03 +0300] "GET /about HTTP/1.1" 404 667 "https://www.bing.com/" "Mozilla/5.0 (Windows NT 10.0; Win64; x64) AppleWebKit/537.36"
10.0.0.50 - - [23/Aug/2025:06:51:56 +0300] "GET / HTTP/1.1" 200 362 "https://www.google.com/" "Mozilla/5.0 (Windows NT 10.0; Win64; x64) AppleWebKit/537.36"
10.0.0.50 - - [22/Aug/2025:22:19:08 +0300] "GET /products HTTP/1.1" 200 4555 "https://example.com/" "Googlebot/2.1 (+http://www.google.com/bot.html)"
172.16.0.11 - - [22/Aug/2025:19:13:08 +0300] "POST /api/v1/users HTTP/1.1" 200 1693 "https://socialmedia.com/post/123" "curl/7.68.0"
192.168.1.102 - - [23/Aug/2025:12:32:29 +0300] "GET /products HTTP/1.1" 200 4339 "https://www.bing.com/" "Googlebot/2.1 (+http://www.google.com/bot.html)"
192.168.1.102 - - [22/Aug/2025:23:48:45 +0300] "GET / HTTP/1.1" 304 369 "-" "Googlebot/2.1 (+http://www.google.com/bot.html)"
192.168.1.100 - - [22/Aug/2025:20:29:52 +0300] "GET /api/v1/products HTTP/1.1" 200 2306 "https://example.com/" "curl/7.68.0"
192.168.1.101 - - [22/Aug/2025:21:55:37 +0300] "GET / HTTP/1.1" 200 1685 "https://www.google.com/" "Googlebot/2.1 (+http://www.google.com/bot.html)"
192.168.1.102 - - [23/Aug/2025:02:31:31 +0300] "GET /about HTTP/1.1" 200 1372 "https://www.google.com/" "Googlebot/2.1 (+http://www.google.com/bot.html)"
172.16.0.12 - - [22/Aug/2025:23:54:57 +0300] "GET / HTTP/1.1" 200 4257 "https://example.com/" "curl/7.68.0"
192.168.1.101 - - [23/Aug/2025:01:21:30 +0300] "GET /about HTTP/1.1" 404 502 "https://www.bing.com/" "curl/7.68.0"
172.16.0.12 - - [23/Aug/2025:10:41:40 +0300] "DELETE /api/v1/orders HTTP/1.1" 200 4897 "https://www.bing.com/" "Googlebot/2.1 (+http://www.google.com/bot.html)"
172.16.0.11 - - [23/Aug/2025:04:09:04 +0300] "GET /about HTTP/1.1" 304 2667 "https://www.google.com/" "Mozilla/5.0 (X11; Linux x86_64) AppleWebKit/537.36"
192.168.1.101 - - [23/Aug/2025:17:11:30 +0300] "GET /products/electronics HTTP/1.1" 200 4259 "https://www.google.com/" "Mozilla/5.0 (Windows NT 10.0; Win64; x64) AppleWebKit/537.36"
192.168.1.100 - - [23/Aug/2025:03:34:38 +0300] "GET /about HTTP/1.1" 200 4745 "https://socialmedia.com/post/123" "Mozilla/5.0 (X11; Linux x86_64) AppleWebKit/537.36"
172.16.0.10 - - [23/Aug/2025:15:57:45 +0300] "GET /about HTTP/1.1" 200 1219 "https://socialmedia.com/post/123" "Mozilla/5.0 (Windows NT 10.0; Win64; x64) AppleWebKit/537.36"
192.168.1.100 - - [23/Aug/2025:04:37:10 +0300] "GET / HTTP/1.1" 404 3823 "https://www.google.com/" "curl/7.68.0"
10.0.0.51 - - [22/Aug/2025:20:00:19 +0300] "GET /products HTTP/1.1" 200 4293 "https://www.google.com/" "Mozilla/5.0 (X11; Linux x86_64) AppleWebKit/537.36"
192.168.1.100 - - [23/Aug/2025:09:54:51 +0300] "GET /about HTTP/1.1" 200 2236 "https://socialmedia.com/post/123" "Mozilla/5.0 (Windows NT 10.0; Win64; x64) AppleWebKit/537.36"
172.16.0.11 - - [23/Aug/2025:16:33:22 +0300] "GET / HTTP/1.1" 200 2107 "https://socialmedia.com/post/123" "Mozilla/5.0 (X11; Linux x86_64) AppleWebKit/537.36"
192.168.1.100 - - [23/Aug/2025:09:42:50 +0300] "GET /products HTTP/1.1" 500 347 "https://socialmedia.com/post/123" "Mozilla/5.0 (Macintosh; Intel Mac OS X 10_15_7) AppleWebKit/537.36"
192.168.1.101 - - [22/Aug/2025:18:26:04 +0300] "POST /products HTTP/1.1" 404 2107 "https://example.com/" "Mozilla/5.0 (Macintosh; Intel Mac OS X 10_15_7) AppleWebKit/537.36"
192.168.1.102 - - [23/Aug/2025:12:51:31 +0300] "POST /api/v1/orders HTTP/1.1" 200 1531 "https://www.google.com/" "Mozilla/5.0 (Windows NT 10.0; Win64; x64) AppleWebKit/537.36"
192.168.1.102 - - [23/Aug/2025:02:40:26 +0300] "GET /about HTTP/1.1" 200 862 "https://socialmedia.com/post/123" "Mozilla/5.0 (X11; Linux x86_64) AppleWebKit/537.36"
192.168.1.101 - - [23/Aug/2025:02:01:43 +0300] "GET /user/profile HTTP/1.1" 200 3111 "https://socialmedia.com/post/123" "Mozilla/5.0 (Windows NT 10.0; Win64; x64) AppleWebKit/537.36"
192.168.1.101 - - [22/Aug/2025:17:47:04 +0300] "POST / HTTP/1.1" 200 4229 "https://socialmedia.com/post/123" "curl/7.68.0"
192.168.1.101 - - [23/Aug/2025:07:08:07 +0300] "GET /search HTTP/1.1" 200 3488 "-" "curl/7.68.0"
10.0.0.50 - - [23/Aug/2025:01:54:45 +0300] "POST /search HTTP/1.1" 500 3127 "https://example.com/" "Mozilla/5.0 (X11; Linux x86_64) AppleWebKit/537.36"
172.16.0.10 - - [23/Aug/2025:01:11:20 +0300] "POST /cart HTTP/1.1" 200 934 "https://socialmedia.com/post/123" "Mozilla/5.0 (X11; Linux x86_64) AppleWebKit/537.36"
10.0.0.50 - - [23/Aug/2025:04:57:56 +0300] "GET /user/profile HTTP/1.1" 404 3855 "-" "Googlebot/2.1 (+http://www.google.com/bot.html)"
192.168.1.100 - - [23/Aug/2025:00:18:58 +0300] "GET /api/v1/products HTTP/1.1" 200 437 "https://example.com/" "Mozilla/5.0 (X11; Linux x86_64) AppleWebKit/537.36"
192.168.1.101 - - [23/Aug/2025:10:40:09 +0300] "GET /products HTTP/1.1" 304 724 "https://socialmedia.com/post/123" "curl/7.68.0"
192.168.1.100 - - [23/Aug/2025:10:02:55 +0300] "GET /products HTTP/1.1" 404 596 "https://www.google.com/" "Googlebot/2.1 (+http://www.google.com/bot.html)"
192.168.1.102 - - [23/Aug/2025:13:33:56 +0300] "GET /cart HTTP/1.1" 200 4128 "-" "Mozilla/5.0 (X11; Linux x86_64) AppleWebKit/537.36"
192.168.1.101 - - [22/Aug/2025:22:42:54 +0300] "GET /blog/post/123 HTTP/1.1" 200 3196 "https://www.bing.com/" "Mozilla/5.0 (X11; Linux x86_64) AppleWebKit/537.36"
192.168.1.100 - - [23/Aug/2025:13:56:28 +0300] "POST / HTTP/1.1" 200 3015 "-" "Mozilla/5.0 (Windows NT 10.0; Win64; x64) AppleWebKit/537.36"
192.168.1.102 - - [22/Aug/2025:22:41:39 +0300] "GET /products/clothing HTTP/1.1" 304 296 "https://socialmedia.com/post/123" "Mozilla/5.0 (Windows NT 10.0; Win64; x64) AppleWebKit/537.36"
192.168.1.101 - - [23/Aug/2025:13:08:16 +0300] "GET / HTTP/1.1" 200 4717 "https://www.google.com/" "Mozilla/5.0 (Macintosh; Intel Mac OS X 10_15_7) AppleWebKit/537.36"
10.0.0.50 - - [23/Aug/2025:05:05:37 +0300] "GET / HTTP/1.1" 200 3027 "https://example.com/" "Mozilla/5.0 (Windows NT 10.0; Win64; x64) AppleWebKit/537.36"
192.168.1.100 - - [23/Aug/2025:10:18:43 +0300] "POST /api/v1/users HTTP/1.1" 200 3989 "https://www.google.com/" "curl/7.68.0"
10.0.0.50 - - [23/Aug/2025:01:36:33 +0300] "GET / HTTP/1.1" 500 3985 "https://example.com/" "Mozilla/5.0 (Macintosh; Intel Mac OS X 10_15_7) AppleWebKit/537.36"
172.16.0.10 - - [23/Aug/2025:12:43:50 +0300] "GET / HTTP/1.1" 200 2540 "https://www.google.com/" "Mozilla/5.0 (X11; Linux x86_64) AppleWebKit/537.36"
192.168.1.102 - - [23/Aug/2025:03:55:50 +0300] "GET /products HTTP/1.1" 304 427 "https://www.bing.com/" "curl/7.68.0"
192.168.1.101 - - [23/Aug/2025:14:21:56 +0300] "GET /products HTTP/1.1" 200 4268 "-" "Googlebot/2.1 (+http://www.google.com/bot.html)"
10.0.0.50 - - [23/Aug/2025:09:05:45 +0300] "GET /products/electronics HTTP/1.1" 500 3088 "https://socialmedia.com/post/123" "Mozilla/5.0 (X11; Linux x86_64) AppleWebKit/537.36"
172.16.0.10 - - [22/Aug/2025:20:41:30 +0300] "GET /admin HTTP/1.1" 304 3309 "-" "Mozilla/5.0 (Windows NT 10.0; Win64; x64) AppleWebKit/537.36"
192.168.1.100 - - [22/Aug/2025:22:42:55 +0300] "GET /blog/post/123 HTTP/1.1" 304 2824 "https://example.com/" "Googlebot/2.1 (+http://www.google.com/bot.html)"
192.168.1.102 - - [22/Aug/2025:17:59:14 +0300] "GET /cart HTTP/1.1" 200 1865 "https://www.google.com/" "Mozilla/5.0 (Macintosh; Intel Mac OS X 10_15_7) AppleWebKit/537.36"
192.168.1.100 - - [22/Aug/2025:18:05:30 +0300] "GET /about HTTP/1.1" 304 3320 "https://www.google.com/" "Googlebot/2.1 (+http://www.google.com/bot.html)"
192.168.1.101 - - [22/Aug/2025:20:34:29 +0300] "POST /contact HTTP/1.1" 200 583 "-" "Mozilla/5.0 (Macintosh; Intel Mac OS X 10_15_7) AppleWebKit/537.36"
10.0.0.50 - - [23/Aug/2025:14:28:56 +0300] "GET /about HTTP/1.1" 200 749 "https://www.google.com/" "Mozilla/5.0 (X11; Linux x86_64) AppleWebKit/537.36"
192.168.1.101 - - [23/Aug/2025:15:31:17 +0300] "GET / HTTP/1.1" 200 4671 "-" "Mozilla/5.0 (X11; Linux x86_64) AppleWebKit/537.36"
192.168.1.100 - - [23/Aug/2025:00:27:12 +0300] "POST / HTTP/1.1" 200 4415 "-" "Mozilla/5.0 (Windows NT 10.0; Win64; x64) AppleWebKit/537.36"
