172.16.0.11 - - [22/Aug/2025:21:38:21 +0300] "GET /contact HTTP/1.1" 200 2395 "-" "Mozilla/5.0 (X11; Linux x86_64) AppleWebKit/537.36"
192.168.1.100 - - [22/Aug/2025:22:07:19 +0300] "GET /api/v1/users HTTP/1.1" 200 4352 "-" "Mozilla/5.0 (Macintosh; Intel Mac OS X 10_15_7) AppleWebKit/537.36"
192.168.1.102 - - [23/Aug/2025:00:06:32 +0300] "GET /products HTTP/1.1" 404 2862 "https://www.google.com/" "Mozilla/5.0 (Macintosh; Intel Mac OS X 10_15_7) AppleWebKit/537.36"
10.0.0.50 - - [22/Aug/2025:23:16:54 +0300] "GET /admin HTTP/1.1" 304 3021 "https://example.com/" "Googlebot/2.1 (+http://www.google.com/bot.html)"
192.168.1.101 - - [22/Aug/2025:23:43:24 +0300] "GET /contact HTTP/1.1" 200 2426 "https://socialmedia.com/post/123" "Googlebot/2.1 (+http://www.google.com/bot.html)"
192.168.1.101 - - [22/Aug/2025:18:15:26 +0300] "DELETE / HTTP/1.1" 500 987 "-" "Mozilla/5.0 (Macintosh; Intel Mac OS X 10_15_7) AppleWebKit/537.36"
10.0.0.50 - - [23/Aug/2025:16:28:45 +0300] "GET / HTTP/1.1" 200 2763 "https://www.google.com/" "curl/7.68.0"
192.168.1.101 - - [22/Aug/2025:21:15:00 +0300] "GET /api/v1/users HTTP/1.1" 200 4775 "https://example.com/" "Mozilla/5.0 (Windows NT 10.0; Win64; x64) AppleWebKit/537.36"
10.0.0.50 - - [22/Aug/2025:20:34:59 +0300] "GET /checkout HTTP/1.1" 404 3886 "-" "Googlebot/2.1 (+http://www.google.com/bot.html)"
192.168.1.100 - - [23/Aug/2025:02:33:00 +0300] "GET /products HTTP/1.1" 200 2652 "-" "Googlebot/2.1 (+http://www.google.com/bot.html)"
192.168.1.100 - - [23/Aug/2025:02:42:13 +0300] "POST /contact HTTP/1.1" 404 3817 "https://www.bing.com/" "Mozilla/5.0 (X11; Linux x86_64) AppleWebKit/537.36"
10.0.0.50 - - [23/Aug/2025:08:21:25 +0300] "POST /about HTTP/1.1" 500 3693 "https://www.bing.com/" "Mozilla/5.0 (Windows NT 10.0; Win64; x64) AppleWebKit/537.36"
172.16.0.11 - - [23/Aug/2025:00:09:20 +0300] "GET /api/v1/users HTTP/1.1" 200 1969 "https://www.bing.com/" "Googlebot/2.1 (+http://www.google.com/bot.html)"
192.168.1.101 - - [23/Aug/2025:04:10:07 +0300] "GET /admin HTTP/1.1" 200 4764 "https://socialmedia.com/post/123" "Googlebot/2.1 (+http://www.google.com/bot.html)"
172.16.0.11 - - [22/Aug/2025:17:45:06 +0300] "GET /products/clothing HTTP/1.1" 200 888 "-" "Mozilla/5.0 (X11; Linux x86_64) AppleWebKit/537.36"
192.168.1.102 - - [22/Aug/2025:20:18:31 +0300] "GET /products HTTP/1.1" 200 4833 "https://socialmedia.com/post/123" "Mozilla/5.0 (Macintosh; Intel Mac OS X 10_15_7) AppleWebKit/537.36"
192.168.1.100 - - [23/Aug/2025:14:38:05 +0300] "GET /products/clothing HTTP/1.1" 200 241 "-" "curl/7.68.0"
10.0.0.51 - - [23/Aug/2025:00:42:54 +0300] "GET /admin HTTP/1.1" 404 3329 "-" "Googlebot/2.1 (+http://www.google.com/bot.html)"
10.0.0.51 - - [23/Aug/2025:00:20:59 +0300] "GET / HTTP/1.1" 200 4859 "-" "Mozilla/5.0 (Macintosh; Intel Mac OS X 10_15_7) AppleWebKit/537.36"
10.0.0.50 - - [23/Aug/2025:15:17:50 +0300] "GET /api/v1/products HTTP/1.1" 304 3211 "https://socialmedia.com/post/123" "Mozilla/5.0 (Windows NT 10.0; Win64; x64) AppleWebKit/537.36"
192.168.1.101 - - [23/Aug/2025:13:47:04 +0300] "GET / HTTP/1.1" 200 3727 "https://example.com/" "curl/7.68.0"
192.168.1.100 - - [23/Aug/2025:13:22:16 +0300] "GET /products HTTP/1.1" 200 2605 "-" "Mozilla/5.0 (Macintosh; Intel Mac OS X 10_15_7) AppleWebKit/537.36"
192.168.1.102 - - [23/Aug/2025:03:44:01 +0300] "POST / HTTP/1.1" 304 2705 "https://www.google.com/" "curl/7.68.0"
10.0.0.51 - - [23/Aug/2025:12:56:24 +0300] "GET / HTTP/1.1" 304 2536 "https://socialmedia.com/post/123" "Mozilla/5.0 (Windows NT 10.0; Win64; x64) AppleWebKit/537.36"
192.168.1.101 - - [22/Aug/2025:20:52:31 +0300] "POST /about HTTP/1.1" 200 2189 "https://socialmedia.com/post/123" "Mozilla/5.0 (Macintosh; Intel Mac OS X 10_15_7) AppleWebKit/537.36"
192.168.1.101 - - [23/Aug/2025:10:43:32 +0300] "GET /products HTTP/1.1" 200 638 "https://www.google.com/" "curl/7.68.0"
172.16.0.10 - - [22/Aug/2025:21:56:53 +0300] "POST /about HTTP/1.1" 200 579 "https://example.com/" "curl/7.68.0"
192.168.1.102 - - [23/Aug/2025:03:10:53 +0300] "GET /products HTTP/1.1" 404 3683 "https://socialmedia.com/post/123" "Mozilla/5.0 (Windows NT 10.0; Win64; x64) AppleWebKit/537.36"
10.0.0.50 - - [22/Aug/2025:20:32:19 +0300] "GET /about HTTP/1.1" 200 1290 "-" "Mozilla/5.0 (X11; Linux x86_64) AppleWebKit/537.36"
10.0.0.51 - - [23/Aug/2025:06:08:05 +0300] "GET /about HTTP/1.1" 200 3605 "https://www.google.com/" "curl/7.68.0"
192.168.1.101 - - [23/Aug/2025:09:11:05 +0300] "GET /about HTTP/1.1" 200 549 "https://www.bing.com/" "curl/7.68.0"
192.168.1.101 - - [23/Aug/2025:10:25:35 +0300] "GET /admin HTTP/1.1" 404 4492 "https://socialmedia.com/post/123" "Mozilla/5.0 (Windows NT 10.0; Win64; x64) AppleWebKit/537.36"
192.168.1.100 - - [23/Aug/2025:16:21:29 +0300] "GET /api/v1/users HTTP/1.1" 500 792 "https://example.com/" "Googlebot/2.1 (+http://www.google.com/bot.html)"
192.168.1.101 - - [23/Aug/2025:06:44:40 +0300] "GET /products/electronics HTTP/1.1" 200 4807 "-" "Mozilla/5.0 (Macintosh; Intel Mac OS X 10_15_7) AppleWebKit/537.36"
192.168.1.100 - - [23/Aug/2025:11:44:30 +0300] "GET /search HTTP/1.1" 200 3572 "https://socialmedia.com/post/123" "curl/7.68.0"
192.168.1.102 - - [23/Aug/2025:14:05:12 +0300] "GET /products/electronics HTTP/1.1" 200 837 "https://www.google.com/" "curl/7.68.0"
192.168.1.100 - - [22/Aug/2025:21:56:38 +0300] "GET /about HTTP/1.1" 200 1737 "https://example.com/" "curl/7.68.0"
192.168.1.100 - - [23/Aug/2025:12:42:48 +0300] "GET /api/v1/users HTTP/1.1" 200 1190 "https://www.bing.com/" "Mozilla/5.0 (X11; Linux x86_64) AppleWebKit/537.36"
192.168.1.101 - - [22/Aug/2025:18:48:15 +0300] "GET /products/clothing HTTP/1.1" 500 889 "-" "Googlebot/2.1 (+http://www.google.com/bot.html)"
192.168.1.102 - - [23/Aug/2025:14:40:18 +0300] "GET /api/v1/users HTTP/1.1" 200 3823 "https://www.bing.com/" "Mozilla/5.0 (Windows NT 10.0; Win64; x64) AppleWebKit/537.36"
192.168.1.102 - - [23/Aug/2025:16:26:20 +0300] "GET / HTTP/1.1" 200 4837 "-" "Mozilla/5.0 (Macintosh; Intel Mac OS X 10_15_7) AppleWebKit/537.36"
192.168.1.100 - - [23/Aug/2025:14:01:14 +0300] "GET /products/electronics HTTP/1.1" 200 434 "https://socialmedia.com/post/123" "curl/7.68.0"
192.168.1.100 - - [22/Aug/2025:17:18:15 +0300] "GET / HTTP/1.1" 404 4061 "https://socialmedia.com/post/123" "Mozilla/5.0 (X11; Linux x86_64) AppleWebKit/537.36"
192.168.1.100 - - [23/Aug/2025:11:24:01 +0300] "GET /products HTTP/1.1" 200 1558 "https://www.bing.com/" "Mozilla/5.0 (Windows NT 10.0; Win64; x64) AppleWebKit/537.36"
192.168.1.100 - - [23/Aug/2025:03:22:51 +0300] "GET / HTTP/1.1" 200 4619 "https://socialmedia.com/post/123" "Mozilla/5.0 (X11; Linux x86_64) AppleWebKit/537.36"
172.16.0.10 - - [22/Aug/2025:17:24:21 +0300] "GET /user/profile HTTP/1.1" 200 1877 "https://example.com/" "curl/7.68.0"
172.16.0.11 - - [23/Aug/2025:07:21:42 +0300] "POST / HTTP/1.1" 304 1263 "-" "curl/7.68.0"
192.168.1.102 - - [22/Aug/2025:20:23:46 +0300] "GET /api/v1/users HTTP/1.1" 200 894 "https://www.bing.com/" "Googlebot/2.1 (+http://www.google.com/bot.html)"
10.0.0.50 - - [23/Aug/2025:01:56:10 +0300] "GET / HTTP/1.1" 404 2549 "https://www.google.com/" "Mozilla/5.0 (Windows NT 10.0; Win64; x64) AppleWebKit/537.36"
10.0.0.51 - - [22/Aug/2025:23:23:36 +0300] "GET /products HTTP/1.1" 404 4171 "-" "Mozilla/5.0 (X11; Linux x86_64) AppleWebKit/537.36"
10.0.0.51 - - [23/Aug/2025:08:53:21 +0300] "GET / HTTP/1.1" 200 4459 "https://example.com/" "Mozilla/5.0 (Windows NT 10.0; Win64; x64) AppleWebKit/537.36"
192.168.1.100 - - [22/Aug/2025:23:40:07 +0300] "GET / HTTP/1.1" 200 3994 "-" "Mozilla/5.0 (Windows NT 10.0; Win64; x64) AppleWebKit/537.36"
10.0.0.51 - - [22/Aug/2025:20:22:28 +0300] "GET /api/v1/users HTTP/1.1" 200 3256 "https://example.com/" "Mozilla/5.0 (X11; Linux x86_64) AppleWebKit/537.36"
192.168.1.100 - - [23/Aug/2025:05:17:47 +0300] "GET / HTTP/1.1" 404 1898 "https://www.bing.com/" "curl/7.68.0"
192.168.1.101 - - [23/Aug/2025:00:22:48 +0300] "GET /products/clothing HTTP/1.1" 200 2324 "https://www.bing.com/" "Mozilla/5.0 (X11; Linux x86_64) AppleWebKit/537.36"
192.168.1.100 - - [23/Aug/2025:06:57:35 +0300] "POST / HTTP/1.1" 200 1287 "https://example.com/" "Googlebot/2.1 (+http://www.google.com/bot.html)"
192.168.1.100 - - [22/Aug/2025:18:21:17 +0300] "GET / HTTP/1.1" 200 2949 "https://www.google.com/" "Googlebot/2.1 (+http://www.google.com/bot.html)"
192.168.1.102 - - [23/Aug/2025:08:46:38 +0300] "GET /products HTTP/1.1" 404 368 "https://www.bing.com/" "Mozilla/5.0 (Windows NT 10.0; Win64; x64) AppleWebKit/537.36"
192.168.1.101 - - [23/Aug/2025:09:23:32 +0300] "POST /products/electronics HTTP/1.1" 200 3640 "https://www.bing.com/" "Mozilla/5.0 (Macintosh; Intel Mac OS X 10_15_7) AppleWebKit/537.36"
10.0.0.50 - - [23/Aug/2025:08:27:28 +0300] "POST /api/v1/users HTTP/1.1" 500 3862 "https://www.bing.com/" "Mozilla/5.0 (Windows NT 10.0; Win64; x64) AppleWebKit/537.36"
192.168.1.100 - - [23/Aug/2025:12:24:45 +0300] "GET / HTTP/1.1" 200 2100 "https://example.com/" "Googlebot/2.1 (+http://www.google.com/bot.html)"
192.168.1.101 - - [23/Aug/2025:04:21:42 +0300] "GET /cart HTTP/1.1" 500 4495 "https://www.bing.com/" "Mozilla/5.0 (X11; Linux x86_64) AppleWebKit/537.36"
10.0.0.51 - - [23/Aug/2025:13:52:49 +0300] "GET /products HTTP/1.1" 200 687 "https://www.bing.com/" "Mozilla/5.0 (X11; Linux x86_64) AppleWebKit/537.36"
192.168.1.100 - - [23/Aug/2025:00:20:08 +0300] "GET /about HTTP/1.1" 200 3479 "https://socialmedia.com/post/123" "Mozilla/5.0 (Windows NT 10.0; Win64; x64) AppleWebKit/537.36"
172.16.0.10 - - [23/Aug/2025:10:22:36 +0300] "GET / HTTP/1.1" 200 2646 "https://socialmedia.com/post/123" "curl/7.68.0"
10.0.0.51 - - [22/Aug/2025:17:44:34 +0300] "GET /cart HTTP/1.1" 200 1180 "https://example.com/" "Mozilla/5.0 (Macintosh; Intel Mac OS X 10_15_7) AppleWebKit/537.36"
192.168.1.101 - - [22/Aug/2025:21:16:00 +0300] "GET / HTTP/1.1" 200 421 "https://www.bing.com/" "Mozilla/5.0 (X11; Linux x86_64) AppleWebKit/537.36"
192.168.1.100 - - [23/Aug/2025:12:38:06 +0300] "GET / HTTP/1.1" 500 381 "https://www.google.com/" "Mozilla/5.0 (X11; Linux x86_64) AppleWebKit/537.36"
192.168.1.100 - - [22/Aug/2025:19:49:00 +0300] "GET /api/v1/users HTTP/1.1" 200 4212 "-" "Mozilla/5.0 (X11; Linux x86_64) AppleWebKit/537.36"
192.168.1.102 - - [23/Aug/2025:08:33:49 +0300] "GET /products/clothing HTTP/1.1" 200 4022 "https://socialmedia.com/post/123" "Mozilla/5.0 (X11; Linux x86_64) AppleWebKit/537.36"
192.168.1.100 - - [23/Aug/2025:10:46:54 +0300] "POST /contact HTTP/1.1" 200 1571 "https://www.google.com/" "Mozilla/5.0 (X11; Linux x86_64) AppleWebKit/537.36"
192.168.1.100 - - [22/Aug/2025:17:49:30 +0300] "GET /products/electronics HTTP/1.1" 200 4063 "-" "Mozilla/5.0 (Windows NT 10.0; Win64; x64) AppleWebKit/537.36"
192.168.1.102 - - [23/Aug/2025:11:29:42 +0300] "GET /admin HTTP/1.1" 200 4704 "https://www.google.com/" "curl/7.68.0"
192.168.1.100 - - [22/Aug/2025:20:37:47 +0300] "GET /products HTTP/1.1" 500 5057 "https://www.bing.com/" "Mozilla/5.0 (Windows NT 10.0; Win64; x64) AppleWebKit/537.36"
10.0.0.50 - - [22/Aug/2025:22:33:56 +0300] "POST / HTTP/1.1" 200 1272 "https://socialmedia.com/post/123" "curl/7.68.0"
192.168.1.101 - - [22/Aug/2025:23:02:43 +0300] "POST /products HTTP/1.1" 200 4749 "https://example.com/" "Mozilla/5.0 (X11; Linux x86_64) AppleWebKit/537.36"
192.168.1.102 - - [23/Aug/2025:10:20:38 +0300] "GET /products HTTP/1.1" 200 2441 "https://socialmedia.com/post/123" "Mozilla/5.0 (X11; Linux x86_64) AppleWebKit/537.36"
10.0.0.50 - - [23/Aug/2025:13:10:48 +0300] "POST /products/clothing HTTP/1.1" 404 1338 "https://example.com/" "Mozilla/5.0 (Macintosh; Intel Mac OS X 10_15_7) AppleWebKit/537.36"
192.168.1.101 - - [23/Aug/2025:12:47:26 +0300] "GET / HTTP/1.1" 200 1496 "https://www.google.com/" "Mozilla/5.0 (Macintosh; Intel Mac OS X 10_15_7) AppleWebKit/537.36"
192.168.1.100 - - [23/Aug/2025:14:18:12 +0300] "GET /contact HTTP/1.1" 200 4881 "https://www.google.com/" "Googlebot/2.1 (+http://www.google.com/bot.html)"
192.168.1.100 - - [23/Aug/2025:04:45:12 +0300] "GET /products/books HTTP/1.1" 500 4630 "https://example.com/" "Googlebot/2.1 (+http://www.google.com/bot.html)"
192.168.1.100 - - [23/Aug/2025:10:24:02 +0300] "GET /search HTTP/1.1" 304 1209 "https://example.com/" "Mozilla/5.0 (X11; Linux x86_64) AppleWebKit/537.36"
192.168.1.100 - - [23/Aug/2025:07:00:17 +0300] "GET / HTTP/1.1" 200 555 "https://socialmedia.com/post/123" "Mozilla/5.0 (Windows NT 10.0; Win64; x64) AppleWebKit/537.36"
192.168.1.100 - - [23/Aug/2025:03:01:03 +0300] "GET / HTTP/1.1" 304 4911 "https://www.google.com/" "Googlebot/2.1 (+http://www.google.com/bot.html)"
192.168.1.100 - - [22/Aug/2025:23:03:41 +0300] "GET /products/electronics HTTP/1.1" 200 545 "https://www.google.com/" "Mozilla/5.0 (Macintosh; Intel Mac OS X 10_15_7) AppleWebKit/537.36"
192.168.1.102 - - [23/Aug/2025:12:01:15 +0300] "GET /cart HTTP/1.1" 200 3704 "-" "curl/7.68.0"
192.168.1.101 - - [23/Aug/2025:12:25:46 +0300] "GET / HTTP/1.1" 200 1341 "https://www.google.com/" "curl/7.68.0"
192.168.1.101 - - [23/Aug/2025:09:12:39 +0300] "GET /contact HTTP/1.1" 404 4925 "https://example.com/" "Mozilla/5.0 (X11; Linux x86_64) AppleWebKit/537.36"
10.0.0.50 - - [23/Aug/2025:06:45:43 +0300] "GET /products/electronics HTTP/1.1" 200 2335 "https://www.google.com/" "Mozilla/5.0 (Windows NT 10.0; Win64; x64) AppleWebKit/537.36"
192.168.1.100 - - [23/Aug/2025:14:19:35 +0300] "GET / HTTP/1.1" 200 3906 "https://www.google.com/" "curl/7.68.0"
10.0.0.51 - - [22/Aug/2025:22:30:14 +0300] "POST /api/v1/products HTTP/1.1" 404 853 "https://www.google.com/" "curl/7.68.0"
192.168.1.101 - - [22/Aug/2025:23:12:49 +0300] "GET / HTTP/1.1" 304 4517 "https://socialmedia.com/post/123" "Googlebot/2.1 (+http://www.google.com/bot.html)"
192.168.1.100 - - [23/Aug/2025:05:43:35 +0300] "POST / HTTP/1.1" 404 3045 "-" "Mozilla/5.0 (Windows NT 10.0; Win64; x64) AppleWebKit/537.36"
192.168.1.101 - - [23/Aug/2025:11:55:50 +0300] "POST /admin HTTP/1.1" 200 1742 "-" "Mozilla/5.0 (Macintosh; Intel Mac OS X 10_15_7) AppleWebKit/537.36"
192.168.1.100 - - [22/Aug/2025:21:22:45 +0300] "GET / HTTP/1.1" 500 3027 "https://www.bing.com/" "Mozilla/5.0 (Windows NT 10.0; Win64; x64) AppleWebKit/537.36"
192.168.1.101 - - [23/Aug/2025:01:18:50 +0300] "GET /products/electronics HTTP/1.1" 200 2500 "https://example.com/" "Googlebot/2.1 (+http://www.google.com/bot.html)"
192.168.1.102 - - [23/Aug/2025:04:19:52 +0300] "POST /api/v1/users HTTP/1.1" 200 4779 "-" "Mozilla/5.0 (Windows NT 10.0; Win64; x64) AppleWebKit/537.36"
172.16.0.10 - - [23/Aug/2025:17:09:29 +0300] "GET /user/profile HTTP/1.1" 200 4902 "https://www.bing.com/" "Googlebot/2.1 (+http://www.google.com/bot.html)"
192.168.1.102 - - [23/Aug/2025:03:16:05 +0300] "GET /api/v1/users HTTP/1.1" 200 3749 "https://www.google.com/" "curl/7.68.0"
192.168.1.100 - - [23/Aug/2025:05:36:37 +0300] "POST / HTTP/1.1" 404 912 "https://example.com/" "Googlebot/2.1 (+http://www.google.com/bot.html)"
192.168.1.100 - - [22/Aug/2025:21:06:26 +0300] "GET /products/books HTTP/1.1" 200 4016 "https://www.bing.com/" "Mozilla/5.0 (Macintosh; Intel Mac OS X 10_15_7) AppleWebKit/537.36"
192.168.1.101 - - [23/Aug/2025:03:18:30 +0300] "GET / HTTP/1.1" 200 2165 "https://socialmedia.com/post/123" "Googlebot/2.1 (+http://www.google.com/bot.html)"
192.168.1.100 - - [23/Aug/2025:06:32:26 +0300] "GET /api/v1/users HTTP/1.1" 200 4000 "https://www.bing.com/" "Mozilla/5.0 (X11; Linux x86_64) AppleWebKit/537.36"
192.168.1.100 - - [23/Aug/2025:00:28:37 +0300] "GET / HTTP/1.1" 404 1442 "https://example.com/" "Mozilla/5.0 (Windows NT 10.0; Win64; x64) AppleWebKit/537.36"
192.168.1.102 - - [23/Aug/2025:00:56:29 +0300] "GET /cart HTTP/1.1" 200 4547 "https://example.com/" "Mozilla/5.0 (Windows NT 10.0; Win64; x64) AppleWebKit/537.36"
192.168.1.100 - - [23/Aug/2025:07:57:57 +0300] "GET /products/clothing HTTP/1.1" 200 956 "https://example.com/" "Mozilla/5.0 (Macintosh; Intel Mac OS X 10_15_7) AppleWebKit/537.36"
192.168.1.102 - - [23/Aug/2025:06:38:33 +0300] "POST / HTTP/1.1" 500 4793 "https://socialmedia.com/post/123" "Googlebot/2.1 (+http://www.google.com/bot.html)"
192.168.1.102 - - [23/Aug/2025:13:43:36 +0300] "GET /products/clothing HTTP/1.1" 200 4051 "https://example.com/" "Mozilla/5.0 (Macintosh; Intel Mac OS X 10_15_7) AppleWebKit/537.36"
192.168.1.102 - - [23/Aug/2025:13:20:04 +0300] "GET /products/electronics HTTP/1.1" 200 786 "https://socialmedia.com/post/123" "Mozilla/5.0 (X11; Linux x86_64) AppleWebKit/537.36"
172.16.0.11 - - [23/Aug/2025:09:50:13 +0300] "GET /api/v1/users HTTP/1.1" 304 2972 "https://www.bing.com/" "Mozilla/5.0 (Macintosh; Intel Mac OS X 10_15_7) AppleWebKit/537.36"
10.0.0.51 - - [23/Aug/2025:12:23:55 +0300] "GET /api/v1/users HTTP/1.1" 200 1890 "https://socialmedia.com/post/123" "Googlebot/2.1 (+http://www.google.com/bot.html)"
192.168.1.101 - - [22/Aug/2025:21:16:29 +0300] "GET /about HTTP/1.1" 200 1837 "https://www.google.com/" "Mozilla/5.0 (X11; Linux x86_64) AppleWebKit/537.36"
192.168.1.101 - - [22/Aug/2025:17:22:36 +0300] "GET / HTTP/1.1" 500 731 "https://socialmedia.com/post/123" "Mozilla/5.0 (Windows NT 10.0; Win64; x64) AppleWebKit/537.36"
10.0.0.50 - - [23/Aug/2025:00:06:43 +0300] "GET /contact HTTP/1.1" 404 432 "https://www.bing.com/" "Mozilla/5.0 (Macintosh; Intel Mac OS X 10_15_7) AppleWebKit/537.36"
192.168.1.100 - - [23/Aug/2025:08:53:40 +0300] "GET / HTTP/1.1" 200 1527 "https://www.google.com/" "Mozilla/5.0 (Macintosh; Intel Mac OS X 10_15_7) AppleWebKit/537.36"
192.168.1.102 - - [23/Aug/2025:17:04:42 +0300] "DELETE /search HTTP/1.1" 200 2188 "https://www.google.com/" "curl/7.68.0"
192.168.1.102 - - [23/Aug/2025:14:49:34 +0300] "GET /products/clothing HTTP/1.1" 200 4235 "https://www.bing.com/" "Mozilla/5.0 (Windows NT 10.0; Win64; x64) AppleWebKit/537.36"
10.0.0.51 - - [22/Aug/2025:18:46:18 +0300] "GET / HTTP/1.1" 304 2750 "https://socialmedia.com/post/123" "Mozilla/5.0 (Windows NT 10.0; Win64; x64) AppleWebKit/537.36"
10.0.0.50 - - [23/Aug/2025:00:08:44 +0300] "GET /products HTTP/1.1" 200 3017 "https://www.google.com/" "Googlebot/2.1 (+http://www.google.com/bot.html)"
192.168.1.101 - - [23/Aug/2025:13:59:46 +0300] "GET /products HTTP/1.1" 200 628 "https://example.com/" "Mozilla/5.0 (Macintosh; Intel Mac OS X 10_15_7) AppleWebKit/537.36"
192.168.1.101 - - [23/Aug/2025:08:44:10 +0300] "GET / HTTP/1.1" 200 1984 "https://example.com/" "Mozilla/5.0 (Windows NT 10.0; Win64; x64) AppleWebKit/537.36"
172.16.0.12 - - [23/Aug/2025:14:14:19 +0300] "GET / HTTP/1.1" 200 3961 "https://example.com/" "Mozilla/5.0 (Macintosh; Intel Mac OS X 10_15_7) AppleWebKit/537.36"
192.168.1.100 - - [22/Aug/2025:17:35:41 +0300] "GET /products/books HTTP/1.1" 200 4200 "https://www.google.com/" "Mozilla/5.0 (Macintosh; Intel Mac OS X 10_15_7) AppleWebKit/537.36"
10.0.0.50 - - [23/Aug/2025:05:49:33 +0300] "GET /api/v1/products HTTP/1.1" 404 1068 "https://example.com/" "Googlebot/2.1 (+http://www.google.com/bot.html)"
192.168.1.100 - - [23/Aug/2025:17:07:05 +0300] "POST /contact HTTP/1.1" 200 4314 "-" "Mozilla/5.0 (Windows NT 10.0; Win64; x64) AppleWebKit/537.36"
192.168.1.102 - - [23/Aug/2025:13:01:46 +0300] "GET /api/v1/users HTTP/1.1" 200 4317 "https://www.bing.com/" "Mozilla/5.0 (Macintosh; Intel Mac OS X 10_15_7) AppleWebKit/537.36"
10.0.0.51 - - [22/Aug/2025:22:35:17 +0300] "GET /checkout HTTP/1.1" 200 1188 "-" "curl/7.68.0"
192.168.1.101 - - [23/Aug/2025:07:51:43 +0300] "GET /checkout HTTP/1.1" 404 2715 "https://example.com/" "curl/7.68.0"
192.168.1.101 - - [23/Aug/2025:08:15:00 +0300] "GET /contact HTTP/1.1" 404 314 "https://www.bing.com/" "Googlebot/2.1 (+http://www.google.com/bot.html)"
192.168.1.100 - - [23/Aug/2025:00:07:38 +0300] "GET /contact HTTP/1.1" 200 4201 "https://www.bing.com/" "Mozilla/5.0 (Windows NT 10.0; Win64; x64) AppleWebKit/537.36"
192.168.1.101 - - [23/Aug/2025:09:31:58 +0300] "GET / HTTP/1.1" 304 1295 "https://example.com/" "curl/7.68.0"
192.168.1.101 - - [23/Aug/2025:06:43:59 +0300] "GET /products/clothing HTTP/1.1" 304 2252 "https://socialmedia.com/post/123" "Mozilla/5.0 (Windows NT 10.0; Win64; x64) AppleWebKit/537.36"
192.168.1.101 - - [23/Aug/2025:05:32:45 +0300] "GET /admin HTTP/1.1" 200 424 "https://www.google.com/" "Mozilla/5.0 (Windows NT 10.0; Win64; x64) AppleWebKit/537.36"
192.168.1.101 - - [23/Aug/2025:04:43:19 +0300] "GET /search HTTP/1.1" 200 4779 "https://www.bing.com/" "Mozilla/5.0 (X11; Linux x86_64) AppleWebKit/537.36"
192.168.1.102 - - [22/Aug/2025:17:49:13 +0300] "GET /contact HTTP/1.1" 200 3815 "https://example.com/" "curl/7.68.0"
192.168.1.100 - - [23/Aug/2025:00:11:45 +0300] "GET /about HTTP/1.1" 200 209 "https://socialmedia.com/post/123" "Mozilla/5.0 (Macintosh; Intel Mac OS X 10_15_7) AppleWebKit/537.36"
192.168.1.101 - - [23/Aug/2025:09:46:12 +0300] "GET /products HTTP/1.1" 200 2601 "https://www.google.com/" "Mozilla/5.0 (Macintosh; Intel Mac OS X 10_15_7) AppleWebKit/537.36"
10.0.0.50 - - [22/Aug/2025:19:29:36 +0300] "GET /blog/post/123 HTTP/1.1" 200 4445 "https://www.bing.com/" "Mozilla/5.0 (X11; Linux x86_64) AppleWebKit/537.36"
192.168.1.100 - - [23/Aug/2025:11:52:07 +0300] "GET / HTTP/1.1" 200 2568 "https://www.bing.com/" "Mozilla/5.0 (Windows NT 10.0; Win64; x64) AppleWebKit/537.36"
172.16.0.11 - - [23/Aug/2025:14:49:13 +0300] "POST /cart HTTP/1.1" 304 3476 "https://socialmedia.com/post/123" "Mozilla/5.0 (Macintosh; Intel Mac OS X 10_15_7) AppleWebKit/537.36"
192.168.1.102 - - [23/Aug/2025:16:05:28 +0300] "POST /about HTTP/1.1" 404 3980 "https://socialmedia.com/post/123" "Googlebot/2.1 (+http://www.google.com/bot.html)"
10.0.0.50 - - [23/Aug/2025:16:07:59 +0300] "POST / HTTP/1.1" 200 2764 "-" "Mozilla/5.0 (X11; Linux x86_64) AppleWebKit/537.36"
192.168.1.101 - - [22/Aug/2025:21:28:29 +0300] "GET /products/electronics HTTP/1.1" 200 2327 "https://example.com/" "Googlebot/2.1 (+http://www.google.com/bot.html)"
10.0.0.51 - - [23/Aug/2025:12:13:46 +0300] "GET /search HTTP/1.1" 200 793 "https://socialmedia.com/post/123" "Googlebot/2.1 (+http://www.google.com/bot.html)"
192.168.1.100 - - [23/Aug/2025:13:23:34 +0300] "GET /about HTTP/1.1" 200 276 "https://socialmedia.com/post/123" "Mozilla/5.0 (X11; Linux x86_64) AppleWebKit/537.36"
192.168.1.101 - - [23/Aug/2025:07:45:57 +0300] "GET /products/clothing HTTP/1.1" 200 1302 "https://socialmedia.com/post/123" "Googlebot/2.1 (+http://www.google.com/bot.html)"
172.16.0.12 - - [22/Aug/2025:20:03:49 +0300] "GET / HTTP/1.1" 200 4416 "https://www.google.com/" "Googlebot/2.1 (+http://www.google.com/bot.html)"
192.168.1.102 - - [23/Aug/2025:00:24:38 +0300] "POST /products/clothing HTTP/1.1" 200 3147 "-" "Googlebot/2.1 (+http://www.google.com/bot.html)"
10.0.0.50 - - [23/Aug/2025:11:42:21 +0300] "DELETE /admin HTTP/1.1" 200 3104 "https://socialmedia.com/post/123" "Mozilla/5.0 (Macintosh; Intel Mac OS X 10_15_7) AppleWebKit/537.36"
172.16.0.11 - - [23/Aug/2025:07:52:37 +0300] "POST / HTTP/1.1" 304 1641 "https://www.bing.com/" "Googlebot/2.1 (+http://www.google.com/bot.html)"
192.168.1.101 - - [23/Aug/2025:04:45:27 +0300] "GET / HTTP/1.1" 404 5022 "https://example.com/" "curl/7.68.0"
192.168.1.100 - - [23/Aug/2025:14:40:29 +0300] "POST /api/v1/users HTTP/1.1" 200 2708 "https://socialmedia.com/post/123" "Googlebot/2.1 (+http://www.google.com/bot.html)"
192.168.1.100 - - [23/Aug/2025:06:02:10 +0300] "PUT /api/v1/users HTTP/1.1" 304 4969 "https://socialmedia.com/post/123" "Googlebot/2.1 (+http://www.google.com/bot.html)"
192.168.1.100 - - [22/Aug/2025:19:52:54 +0300] "POST /products HTTP/1.1" 200 678 "https://socialmedia.com/post/123" "curl/7.68.0"
10.0.0.50 - - [23/Aug/2025:16:54:37 +0300] "GET / HTTP/1.1" 200 4946 "https://socialmedia.com/post/123" "curl/7.68.0"
10.0.0.51 - - [23/Aug/2025:02:28:56 +0300] "GET /contact HTTP/1.1" 200 3725 "https://www.google.com/" "Googlebot/2.1 (+http://www.google.com/bot.html)"
10.0.0.51 - - [23/Aug/2025:07:23:39 +0300] "GET /products HTTP/1.1" 500 3021 "https://www.google.com/" "Googlebot/2.1 (+http://www.google.com/bot.html)"
192.168.1.100 - - [23/Aug/2025:14:19:46 +0300] "GET /about HTTP/1.1" 200 1399 "https://socialmedia.com/post/123" "Googlebot/2.1 (+http://www.google.com/bot.html)"
192.168.1.100 - - [22/Aug/2025:23:34:00 +0300] "GET /api/v1/products HTTP/1.1" 304 2600 "-" "Mozilla/5.0 (X11; Linux x86_64) AppleWebKit/537.36"
192.168.1.100 - - [23/Aug/2025:16:46:57 +0300] "POST / HTTP/1.1" 200 4018 "https://www.google.com/" "Mozilla/5.0 (Macintosh; Intel Mac OS X 10_15_7) AppleWebKit/537.36"
10.0.0.50 - - [23/Aug/2025:09:02:25 +0300] "GET /api/v1/products HTTP/1.1" 500 3468 "https://example.com/" "Mozilla/5.0 (Windows NT 10.0; Win64; x64) AppleWebKit/537.36"
10.0.0.51 - - [23/Aug/2025:03:45:45 +0300] "GET /checkout HTTP/1.1" 200 2960 "https://www.bing.com/" "Mozilla/5.0 (X11; Linux x86_64) AppleWebKit/537.36"
192.168.1.100 - - [23/Aug/2025:10:49:53 +0300] "GET /cart HTTP/1.1" 500 953 "https://socialmedia.com/post/123" "curl/7.68.0"
192.168.1.102 - - [23/Aug/2025:12:52:48 +0300] "GET / HTTP/1.1" 304 2501 "https://www.google.com/" "Mozilla/5.0 (Macintosh; Intel Mac OS X 10_15_7) AppleWebKit/537.36"
172.16.0.10 - - [23/Aug/2025:16:33:04 +0300] "GET /search HTTP/1.1" 500 1003 "https://example.com/" "Mozilla/5.0 (Macintosh; Intel Mac OS X 10_15_7) AppleWebKit/537.36"
10.0.0.51 - - [23/Aug/2025:00:21:52 +0300] "POST /user/profile HTTP/1.1" 500 4567 "https://www.google.com/" "Mozilla/5.0 (Macintosh; Intel Mac OS X 10_15_7) AppleWebKit/537.36"
192.168.1.102 - - [22/Aug/2025:22:58:06 +0300] "POST /admin HTTP/1.1" 304 4223 "https://www.google.com/" "Mozilla/5.0 (X11; Linux x86_64) AppleWebKit/537.36"
192.168.1.102 - - [23/Aug/2025:09:53:35 +0300] "POST /contact HTTP/1.1" 500 1570 "-" "Mozilla/5.0 (Windows NT 10.0; Win64; x64) AppleWebKit/537.36"
192.168.1.100 - - [23/Aug/2025:13:05:00 +0300] "GET / HTTP/1.1" 304 1766 "https://example.com/" "Mozilla/5.0 (Windows NT 10.0; Win64; x64) AppleWebKit/537.36"
192.168.1.100 - - [23/Aug/2025:01:39:08 +0300] "GET /api/v1/users HTTP/1.1" 200 2357 "https://www.bing.com/" "Mozilla/5.0 (X11; Linux x86_64) AppleWebKit/537.36"
192.168.1.101 - - [23/Aug/2025:03:15:55 +0300] "POST / HTTP/1.1" 404 4008 "-" "curl/7.68.0"
192.168.1.102 - - [23/Aug/2025:12:21:39 +0300] "POST / HTTP/1.1" 200 3505 "https://example.com/" "Googlebot/2.1 (+http://www.google.com/bot.html)"
192.168.1.101 - - [23/Aug/2025:03:33:34 +0300] "GET /cart HTTP/1.1" 200 2102 "https://socialmedia.com/post/123" "Mozilla/5.0 (X11; Linux x86_64) AppleWebKit/537.36"
192.168.1.102 - - [23/Aug/2025:11:04:53 +0300] "POST /products HTTP/1.1" 200 1581 "https://socialmedia.com/post/123" "Mozilla/5.0 (Windows NT 10.0; Win64; x64) AppleWebKit/537.36"
10.0.0.50 - - [22/Aug/2025:19:25:32 +0300] "GET / HTTP/1.1" 200 4065 "https://example.com/" "Mozilla/5.0 (Macintosh; Intel Mac OS X 10_15_7) AppleWebKit/537.36"
172.16.0.10 - - [23/Aug/2025:14:30:50 +0300] "POST /admin HTTP/1.1" 200 3886 "https://socialmedia.com/post/123" "curl/7.68.0"
10.0.0.50 - - [23/Aug/2025:11:12:37 +0300] "GET /cart HTTP/1.1" 200 5044 "https://www.bing.com/" "Mozilla/5.0 (Macintosh; Intel Mac OS X 10_15_7) AppleWebKit/537.36"
192.168.1.102 - - [23/Aug/2025:13:36:28 +0300] "GET / HTTP/1.1" 500 4898 "https://www.bing.com/" "Mozilla/5.0 (Windows NT 10.0; Win64; x64) AppleWebKit/537.36"
192.168.1.102 - - [23/Aug/2025:08:00:31 +0300] "PUT / HTTP/1.1" 200 3466 "https://example.com/" "Mozilla/5.0 (Macintosh; Intel Mac OS X 10_15_7) AppleWebKit/537.36"
192.168.1.101 - - [22/Aug/2025:17:23:13 +0300] "GET /admin HTTP/1.1" 200 3797 "https://socialmedia.com/post/123" "Googlebot/2.1 (+http://www.google.com/bot.html)"
192.168.1.101 - - [22/Aug/2025:21:44:56 +0300] "GET /products HTTP/1.1" 200 1867 "https://socialmedia.com/post/123" "Mozilla/5.0 (Windows NT 10.0; Win64; x64) AppleWebKit/537.36"
192.168.1.100 - - [23/Aug/2025:14:32:33 +0300] "GET /api/v1/users HTTP/1.1" 200 583 "https://example.com/" "Mozilla/5.0 (Macintosh; Intel Mac OS X 10_15_7) AppleWebKit/537.36"
172.16.0.11 - - [23/Aug/2025:04:06:12 +0300] "POST /products/books HTTP/1.1" 404 2495 "https://socialmedia.com/post/123" "Mozilla/5.0 (X11; Linux x86_64) AppleWebKit/537.36"
10.0.0.51 - - [22/Aug/2025:23:32:21 +0300] "GET /contact HTTP/1.1" 200 1102 "https://www.google.com/" "Mozilla/5.0 (Macintosh; Intel Mac OS X 10_15_7) AppleWebKit/537.36"
192.168.1.100 - - [22/Aug/2025:18:07:13 +0300] "GET / HTTP/1.1" 200 4749 "https://www.bing.com/" "Mozilla/5.0 (Macintosh; Intel Mac OS X 10_15_7) AppleWebKit/537.36"
172.16.0.10 - - [22/Aug/2025:19:33:21 +0300] "GET /api/v1/orders HTTP/1.1" 200 2773 "https://www.google.com/" "Mozilla/5.0 (Macintosh; Intel Mac OS X 10_15_7) AppleWebKit/537.36"
10.0.0.50 - - [23/Aug/2025:15:42:56 +0300] "GET / HTTP/1.1" 200 4035 "https://example.com/" "Mozilla/5.0 (Macintosh; Intel Mac OS X 10_15_7) AppleWebKit/537.36"
192.168.1.101 - - [23/Aug/2025:04:12:32 +0300] "POST /contact HTTP/1.1" 200 3678 "https://www.bing.com/" "Mozilla/5.0 (Macintosh; Intel Mac OS X 10_15_7) AppleWebKit/537.36"
192.168.1.101 - - [23/Aug/2025:09:15:52 +0300] "GET /products/clothing HTTP/1.1" 200 983 "-" "Mozilla/5.0 (Macintosh; Intel Mac OS X 10_15_7) AppleWebKit/537.36"
192.168.1.102 - - [23/Aug/2025:05:42:38 +0300] "POST /about HTTP/1.1" 304 4916 "-" "Googlebot/2.1 (+http://www.google.com/bot.html)"
192.168.1.101 - - [22/Aug/2025:22:34:30 +0300] "GET /search HTTP/1.1" 200 4015 "https://www.bing.com/" "Mozilla/5.0 (Macintosh; Intel Mac OS X 10_15_7) AppleWebKit/537.36"
192.168.1.101 - - [23/Aug/2025:14:12:52 +0300] "GET /contact HTTP/1.1" 200 4439 "https://example.com/" "Mozilla/5.0 (Windows NT 10.0; Win64; x64) AppleWebKit/537.36"
10.0.0.50 - - [23/Aug/2025:16:36:49 +0300] "POST / HTTP/1.1" 200 3489 "https://www.bing.com/" "curl/7.68.0"
10.0.0.51 - - [23/Aug/2025:00:26:46 +0300] "POST / HTTP/1.1" 200 2227 "https://www.google.com/" "curl/7.68.0"
10.0.0.50 - - [23/Aug/2025:14:34:27 +0300] "GET /about HTTP/1.1" 200 1855 "https://www.bing.com/" "Mozilla/5.0 (Windows NT 10.0; Win64; x64) AppleWebKit/537.36"
10.0.0.51 - - [23/Aug/2025:15:59:03 +0300] "POST /about HTTP/1.1" 500 2123 "https://www.bing.com/" "Mozilla/5.0 (X11; Linux x86_64) AppleWebKit/537.36"
192.168.1.100 - - [23/Aug/2025:01:05:26 +0300] "POST /api/v1/users HTTP/1.1" 200 1340 "https://example.com/" "Googlebot/2.1 (+http://www.google.com/bot.html)"
192.168.1.100 - - [23/Aug/2025:07:53:44 +0300] "GET /products/books HTTP/1.1" 500 2029 "-" "Mozilla/5.0 (Windows NT 10.0; Win64; x64) AppleWebKit/537.36"
192.168.1.102 - - [23/Aug/2025:03:17:06 +0300] "POST / HTTP/1.1" 200 3409 "-" "Mozilla/5.0 (X11; Linux x86_64) AppleWebKit/537.36"
192.168.1.102 - - [23/Aug/2025:10:44:19 +0300] "PUT /products/electronics HTTP/1.1" 304 2815 "https://www.bing.com/" "Mozilla/5.0 (X11; Linux x86_64) AppleWebKit/537.36"
192.168.1.100 - - [23/Aug/2025:08:22:12 +0300] "GET / HTTP/1.1" 404 3329 "https://socialmedia.com/post/123" "curl/7.68.0"
192.168.1.101 - - [23/Aug/2025:17:07:25 +0300] "DELETE /api/v1/users HTTP/1.1" 200 4473 "https://www.bing.com/" "Googlebot/2.1 (+http://www.google.com/bot.html)"
192.168.1.100 - - [22/Aug/2025:22:49:36 +0300] "GET / HTTP/1.1" 200 4210 "https://www.google.com/" "Googlebot/2.1 (+http://www.google.com/bot.html)"
10.0.0.50 - - [23/Aug/2025:16:06:30 +0300] "GET /about HTTP/1.1" 200 4372 "https://socialmedia.com/post/123" "Mozilla/5.0 (Windows NT 10.0; Win64; x64) AppleWebKit/537.36"
192.168.1.100 - - [22/Aug/2025:18:16:24 +0300] "GET /api/v1/users HTTP/1.1" 200 738 "https://socialmedia.com/post/123" "Mozilla/5.0 (Windows NT 10.0; Win64; x64) AppleWebKit/537.36"
10.0.0.50 - - [22/Aug/2025:18:07:13 +0300] "GET / HTTP/1.1" 200 3573 "https://www.google.com/" "Googlebot/2.1 (+http://www.google.com/bot.html)"
192.168.1.101 - - [23/Aug/2025:10:28:30 +0300] "GET /about HTTP/1.1" 200 3888 "https://socialmedia.com/post/123" "Mozilla/5.0 (X11; Linux x86_64) AppleWebKit/537.36"
192.168.1.100 - - [23/Aug/2025:03:51:04 +0300] "GET / HTTP/1.1" 200 3585 "https://www.google.com/" "Mozilla/5.0 (Macintosh; Intel Mac OS X 10_15_7) AppleWebKit/537.36"
10.0.0.50 - - [23/Aug/2025:14:07:48 +0300] "GET /api/v1/users HTTP/1.1" 500 530 "https://socialmedia.com/post/123" "Mozilla/5.0 (Macintosh; Intel Mac OS X 10_15_7) AppleWebKit/537.36"
192.168.1.100 - - [23/Aug/2025:00:32:05 +0300] "GET / HTTP/1.1" 200 1480 "https://www.google.com/" "Googlebot/2.1 (+http://www.google.com/bot.html)"
10.0.0.51 - - [23/Aug/2025:07:11:30 +0300] "GET / HTTP/1.1" 304 2741 "-" "curl/7.68.0"
172.16.0.11 - - [23/Aug/2025:08:31:39 +0300] "PUT /search HTTP/1.1" 304 1624 "-" "Mozilla/5.0 (Windows NT 10.0; Win64; x64) AppleWebKit/537.36"
192.168.1.102 - - [23/Aug/2025:16:06:05 +0300] "POST /products/clothing HTTP/1.1" 500 2349 "https://www.bing.com/" "Mozilla/5.0 (Windows NT 10.0; Win64; x64) AppleWebKit/537.36"
192.168.1.101 - - [22/Aug/2025:21:03:56 +0300] "POST /checkout HTTP/1.1" 200 1895 "https://socialmedia.com/post/123" "curl/7.68.0"
192.168.1.102 - - [23/Aug/2025:12:27:12 +0300] "GET / HTTP/1.1" 200 4244 "https://example.com/" "curl/7.68.0"
192.168.1.101 - - [23/Aug/2025:08:23:35 +0300] "GET /blog/post/123 HTTP/1.1" 200 3841 "https://socialmedia.com/post/123" "Mozilla/5.0 (Macintosh; Intel Mac OS X 10_15_7) AppleWebKit/537.36"
192.168.1.100 - - [22/Aug/2025:23:46:10 +0300] "GET / HTTP/1.1" 200 3414 "-" "Mozilla/5.0 (Windows NT 10.0; Win64; x64) AppleWebKit/537.36"
192.168.1.100 - - [23/Aug/2025:00:35:36 +0300] "GET /api/v1/users HTTP/1.1" 404 1892 "https://www.bing.com/" "Mozilla/5.0 (Macintosh; Intel Mac OS X 10_15_7) AppleWebKit/537.36"
192.168.1.101 - - [22/Aug/2025:18:56:45 +0300] "GET /api/v1/users HTTP/1.1" 200 4123 "-" "Mozilla/5.0 (Macintosh; Intel Mac OS X 10_15_7) AppleWebKit/537.36"
192.168.1.101 - - [22/Aug/2025:22:19:36 +0300] "GET / HTTP/1.1" 200 4041 "https://socialmedia.com/post/123" "Mozilla/5.0 (Windows NT 10.0; Win64; x64) AppleWebKit/537.36"
192.168.1.102 - - [22/Aug/2025:21:54:34 +0300] "GET / HTTP/1.1" 304 4843 "https://www.bing.com/" "Googlebot/2.1 (+http://www.google.com/bot.html)"
192.168.1.101 - - [23/Aug/2025:15:37:18 +0300] "GET /contact HTTP/1.1" 200 4188 "https://example.com/" "Mozilla/5.0 (Windows NT 10.0; Win64; x64) AppleWebKit/537.36"
192.168.1.100 - - [22/Aug/2025:22:32:24 +0300] "GET /products/electronics HTTP/1.1" 404 2409 "https://example.com/" "Mozilla/5.0 (X11; Linux x86_64) AppleWebKit/537.36"
172.16.0.12 - - [23/Aug/2025:00:18:23 +0300] "GET /about HTTP/1.1" 500 2670 "https://socialmedia.com/post/123" "Googlebot/2.1 (+http://www.google.com/bot.html)"
192.168.1.102 - - [23/Aug/2025:16:52:44 +0300] "GET /contact HTTP/1.1" 200 4902 "https://www.bing.com/" "Googlebot/2.1 (+http://www.google.com/bot.html)"
10.0.0.50 - - [22/Aug/2025:19:53:09 +0300] "POST / HTTP/1.1" 404 729 "-" "Mozilla/5.0 (X11; Linux x86_64) AppleWebKit/537.36"
192.168.1.100 - - [23/Aug/2025:01:48:37 +0300] "GET / HTTP/1.1" 200 2965 "https://example.com/" "Mozilla/5.0 (Windows NT 10.0; Win64; x64) AppleWebKit/537.36"
192.168.1.101 - - [23/Aug/2025:06:43:56 +0300] "GET / HTTP/1.1" 500 2584 "-" "Googlebot/2.1 (+http://www.google.com/bot.html)"
10.0.0.50 - - [23/Aug/2025:10:43:31 +0300] "GET /contact HTTP/1.1" 404 2518 "https://www.google.com/" "Mozilla/5.0 (Windows NT 10.0; Win64; x64) AppleWebKit/537.36"
192.168.1.101 - - [23/Aug/2025:15:01:07 +0300] "GET / HTTP/1.1" 500 404 "https://www.google.com/" "Mozilla/5.0 (Windows NT 10.0; Win64; x64) AppleWebKit/537.36"
192.168.1.101 - - [23/Aug/2025:13:39:59 +0300] "GET /products/clothing HTTP/1.1" 404 3305 "https://example.com/" "curl/7.68.0"
192.168.1.101 - - [22/Aug/2025:18:38:35 +0300] "GET /api/v1/users HTTP/1.1" 200 3101 "https://www.google.com/" "Mozilla/5.0 (X11; Linux x86_64) AppleWebKit/537.36"
192.168.1.101 - - [23/Aug/2025:13:16:55 +0300] "GET /checkout HTTP/1.1" 304 2973 "-" "curl/7.68.0"
192.168.1.102 - - [23/Aug/2025:04:11:52 +0300] "GET /products HTTP/1.1" 200 4549 "https://www.bing.com/" "Mozilla/5.0 (X11; Linux x86_64) AppleWebKit/537.36"
192.168.1.100 - - [23/Aug/2025:13:12:41 +0300] "GET / HTTP/1.1" 200 1119 "https://www.google.com/" "Googlebot/2.1 (+http://www.google.com/bot.html)"
192.168.1.100 - - [23/Aug/2025:14:38:44 +0300] "POST /api/v1/users HTTP/1.1" 304 423 "-" "curl/7.68.0"
192.168.1.100 - - [23/Aug/2025:10:45:20 +0300] "GET /cart HTTP/1.1" 200 3177 "https://www.bing.com/" "Mozilla/5.0 (Macintosh; Intel Mac OS X 10_15_7) AppleWebKit/537.36"
192.168.1.101 - - [22/Aug/2025:18:05:58 +0300] "GET /products HTTP/1.1" 200 2676 "https://www.google.com/" "Mozilla/5.0 (X11; Linux x86_64) AppleWebKit/537.36"
10.0.0.50 - - [23/Aug/2025:07:30:27 +0300] "GET /products HTTP/1.1" 200 4241 "https://www.google.com/" "Mozilla/5.0 (Macintosh; Intel Mac OS X 10_15_7) AppleWebKit/537.36"
192.168.1.101 - - [23/Aug/2025:13:57:47 +0300] "GET /products HTTP/1.1" 200 357 "https://example.com/" "curl/7.68.0"
10.0.0.51 - - [23/Aug/2025:14:49:45 +0300] "GET /products HTTP/1.1" 304 1549 "https://socialmedia.com/post/123" "Mozilla/5.0 (X11; Linux x86_64) AppleWebKit/537.36"
10.0.0.51 - - [23/Aug/2025:13:44:01 +0300] "GET /products/electronics HTTP/1.1" 200 693 "https://socialmedia.com/post/123" "Mozilla/5.0 (X11; Linux x86_64) AppleWebKit/537.36"
10.0.0.51 - - [23/Aug/2025:02:25:11 +0300] "GET /about HTTP/1.1" 200 2947 "https://www.bing.com/" "Googlebot/2.1 (+http://www.google.com/bot.html)"
172.16.0.10 - - [22/Aug/2025:21:08:51 +0300] "GET /products/electronics HTTP/1.1" 404 3809 "https://www.bing.com/" "Mozilla/5.0 (X11; Linux x86_64) AppleWebKit/537.36"
192.168.1.101 - - [23/Aug/2025:16:40:07 +0300] "GET /products HTTP/1.1" 200 3322 "-" "Mozilla/5.0 (X11; Linux x86_64) AppleWebKit/537.36"
192.168.1.100 - - [23/Aug/2025:03:14:03 +0300] "GET /admin HTTP/1.1" 200 3343 "https://example.com/" "Mozilla/5.0 (Macintosh; Intel Mac OS X 10_15_7) AppleWebKit/537.36"
192.168.1.100 - - [23/Aug/2025:04:00:37 +0300] "GET /products/clothing HTTP/1.1" 200 4450 "https://www.google.com/" "Mozilla/5.0 (Macintosh; Intel Mac OS X 10_15_7) AppleWebKit/537.36"
192.168.1.101 - - [23/Aug/2025:14:27:37 +0300] "GET / HTTP/1.1" 304 4736 "https://www.google.com/" "curl/7.68.0"
192.168.1.101 - - [23/Aug/2025:04:58:29 +0300] "POST /checkout HTTP/1.1" 200 1913 "https://www.google.com/" "curl/7.68.0"
10.0.0.50 - - [23/Aug/2025:01:00:56 +0300] "GET /products/clothing HTTP/1.1" 200 1979 "https://example.com/" "Mozilla/5.0 (Windows NT 10.0; Win64; x64) AppleWebKit/537.36"
192.168.1.100 - - [23/Aug/2025:15:54:52 +0300] "GET /admin HTTP/1.1" 500 2890 "https://www.google.com/" "curl/7.68.0"
192.168.1.101 - - [23/Aug/2025:09:09:33 +0300] "GET /products HTTP/1.1" 200 2389 "-" "Mozilla/5.0 (X11; Linux x86_64) AppleWebKit/537.36"
192.168.1.100 - - [23/Aug/2025:01:33:07 +0300] "GET /products/books HTTP/1.1" 404 1463 "https://www.google.com/" "Mozilla/5.0 (Windows NT 10.0; Win64; x64) AppleWebKit/537.36"
10.0.0.50 - - [22/Aug/2025:17:50:54 +0300] "GET /products HTTP/1.1" 500 1428 "-" "Mozilla/5.0 (Windows NT 10.0; Win64; x64) AppleWebKit/537.36"
192.168.1.100 - - [23/Aug/2025:16:01:52 +0300] "GET /api/v1/orders HTTP/1.1" 200 3585 "https://www.bing.com/" "Mozilla/5.0 (X11; Linux x86_64) AppleWebKit/537.36"
10.0.0.51 - - [23/Aug/2025:06:59:08 +0300] "GET /products HTTP/1.1" 500 918 "https://www.google.com/" "curl/7.68.0"
172.16.0.10 - - [23/Aug/2025:02:17:18 +0300] "GET /user/profile HTTP/1.1" 304 1395 "https://www.google.com/" "Googlebot/2.1 (+http://www.google.com/bot.html)"
192.168.1.100 - - [23/Aug/2025:06:45:22 +0300] "GET /about HTTP/1.1" 200 3896 "https://socialmedia.com/post/123" "Mozilla/5.0 (Macintosh; Intel Mac OS X 10_15_7) AppleWebKit/537.36"
192.168.1.101 - - [22/Aug/2025:23:06:57 +0300] "GET /cart HTTP/1.1" 304 4304 "https://www.bing.com/" "Mozilla/5.0 (Windows NT 10.0; Win64; x64) AppleWebKit/537.36"
172.16.0.11 - - [23/Aug/2025:09:25:19 +0300] "GET / HTTP/1.1" 404 3594 "https://example.com/" "Mozilla/5.0 (Windows NT 10.0; Win64; x64) AppleWebKit/537.36"
192.168.1.100 - - [23/Aug/2025:07:35:15 +0300] "GET /about HTTP/1.1" 500 1202 "-" "Googlebot/2.1 (+http://www.google.com/bot.html)"
192.168.1.100 - - [22/Aug/2025:18:18:32 +0300] "GET / HTTP/1.1" 200 2023 "-" "curl/7.68.0"
192.168.1.102 - - [23/Aug/2025:01:18:14 +0300] "GET /checkout HTTP/1.1" 500 3060 "https://socialmedia.com/post/123" "Mozilla/5.0 (Windows NT 10.0; Win64; x64) AppleWebKit/537.36"
192.168.1.100 - - [23/Aug/2025:14:12:44 +0300] "GET /products/electronics HTTP/1.1" 200 4781 "https://www.google.com/" "Mozilla/5.0 (Windows NT 10.0; Win64; x64) AppleWebKit/537.36"
10.0.0.50 - - [23/Aug/2025:10:51:01 +0300] "GET /cart HTTP/1.1" 200 1098 "https://socialmedia.com/post/123" "Mozilla/5.0 (Windows NT 10.0; Win64; x64) AppleWebKit/537.36"
10.0.0.51 - - [23/Aug/2025:02:17:29 +0300] "GET / HTTP/1.1" 200 3905 "-" "Googlebot/2.1 (+http://www.google.com/bot.html)"
10.0.0.50 - - [23/Aug/2025:14:37:19 +0300] "GET /products/clothing HTTP/1.1" 200 3909 "https://example.com/" "Mozilla/5.0 (X11; Linux x86_64) AppleWebKit/537.36"
10.0.0.51 - - [23/Aug/2025:12:57:49 +0300] "GET /products/electronics HTTP/1.1" 200 519 "https://www.bing.com/" "Mozilla/5.0 (X11; Linux x86_64) AppleWebKit/537.36"
10.0.0.51 - - [23/Aug/2025:01:50:52 +0300] "GET /api/v1/users HTTP/1.1" 200 4496 "https://www.google.com/" "Googlebot/2.1 (+http://www.google.com/bot.html)"
10.0.0.50 - - [23/Aug/2025:01:57:12 +0300] "GET /cart HTTP/1.1" 404 3219 "https://example.com/" "Mozilla/5.0 (X11; Linux x86_64) AppleWebKit/537.36"
192.168.1.100 - - [22/Aug/2025:22:13:30 +0300] "GET /about HTTP/1.1" 404 4662 "https://www.bing.com/" "Mozilla/5.0 (Macintosh; Intel Mac OS X 10_15_7) AppleWebKit/537.36"
172.16.0.11 - - [23/Aug/2025:10:13:33 +0300] "GET /contact HTTP/1.1" 200 3903 "https://example.com/" "Mozilla/5.0 (X11; Linux x86_64) AppleWebKit/537.36"
10.0.0.50 - - [23/Aug/2025:08:27:29 +0300] "POST /contact HTTP/1.1" 200 1775 "-" "Googlebot/2.1 (+http://www.google.com/bot.html)"
10.0.0.51 - - [22/Aug/2025:20:32:02 +0300] "GET /api/v1/orders HTTP/1.1" 200 2951 "https://example.com/" "Mozilla/5.0 (Windows NT 10.0; Win64; x64) AppleWebKit/537.36"
192.168.1.100 - - [22/Aug/2025:19:57:13 +0300] "GET /products HTTP/1.1" 200 1062 "-" "Googlebot/2.1 (+http://www.google.com/bot.html)"
192.168.1.101 - - [23/Aug/2025:16:26:42 +0300] "GET / HTTP/1.1" 200 3865 "https://example.com/" "Mozilla/5.0 (Windows NT 10.0; Win64; x64) AppleWebKit/537.36"
192.168.1.100 - - [23/Aug/2025:03:32:17 +0300] "GET / HTTP/1.1" 404 840 "-" "Mozilla/5.0 (Macintosh; Intel Mac OS X 10_15_7) AppleWebKit/537.36"
10.0.0.50 - - [23/Aug/2025:15:53:43 +0300] "GET /products HTTP/1.1" 200 2228 "https://example.com/" "Mozilla/5.0 (X11; Linux x86_64) AppleWebKit/537.36"
192.168.1.101 - - [23/Aug/2025:12:40:51 +0300] "GET /about HTTP/1.1" 200 2805 "-" "Mozilla/5.0 (X11; Linux x86_64) AppleWebKit/537.36"
192.168.1.100 - - [23/Aug/2025:00:35:48 +0300] "GET / HTTP/1.1" 404 4131 "https://example.com/" "Mozilla/5.0 (Windows NT 10.0; Win64; x64) AppleWebKit/537.36"
192.168.1.100 - - [23/Aug/2025:00:50:49 +0300] "GET /api/v1/users HTTP/1.1" 200 1758 "https://socialmedia.com/post/123" "Mozilla/5.0 (X11; Linux x86_64) AppleWebKit/537.36"
192.168.1.100 - - [22/Aug/2025:20:01:44 +0300] "GET / HTTP/1.1" 200 2214 "https://example.com/" "Googlebot/2.1 (+http://www.google.com/bot.html)"
192.168.1.100 - - [23/Aug/2025:00:27:19 +0300] "GET /about HTTP/1.1" 200 1605 "-" "Mozilla/5.0 (Macintosh; Intel Mac OS X 10_15_7) AppleWebKit/537.36"
192.168.1.100 - - [23/Aug/2025:08:47:25 +0300] "GET /about HTTP/1.1" 500 1217 "https://www.google.com/" "Googlebot/2.1 (+http://www.google.com/bot.html)"
10.0.0.51 - - [22/Aug/2025:22:56:07 +0300] "POST /about HTTP/1.1" 404 4640 "https://socialmedia.com/post/123" "Googlebot/2.1 (+http://www.google.com/bot.html)"
192.168.1.100 - - [23/Aug/2025:16:56:40 +0300] "GET /contact HTTP/1.1" 200 4941 "https://socialmedia.com/post/123" "Mozilla/5.0 (X11; Linux x86_64) AppleWebKit/537.36"
10.0.0.50 - - [23/Aug/2025:17:04:51 +0300] "GET /about HTTP/1.1" 200 2715 "https://www.google.com/" "Mozilla/5.0 (X11; Linux x86_64) AppleWebKit/537.36"
192.168.1.101 - - [22/Aug/2025:23:47:20 +0300] "POST /checkout HTTP/1.1" 200 4931 "https://socialmedia.com/post/123" "Mozilla/5.0 (Windows NT 10.0; Win64; x64) AppleWebKit/537.36"
192.168.1.102 - - [23/Aug/2025:16:57:47 +0300] "GET /api/v1/users HTTP/1.1" 304 3770 "https://www.google.com/" "Mozilla/5.0 (Macintosh; Intel Mac OS X 10_15_7) AppleWebKit/537.36"
192.168.1.101 - - [23/Aug/2025:16:45:11 +0300] "GET /admin HTTP/1.1" 200 3825 "https://www.bing.com/" "Mozilla/5.0 (Windows NT 10.0; Win64; x64) AppleWebKit/537.36"
192.168.1.100 - - [23/Aug/2025:05:51:34 +0300] "GET /products HTTP/1.1" 200 4217 "https://example.com/" "Googlebot/2.1 (+http://www.google.com/bot.html)"
192.168.1.102 - - [23/Aug/2025:11:12:42 +0300] "GET /about HTTP/1.1" 200 532 "https://socialmedia.com/post/123" "Googlebot/2.1 (+http://www.google.com/bot.html)"
192.168.1.100 - - [23/Aug/2025:10:59:04 +0300] "GET /products/books HTTP/1.1" 200 1861 "-" "Googlebot/2.1 (+http://www.google.com/bot.html)"
10.0.0.50 - - [23/Aug/2025:13:38:34 +0300] "GET /about HTTP/1.1" 200 2879 "https://www.bing.com/" "curl/7.68.0"
10.0.0.50 - - [23/Aug/2025:07:13:44 +0300] "GET /api/v1/orders HTTP/1.1" 304 4102 "https://www.google.com/" "Mozilla/5.0 (Macintosh; Intel Mac OS X 10_15_7) AppleWebKit/537.36"
10.0.0.51 - - [22/Aug/2025:18:56:07 +0300] "GET /blog/post/123 HTTP/1.1" 200 3418 "https://www.google.com/" "Mozilla/5.0 (X11; Linux x86_64) AppleWebKit/537.36"
192.168.1.100 - - [23/Aug/2025:14:42:47 +0300] "GET / HTTP/1.1" 200 1419 "https://example.com/" "Mozilla/5.0 (Macintosh; Intel Mac OS X 10_15_7) AppleWebKit/537.36"
192.168.1.101 - - [23/Aug/2025:14:38:21 +0300] "GET /products HTTP/1.1" 500 531 "https://socialmedia.com/post/123" "Mozilla/5.0 (X11; Linux x86_64) AppleWebKit/537.36"
10.0.0.51 - - [23/Aug/2025:16:44:04 +0300] "GET /api/v1/users HTTP/1.1" 404 3823 "https://www.google.com/" "curl/7.68.0"
10.0.0.51 - - [23/Aug/2025:15:11:45 +0300] "GET /blog/post/456 HTTP/1.1" 200 4446 "https://www.google.com/" "curl/7.68.0"
192.168.1.101 - - [23/Aug/2025:14:57:32 +0300] "GET /contact HTTP/1.1" 200 4377 "https://www.google.com/" "Googlebot/2.1 (+http://www.google.com/bot.html)"
192.168.1.100 - - [23/Aug/2025:09:41:50 +0300] "GET /contact HTTP/1.1" 200 4552 "https://www.bing.com/" "Googlebot/2.1 (+http://www.google.com/bot.html)"
10.0.0.51 - - [22/Aug/2025:21:03:06 +0300] "GET /contact HTTP/1.1" 404 450 "https://www.google.com/" "Mozilla/5.0 (Macintosh; Intel Mac OS X 10_15_7) AppleWebKit/537.36"
192.168.1.102 - - [22/Aug/2025:20:04:06 +0300] "GET / HTTP/1.1" 200 3908 "https://example.com/" "Googlebot/2.1 (+http://www.google.com/bot.html)"
10.0.0.51 - - [23/Aug/2025:03:42:41 +0300] "GET / HTTP/1.1" 200 902 "-" "Googlebot/2.1 (+http://www.google.com/bot.html)"
172.16.0.11 - - [23/Aug/2025:06:21:44 +0300] "GET /products/clothing HTTP/1.1" 304 791 "https://example.com/" "Mozilla/5.0 (X11; Linux x86_64) AppleWebKit/537.36"
192.168.1.101 - - [22/Aug/2025:20:46:55 +0300] "GET /api/v1/users HTTP/1.1" 200 2343 "https://www.bing.com/" "Googlebot/2.1 (+http://www.google.com/bot.html)"
192.168.1.100 - - [23/Aug/2025:07:35:26 +0300] "GET /contact HTTP/1.1" 200 236 "https://example.com/" "Googlebot/2.1 (+http://www.google.com/bot.html)"
192.168.1.101 - - [23/Aug/2025:03:22:46 +0300] "GET /contact HTTP/1.1" 200 5073 "-" "Mozilla/5.0 (Macintosh; Intel Mac OS X 10_15_7) AppleWebKit/537.36"
192.168.1.100 - - [23/Aug/2025:14:09:32 +0300] "GET /products/books HTTP/1.1" 200 424 "https://socialmedia.com/post/123" "Mozilla/5.0 (X11; Linux x86_64) AppleWebKit/537.36"
10.0.0.51 - - [23/Aug/2025:01:46:42 +0300] "GET / HTTP/1.1" 200 338 "https://www.google.com/" "Mozilla/5.0 (Macintosh; Intel Mac OS X 10_15_7) AppleWebKit/537.36"
10.0.0.51 - - [23/Aug/2025:09:20:47 +0300] "GET /about HTTP/1.1" 500 2147 "-" "Mozilla/5.0 (X11; Linux x86_64) AppleWebKit/537.36"
10.0.0.50 - - [23/Aug/2025:01:40:32 +0300] "GET /products/books HTTP/1.1" 404 818 "https://example.com/" "Googlebot/2.1 (+http://www.google.com/bot.html)"
192.168.1.101 - - [23/Aug/2025:14:08:00 +0300] "GET /checkout HTTP/1.1" 200 2518 "https://www.bing.com/" "curl/7.68.0"
192.168.1.101 - - [23/Aug/2025:13:40:37 +0300] "GET /products/clothing HTTP/1.1" 304 4668 "https://www.google.com/" "Googlebot/2.1 (+http://www.google.com/bot.html)"
192.168.1.101 - - [23/Aug/2025:05:53:17 +0300] "GET /contact HTTP/1.1" 304 640 "https://www.bing.com/" "curl/7.68.0"
10.0.0.51 - - [22/Aug/2025:18:27:59 +0300] "GET /admin HTTP/1.1" 200 2677 "-" "Mozilla/5.0 (Windows NT 10.0; Win64; x64) AppleWebKit/537.36"
10.0.0.50 - - [23/Aug/2025:12:34:27 +0300] "POST / HTTP/1.1" 200 2987 "https://socialmedia.com/post/123" "Mozilla/5.0 (Macintosh; Intel Mac OS X 10_15_7) AppleWebKit/537.36"
192.168.1.102 - - [23/Aug/2025:04:08:35 +0300] "GET /api/v1/users HTTP/1.1" 200 1701 "https://www.bing.com/" "Googlebot/2.1 (+http://www.google.com/bot.html)"
192.168.1.102 - - [23/Aug/2025:07:20:03 +0300] "GET /products/books HTTP/1.1" 200 2687 "https://www.bing.com/" "Mozilla/5.0 (Windows NT 10.0; Win64; x64) AppleWebKit/537.36"
192.168.1.101 - - [22/Aug/2025:21:05:48 +0300] "GET /api/v1/users HTTP/1.1" 500 1343 "https://socialmedia.com/post/123" "curl/7.68.0"
10.0.0.51 - - [23/Aug/2025:11:09:54 +0300] "GET /products HTTP/1.1" 200 3897 "https://socialmedia.com/post/123" "Mozilla/5.0 (Macintosh; Intel Mac OS X 10_15_7) AppleWebKit/537.36"
10.0.0.51 - - [23/Aug/2025:16:05:22 +0300] "GET / HTTP/1.1" 304 3293 "https://example.com/" "Mozilla/5.0 (Windows NT 10.0; Win64; x64) AppleWebKit/537.36"
192.168.1.102 - - [22/Aug/2025:21:28:15 +0300] "GET / HTTP/1.1" 200 2650 "https://www.bing.com/" "curl/7.68.0"
10.0.0.51 - - [22/Aug/2025:20:43:38 +0300] "GET / HTTP/1.1" 200 1597 "-" "Mozilla/5.0 (Windows NT 10.0; Win64; x64) AppleWebKit/537.36"
10.0.0.50 - - [22/Aug/2025:19:25:58 +0300] "GET /products/electronics HTTP/1.1" 404 1635 "-" "Mozilla/5.0 (X11; Linux x86_64) AppleWebKit/537.36"
172.16.0.11 - - [23/Aug/2025:07:17:18 +0300] "GET / HTTP/1.1" 200 2448 "https://www.google.com/" "curl/7.68.0"
