192.168.1.102 - - [23/Aug/2025:16:09:20 +0300] "GET / HTTP/1.1" 200 1184 "https://socialmedia.com/post/123" "Mozilla/5.0 (Windows NT 10.0; Win64; x64) AppleWebKit/537.36"
192.168.1.101 - - [23/Aug/2025:13:11:52 +0300] "GET / HTTP/1.1" 200 4314 "https://example.com/" "Mozilla/5.0 (X11; Linux x86_64) AppleWebKit/537.36"
10.0.0.50 - - [23/Aug/2025:06:04:39 +0300] "POST /products/clothing HTTP/1.1" 200 908 "-" "Mozilla/5.0 (X11; Linux x86_64) AppleWebKit/537.36"
172.16.0.11 - - [22/Aug/2025:18:49:31 +0300] "GET /api/v1/products HTTP/1.1" 500 1573 "https://example.com/" "Mozilla/5.0 (X11; Linux x86_64) AppleWebKit/537.36"
10.0.0.51 - - [23/Aug/2025:09:21:51 +0300] "GET /about HTTP/1.1" 200 3659 "https://www.bing.com/" "Googlebot/2.1 (+http://www.google.com/bot.html)"
192.168.1.102 - - [22/Aug/2025:18:52:00 +0300] "GET /products HTTP/1.1" 200 774 "https://www.bing.com/" "Mozilla/5.0 (Windows NT 10.0; Win64; x64) AppleWebKit/537.36"
192.168.1.101 - - [23/Aug/2025:04:33:16 +0300] "GET /products/clothing HTTP/1.1" 500 1201 "-" "Mozilla/5.0 (Windows NT 10.0; Win64; x64) AppleWebKit/537.36"
172.16.0.11 - - [22/Aug/2025:21:46:03 +0300] "GET /products HTTP/1.1" 200 3713 "https://www.bing.com/" "Mozilla/5.0 (Macintosh; Intel Mac OS X 10_15_7) AppleWebKit/537.36"
192.168.1.100 - - [23/Aug/2025:12:37:58 +0300] "GET / HTTP/1.1" 200 1547 "https://socialmedia.com/post/123" "Mozilla/5.0 (X11; Linux x86_64) AppleWebKit/537.36"
192.168.1.100 - - [23/Aug/2025:13:10:55 +0300] "POST / HTTP/1.1" 304 2149 "https://www.bing.com/" "Googlebot/2.1 (+http://www.google.com/bot.html)"
10.0.0.51 - - [22/Aug/2025:23:55:26 +0300] "GET /admin HTTP/1.1" 304 1649 "https://www.bing.com/" "curl/7.68.0"
10.0.0.50 - - [23/Aug/2025:17:05:15 +0300] "POST /products/books HTTP/1.1" 200 1115 "-" "Googlebot/2.1 (+http://www.google.com/bot.html)"
192.168.1.101 - - [23/Aug/2025:07:44:35 +0300] "GET /user/profile HTTP/1.1" 200 1637 "-" "Mozilla/5.0 (Windows NT 10.0; Win64; x64) AppleWebKit/537.36"
10.0.0.51 - - [23/Aug/2025:00:46:11 +0300] "GET /api/v1/users HTTP/1.1" 500 1698 "https://www.google.com/" "Mozilla/5.0 (Macintosh; Intel Mac OS X 10_15_7) AppleWebKit/537.36"
192.168.1.100 - - [23/Aug/2025:11:47:09 +0300] "GET /products/electronics HTTP/1.1" 304 3233 "https://www.google.com/" "Googlebot/2.1 (+http://www.google.com/bot.html)"
192.168.1.102 - - [22/Aug/2025:22:04:11 +0300] "GET / HTTP/1.1" 200 1926 "https://socialmedia.com/post/123" "curl/7.68.0"
172.16.0.12 - - [23/Aug/2025:03:44:29 +0300] "GET /about HTTP/1.1" 404 4291 "https://example.com/" "curl/7.68.0"
192.168.1.100 - - [23/Aug/2025:11:25:13 +0300] "GET /user/profile HTTP/1.1" 404 3466 "https://socialmedia.com/post/123" "Googlebot/2.1 (+http://www.google.com/bot.html)"
192.168.1.100 - - [23/Aug/2025:11:41:12 +0300] "POST /about HTTP/1.1" 200 4009 "https://www.google.com/" "Mozilla/5.0 (Windows NT 10.0; Win64; x64) AppleWebKit/537.36"
192.168.1.102 - - [23/Aug/2025:03:21:13 +0300] "POST /contact HTTP/1.1" 200 2811 "https://example.com/" "Mozilla/5.0 (X11; Linux x86_64) AppleWebKit/537.36"
192.168.1.101 - - [23/Aug/2025:06:07:01 +0300] "GET /products HTTP/1.1" 404 574 "https://example.com/" "curl/7.68.0"
192.168.1.102 - - [23/Aug/2025:16:30:59 +0300] "POST / HTTP/1.1" 404 3588 "https://www.google.com/" "curl/7.68.0"
192.168.1.100 - - [23/Aug/2025:16:04:53 +0300] "GET / HTTP/1.1" 200 2275 "https://www.google.com/" "curl/7.68.0"
192.168.1.100 - - [23/Aug/2025:13:18:50 +0300] "GET /about HTTP/1.1" 200 2505 "https://www.bing.com/" "Mozilla/5.0 (Windows NT 10.0; Win64; x64) AppleWebKit/537.36"
192.168.1.100 - - [23/Aug/2025:06:07:45 +0300] "GET /about HTTP/1.1" 200 212 "https://www.bing.com/" "curl/7.68.0"
192.168.1.102 - - [23/Aug/2025:15:04:00 +0300] "GET / HTTP/1.1" 200 1024 "https://www.bing.com/" "Mozilla/5.0 (X11; Linux x86_64) AppleWebKit/537.36"
10.0.0.51 - - [23/Aug/2025:10:52:09 +0300] "GET / HTTP/1.1" 200 241 "https://example.com/" "Mozilla/5.0 (Macintosh; Intel Mac OS X 10_15_7) AppleWebKit/537.36"
192.168.1.102 - - [23/Aug/2025:02:06:52 +0300] "GET /user/profile HTTP/1.1" 500 4322 "https://www.google.com/" "Mozilla/5.0 (Windows NT 10.0; Win64; x64) AppleWebKit/537.36"
192.168.1.101 - - [22/Aug/2025:22:09:01 +0300] "GET / HTTP/1.1" 304 2992 "-" "Googlebot/2.1 (+http://www.google.com/bot.html)"
192.168.1.100 - - [23/Aug/2025:14:20:49 +0300] "GET /about HTTP/1.1" 200 2116 "https://socialmedia.com/post/123" "Mozilla/5.0 (Macintosh; Intel Mac OS X 10_15_7) AppleWebKit/537.36"
192.168.1.101 - - [22/Aug/2025:18:48:38 +0300] "POST /api/v1/users HTTP/1.1" 200 1407 "-" "curl/7.68.0"
192.168.1.102 - - [23/Aug/2025:16:01:25 +0300] "GET /user/profile HTTP/1.1" 304 3568 "-" "Googlebot/2.1 (+http://www.google.com/bot.html)"
192.168.1.102 - - [23/Aug/2025:15:14:55 +0300] "GET / HTTP/1.1" 500 4522 "https://example.com/" "Mozilla/5.0 (Windows NT 10.0; Win64; x64) AppleWebKit/537.36"
10.0.0.50 - - [23/Aug/2025:06:18:42 +0300] "POST /api/v1/users HTTP/1.1" 500 4378 "https://www.bing.com/" "Mozilla/5.0 (Macintosh; Intel Mac OS X 10_15_7) AppleWebKit/537.36"
10.0.0.51 - - [23/Aug/2025:15:19:19 +0300] "POST /contact HTTP/1.1" 500 3473 "https://socialmedia.com/post/123" "Googlebot/2.1 (+http://www.google.com/bot.html)"
172.16.0.10 - - [23/Aug/2025:15:31:45 +0300] "POST /admin HTTP/1.1" 200 4476 "-" "Mozilla/5.0 (Windows NT 10.0; Win64; x64) AppleWebKit/537.36"
192.168.1.102 - - [23/Aug/2025:15:38:49 +0300] "GET /about HTTP/1.1" 404 296 "-" "curl/7.68.0"
192.168.1.102 - - [23/Aug/2025:02:04:15 +0300] "GET /products/clothing HTTP/1.1" 200 2320 "https://example.com/" "curl/7.68.0"
192.168.1.100 - - [22/Aug/2025:21:34:15 +0300] "POST /products/electronics HTTP/1.1" 404 3780 "https://socialmedia.com/post/123" "Googlebot/2.1 (+http://www.google.com/bot.html)"
192.168.1.100 - - [23/Aug/2025:13:00:24 +0300] "GET /admin HTTP/1.1" 304 4804 "https://example.com/" "Mozilla/5.0 (Windows NT 10.0; Win64; x64) AppleWebKit/537.36"
172.16.0.10 - - [22/Aug/2025:18:22:12 +0300] "GET / HTTP/1.1" 200 2478 "https://www.bing.com/" "curl/7.68.0"
192.168.1.101 - - [23/Aug/2025:08:52:24 +0300] "GET /api/v1/products HTTP/1.1" 304 3812 "-" "Googlebot/2.1 (+http://www.google.com/bot.html)"
10.0.0.51 - - [23/Aug/2025:14:08:39 +0300] "POST /about HTTP/1.1" 200 1651 "https://www.google.com/" "Mozilla/5.0 (X11; Linux x86_64) AppleWebKit/537.36"
192.168.1.102 - - [23/Aug/2025:05:04:30 +0300] "GET / HTTP/1.1" 200 2242 "https://www.google.com/" "Mozilla/5.0 (Macintosh; Intel Mac OS X 10_15_7) AppleWebKit/537.36"
192.168.1.101 - - [23/Aug/2025:12:21:44 +0300] "GET / HTTP/1.1" 200 1520 "https://example.com/" "curl/7.68.0"
192.168.1.101 - - [23/Aug/2025:12:49:28 +0300] "GET /api/v1/orders HTTP/1.1" 304 1747 "https://www.bing.com/" "curl/7.68.0"
192.168.1.100 - - [23/Aug/2025:12:21:45 +0300] "GET /products HTTP/1.1" 200 2870 "https://www.bing.com/" "Mozilla/5.0 (Macintosh; Intel Mac OS X 10_15_7) AppleWebKit/537.36"
192.168.1.102 - - [23/Aug/2025:07:22:05 +0300] "GET /api/v1/orders HTTP/1.1" 200 2939 "https://example.com/" "curl/7.68.0"
10.0.0.51 - - [23/Aug/2025:01:54:50 +0300] "GET / HTTP/1.1" 200 4606 "-" "Googlebot/2.1 (+http://www.google.com/bot.html)"
192.168.1.101 - - [22/Aug/2025:21:55:04 +0300] "GET /products/electronics HTTP/1.1" 200 4171 "-" "Mozilla/5.0 (X11; Linux x86_64) AppleWebKit/537.36"
192.168.1.101 - - [23/Aug/2025:14:32:29 +0300] "POST /products HTTP/1.1" 200 1090 "https://example.com/" "Mozilla/5.0 (X11; Linux x86_64) AppleWebKit/537.36"
10.0.0.51 - - [23/Aug/2025:07:09:29 +0300] "GET /products HTTP/1.1" 304 4476 "https://example.com/" "Mozilla/5.0 (X11; Linux x86_64) AppleWebKit/537.36"
10.0.0.51 - - [22/Aug/2025:19:30:37 +0300] "PUT /api/v1/orders HTTP/1.1" 404 4625 "https://www.bing.com/" "Mozilla/5.0 (Macintosh; Intel Mac OS X 10_15_7) AppleWebKit/537.36"
192.168.1.100 - - [22/Aug/2025:18:00:51 +0300] "GET /about HTTP/1.1" 200 1279 "https://example.com/" "Googlebot/2.1 (+http://www.google.com/bot.html)"
192.168.1.100 - - [22/Aug/2025:22:49:16 +0300] "GET /about HTTP/1.1" 200 4865 "-" "Mozilla/5.0 (Macintosh; Intel Mac OS X 10_15_7) AppleWebKit/537.36"
192.168.1.102 - - [23/Aug/2025:05:18:20 +0300] "GET / HTTP/1.1" 200 2703 "https://www.bing.com/" "Mozilla/5.0 (Macintosh; Intel Mac OS X 10_15_7) AppleWebKit/537.36"
10.0.0.51 - - [22/Aug/2025:23:00:47 +0300] "GET /api/v1/orders HTTP/1.1" 500 4864 "https://www.bing.com/" "Mozilla/5.0 (Macintosh; Intel Mac OS X 10_15_7) AppleWebKit/537.36"
192.168.1.101 - - [23/Aug/2025:00:22:40 +0300] "GET /api/v1/orders HTTP/1.1" 304 2982 "-" "Mozilla/5.0 (X11; Linux x86_64) AppleWebKit/537.36"
192.168.1.100 - - [23/Aug/2025:16:47:51 +0300] "GET /api/v1/orders HTTP/1.1" 200 4971 "https://socialmedia.com/post/123" "Mozilla/5.0 (Macintosh; Intel Mac OS X 10_15_7) AppleWebKit/537.36"
192.168.1.102 - - [23/Aug/2025:05:10:32 +0300] "GET /admin HTTP/1.1" 200 3843 "https://www.bing.com/" "Mozilla/5.0 (Macintosh; Intel Mac OS X 10_15_7) AppleWebKit/537.36"
192.168.1.100 - - [23/Aug/2025:00:56:59 +0300] "POST / HTTP/1.1" 200 4527 "-" "Mozilla/5.0 (X11; Linux x86_64) AppleWebKit/537.36"
192.168.1.101 - - [22/Aug/2025:21:15:20 +0300] "POST / HTTP/1.1" 200 5046 "https://www.google.com/" "Mozilla/5.0 (Macintosh; Intel Mac OS X 10_15_7) AppleWebKit/537.36"
10.0.0.51 - - [22/Aug/2025:23:44:12 +0300] "POST /products HTTP/1.1" 304 1993 "-" "Googlebot/2.1 (+http://www.google.com/bot.html)"
192.168.1.101 - - [22/Aug/2025:19:14:36 +0300] "GET /products/books HTTP/1.1" 500 4159 "https://www.google.com/" "Mozilla/5.0 (X11; Linux x86_64) AppleWebKit/537.36"
192.168.1.102 - - [23/Aug/2025:12:46:09 +0300] "GET /api/v1/products HTTP/1.1" 404 4443 "https://socialmedia.com/post/123" "Googlebot/2.1 (+http://www.google.com/bot.html)"
192.168.1.100 - - [22/Aug/2025:23:26:13 +0300] "GET /blog/post/456 HTTP/1.1" 200 3893 "https://socialmedia.com/post/123" "Mozilla/5.0 (X11; Linux x86_64) AppleWebKit/537.36"
192.168.1.100 - - [23/Aug/2025:16:16:07 +0300] "GET / HTTP/1.1" 200 3752 "https://example.com/" "Mozilla/5.0 (X11; Linux x86_64) AppleWebKit/537.36"
10.0.0.50 - - [22/Aug/2025:19:47:00 +0300] "GET /products/books HTTP/1.1" 304 3555 "https://www.google.com/" "Mozilla/5.0 (Windows NT 10.0; Win64; x64) AppleWebKit/537.36"
10.0.0.51 - - [23/Aug/2025:11:56:07 +0300] "GET /api/v1/users HTTP/1.1" 200 2908 "https://www.google.com/" "curl/7.68.0"
172.16.0.11 - - [22/Aug/2025:19:04:35 +0300] "GET / HTTP/1.1" 304 4388 "-" "Mozilla/5.0 (Windows NT 10.0; Win64; x64) AppleWebKit/537.36"
192.168.1.100 - - [22/Aug/2025:20:58:42 +0300] "POST /products/books HTTP/1.1" 200 1449 "https://www.google.com/" "Googlebot/2.1 (+http://www.google.com/bot.html)"
192.168.1.102 - - [22/Aug/2025:21:18:29 +0300] "GET / HTTP/1.1" 500 4507 "https://socialmedia.com/post/123" "Mozilla/5.0 (Macintosh; Intel Mac OS X 10_15_7) AppleWebKit/537.36"
172.16.0.12 - - [23/Aug/2025:16:02:47 +0300] "GET /api/v1/users HTTP/1.1" 404 5114 "https://www.bing.com/" "Mozilla/5.0 (Windows NT 10.0; Win64; x64) AppleWebKit/537.36"
10.0.0.50 - - [23/Aug/2025:11:33:02 +0300] "GET / HTTP/1.1" 200 3626 "https://www.google.com/" "Mozilla/5.0 (Macintosh; Intel Mac OS X 10_15_7) AppleWebKit/537.36"
192.168.1.100 - - [23/Aug/2025:06:49:09 +0300] "GET /cart HTTP/1.1" 200 4467 "https://example.com/" "Mozilla/5.0 (X11; Linux x86_64) AppleWebKit/537.36"
10.0.0.51 - - [22/Aug/2025:22:53:48 +0300] "GET /contact HTTP/1.1" 200 2463 "https://example.com/" "Googlebot/2.1 (+http://www.google.com/bot.html)"
172.16.0.10 - - [23/Aug/2025:02:14:06 +0300] "GET /api/v1/users HTTP/1.1" 200 2143 "-" "Mozilla/5.0 (X11; Linux x86_64) AppleWebKit/537.36"
192.168.1.100 - - [23/Aug/2025:05:56:34 +0300] "GET /blog/post/123 HTTP/1.1" 200 4365 "https://www.google.com/" "Mozilla/5.0 (X11; Linux x86_64) AppleWebKit/537.36"
10.0.0.50 - - [22/Aug/2025:19:01:09 +0300] "GET /admin HTTP/1.1" 304 1653 "https://example.com/" "Mozilla/5.0 (Windows NT 10.0; Win64; x64) AppleWebKit/537.36"
10.0.0.51 - - [23/Aug/2025:14:02:32 +0300] "GET / HTTP/1.1" 200 2324 "-" "Googlebot/2.1 (+http://www.google.com/bot.html)"
192.168.1.101 - - [22/Aug/2025:18:15:24 +0300] "GET / HTTP/1.1" 304 3222 "https://www.google.com/" "Mozilla/5.0 (Windows NT 10.0; Win64; x64) AppleWebKit/537.36"
10.0.0.51 - - [23/Aug/2025:03:25:42 +0300] "GET / HTTP/1.1" 200 3203 "https://www.google.com/" "Mozilla/5.0 (Windows NT 10.0; Win64; x64) AppleWebKit/537.36"
192.168.1.100 - - [23/Aug/2025:13:37:53 +0300] "POST /products/clothing HTTP/1.1" 200 3504 "-" "Mozilla/5.0 (X11; Linux x86_64) AppleWebKit/537.36"
192.168.1.100 - - [22/Aug/2025:21:09:41 +0300] "GET / HTTP/1.1" 200 3159 "https://socialmedia.com/post/123" "Mozilla/5.0 (X11; Linux x86_64) AppleWebKit/537.36"
192.168.1.100 - - [23/Aug/2025:06:30:52 +0300] "GET /api/v1/products HTTP/1.1" 500 5131 "https://www.bing.com/" "Mozilla/5.0 (Macintosh; Intel Mac OS X 10_15_7) AppleWebKit/537.36"
10.0.0.50 - - [23/Aug/2025:12:35:35 +0300] "GET /api/v1/products HTTP/1.1" 200 2970 "https://www.google.com/" "curl/7.68.0"
192.168.1.101 - - [22/Aug/2025:23:10:29 +0300] "POST /search HTTP/1.1" 200 1534 "https://www.google.com/" "Mozilla/5.0 (X11; Linux x86_64) AppleWebKit/537.36"
192.168.1.100 - - [23/Aug/2025:15:35:33 +0300] "GET /api/v1/users HTTP/1.1" 200 2056 "-" "Mozilla/5.0 (X11; Linux x86_64) AppleWebKit/537.36"
192.168.1.101 - - [23/Aug/2025:12:41:03 +0300] "GET /about HTTP/1.1" 200 3691 "https://www.bing.com/" "Mozilla/5.0 (Windows NT 10.0; Win64; x64) AppleWebKit/537.36"
192.168.1.100 - - [22/Aug/2025:20:26:58 +0300] "GET /api/v1/products HTTP/1.1" 200 855 "-" "Mozilla/5.0 (X11; Linux x86_64) AppleWebKit/537.36"
10.0.0.51 - - [23/Aug/2025:14:10:17 +0300] "POST /products/electronics HTTP/1.1" 200 1188 "https://socialmedia.com/post/123" "Googlebot/2.1 (+http://www.google.com/bot.html)"
10.0.0.51 - - [23/Aug/2025:12:12:15 +0300] "GET /api/v1/orders HTTP/1.1" 500 3789 "https://example.com/" "Mozilla/5.0 (X11; Linux x86_64) AppleWebKit/537.36"
192.168.1.101 - - [23/Aug/2025:10:00:14 +0300] "GET / HTTP/1.1" 200 2722 "https://socialmedia.com/post/123" "Googlebot/2.1 (+http://www.google.com/bot.html)"
192.168.1.100 - - [23/Aug/2025:09:13:09 +0300] "GET /products/clothing HTTP/1.1" 304 4478 "https://www.google.com/" "Googlebot/2.1 (+http://www.google.com/bot.html)"
192.168.1.101 - - [23/Aug/2025:06:54:41 +0300] "GET /api/v1/users HTTP/1.1" 200 3246 "-" "Googlebot/2.1 (+http://www.google.com/bot.html)"
10.0.0.50 - - [22/Aug/2025:21:41:09 +0300] "POST /contact HTTP/1.1" 200 2327 "https://www.bing.com/" "Mozilla/5.0 (Windows NT 10.0; Win64; x64) AppleWebKit/537.36"
192.168.1.101 - - [22/Aug/2025:17:53:05 +0300] "GET /contact HTTP/1.1" 200 2693 "https://www.bing.com/" "Mozilla/5.0 (Windows NT 10.0; Win64; x64) AppleWebKit/537.36"
192.168.1.100 - - [22/Aug/2025:20:33:50 +0300] "GET /products/electronics HTTP/1.1" 200 4246 "https://example.com/" "Mozilla/5.0 (Macintosh; Intel Mac OS X 10_15_7) AppleWebKit/537.36"
192.168.1.100 - - [23/Aug/2025:09:06:43 +0300] "GET / HTTP/1.1" 200 4235 "-" "curl/7.68.0"
192.168.1.101 - - [23/Aug/2025:05:16:24 +0300] "GET /api/v1/products HTTP/1.1" 404 3931 "https://socialmedia.com/post/123" "Mozilla/5.0 (Windows NT 10.0; Win64; x64) AppleWebKit/537.36"
192.168.1.100 - - [23/Aug/2025:00:19:31 +0300] "POST /about HTTP/1.1" 404 4624 "-" "Mozilla/5.0 (Macintosh; Intel Mac OS X 10_15_7) AppleWebKit/537.36"
10.0.0.51 - - [23/Aug/2025:04:57:18 +0300] "GET /products/electronics HTTP/1.1" 200 208 "https://www.bing.com/" "Googlebot/2.1 (+http://www.google.com/bot.html)"
192.168.1.102 - - [22/Aug/2025:23:15:22 +0300] "GET /about HTTP/1.1" 200 2347 "https://socialmedia.com/post/123" "Mozilla/5.0 (X11; Linux x86_64) AppleWebKit/537.36"
10.0.0.51 - - [23/Aug/2025:04:39:35 +0300] "POST /about HTTP/1.1" 200 3234 "-" "curl/7.68.0"
192.168.1.101 - - [22/Aug/2025:20:08:08 +0300] "GET /api/v1/orders HTTP/1.1" 404 538 "-" "Mozilla/5.0 (Windows NT 10.0; Win64; x64) AppleWebKit/537.36"
192.168.1.102 - - [23/Aug/2025:03:50:38 +0300] "GET /user/profile HTTP/1.1" 500 1390 "https://www.bing.com/" "Mozilla/5.0 (X11; Linux x86_64) AppleWebKit/537.36"
10.0.0.51 - - [23/Aug/2025:07:28:18 +0300] "GET /products HTTP/1.1" 200 2319 "https://socialmedia.com/post/123" "curl/7.68.0"
172.16.0.10 - - [22/Aug/2025:20:16:36 +0300] "GET /products HTTP/1.1" 200 1834 "-" "curl/7.68.0"
192.168.1.102 - - [23/Aug/2025:04:36:28 +0300] "GET / HTTP/1.1" 200 2894 "https://socialmedia.com/post/123" "Googlebot/2.1 (+http://www.google.com/bot.html)"
172.16.0.10 - - [22/Aug/2025:17:48:17 +0300] "GET /admin HTTP/1.1" 404 2466 "https://www.google.com/" "Mozilla/5.0 (X11; Linux x86_64) AppleWebKit/537.36"
192.168.1.102 - - [23/Aug/2025:03:39:34 +0300] "GET /api/v1/orders HTTP/1.1" 200 3718 "https://example.com/" "Mozilla/5.0 (X11; Linux x86_64) AppleWebKit/537.36"
172.16.0.10 - - [23/Aug/2025:08:08:50 +0300] "GET /products HTTP/1.1" 200 1907 "https://example.com/" "curl/7.68.0"
192.168.1.101 - - [23/Aug/2025:08:17:23 +0300] "GET / HTTP/1.1" 304 2242 "https://socialmedia.com/post/123" "Mozilla/5.0 (Windows NT 10.0; Win64; x64) AppleWebKit/537.36"
192.168.1.102 - - [22/Aug/2025:18:11:59 +0300] "GET /blog/post/456 HTTP/1.1" 200 366 "https://www.google.com/" "Googlebot/2.1 (+http://www.google.com/bot.html)"
192.168.1.100 - - [22/Aug/2025:18:09:54 +0300] "GET /cart HTTP/1.1" 200 1414 "https://www.google.com/" "Mozilla/5.0 (X11; Linux x86_64) AppleWebKit/537.36"
192.168.1.100 - - [23/Aug/2025:08:49:42 +0300] "GET / HTTP/1.1" 500 1516 "https://example.com/" "Mozilla/5.0 (X11; Linux x86_64) AppleWebKit/537.36"
10.0.0.50 - - [22/Aug/2025:22:44:22 +0300] "GET /about HTTP/1.1" 200 2498 "https://www.google.com/" "Googlebot/2.1 (+http://www.google.com/bot.html)"
172.16.0.10 - - [22/Aug/2025:22:29:06 +0300] "GET /search HTTP/1.1" 200 1895 "https://socialmedia.com/post/123" "Mozilla/5.0 (Macintosh; Intel Mac OS X 10_15_7) AppleWebKit/537.36"
10.0.0.51 - - [23/Aug/2025:16:33:36 +0300] "POST / HTTP/1.1" 200 1651 "https://example.com/" "Googlebot/2.1 (+http://www.google.com/bot.html)"
192.168.1.100 - - [23/Aug/2025:05:11:53 +0300] "GET /admin HTTP/1.1" 200 1679 "https://www.bing.com/" "Mozilla/5.0 (Macintosh; Intel Mac OS X 10_15_7) AppleWebKit/537.36"
172.16.0.12 - - [22/Aug/2025:23:22:27 +0300] "GET /user/profile HTTP/1.1" 500 207 "https://socialmedia.com/post/123" "Mozilla/5.0 (X11; Linux x86_64) AppleWebKit/537.36"
192.168.1.101 - - [23/Aug/2025:05:24:42 +0300] "GET / HTTP/1.1" 200 2995 "-" "Mozilla/5.0 (X11; Linux x86_64) AppleWebKit/537.36"
192.168.1.101 - - [23/Aug/2025:10:05:30 +0300] "GET /api/v1/users HTTP/1.1" 200 5046 "https://www.google.com/" "Mozilla/5.0 (X11; Linux x86_64) AppleWebKit/537.36"
172.16.0.10 - - [23/Aug/2025:00:40:30 +0300] "POST /products/books HTTP/1.1" 200 3457 "-" "curl/7.68.0"
192.168.1.100 - - [23/Aug/2025:13:37:20 +0300] "GET /search HTTP/1.1" 200 575 "https://www.bing.com/" "Mozilla/5.0 (X11; Linux x86_64) AppleWebKit/537.36"
192.168.1.100 - - [23/Aug/2025:14:14:57 +0300] "GET /checkout HTTP/1.1" 404 722 "https://example.com/" "Mozilla/5.0 (Macintosh; Intel Mac OS X 10_15_7) AppleWebKit/537.36"
10.0.0.51 - - [23/Aug/2025:05:45:38 +0300] "POST /api/v1/users HTTP/1.1" 200 722 "https://www.google.com/" "curl/7.68.0"
192.168.1.100 - - [23/Aug/2025:16:40:45 +0300] "POST / HTTP/1.1" 200 4418 "-" "Mozilla/5.0 (Windows NT 10.0; Win64; x64) AppleWebKit/537.36"
192.168.1.100 - - [23/Aug/2025:12:59:09 +0300] "GET / HTTP/1.1" 200 4639 "https://www.bing.com/" "Googlebot/2.1 (+http://www.google.com/bot.html)"
192.168.1.101 - - [22/Aug/2025:19:47:57 +0300] "GET /products HTTP/1.1" 200 2673 "https://example.com/" "curl/7.68.0"
10.0.0.51 - - [22/Aug/2025:20:18:46 +0300] "GET /blog/post/456 HTTP/1.1" 200 991 "-" "Googlebot/2.1 (+http://www.google.com/bot.html)"
192.168.1.102 - - [22/Aug/2025:21:07:05 +0300] "GET / HTTP/1.1" 200 4725 "-" "Mozilla/5.0 (Windows NT 10.0; Win64; x64) AppleWebKit/537.36"
192.168.1.100 - - [23/Aug/2025:06:02:51 +0300] "GET /checkout HTTP/1.1" 304 4914 "https://www.google.com/" "Mozilla/5.0 (Macintosh; Intel Mac OS X 10_15_7) AppleWebKit/537.36"
192.168.1.102 - - [23/Aug/2025:05:26:53 +0300] "GET /products/books HTTP/1.1" 500 2617 "https://socialmedia.com/post/123" "Mozilla/5.0 (Macintosh; Intel Mac OS X 10_15_7) AppleWebKit/537.36"
192.168.1.100 - - [22/Aug/2025:23:28:03 +0300] "GET /about HTTP/1.1" 200 1358 "-" "Mozilla/5.0 (Macintosh; Intel Mac OS X 10_15_7) AppleWebKit/537.36"
192.168.1.100 - - [23/Aug/2025:03:14:45 +0300] "GET /cart HTTP/1.1" 200 3046 "https://www.bing.com/" "Mozilla/5.0 (X11; Linux x86_64) AppleWebKit/537.36"
10.0.0.50 - - [23/Aug/2025:04:35:38 +0300] "GET / HTTP/1.1" 404 3790 "https://socialmedia.com/post/123" "Mozilla/5.0 (Macintosh; Intel Mac OS X 10_15_7) AppleWebKit/537.36"
10.0.0.50 - - [23/Aug/2025:01:55:56 +0300] "GET /products HTTP/1.1" 200 2082 "https://www.google.com/" "Mozilla/5.0 (Macintosh; Intel Mac OS X 10_15_7) AppleWebKit/537.36"
192.168.1.102 - - [22/Aug/2025:19:38:44 +0300] "GET /products HTTP/1.1" 500 3122 "https://socialmedia.com/post/123" "Mozilla/5.0 (X11; Linux x86_64) AppleWebKit/537.36"
192.168.1.101 - - [23/Aug/2025:12:01:36 +0300] "GET /products HTTP/1.1" 304 2620 "https://www.bing.com/" "Googlebot/2.1 (+http://www.google.com/bot.html)"
192.168.1.101 - - [23/Aug/2025:11:34:59 +0300] "GET /api/v1/users HTTP/1.1" 200 4817 "https://example.com/" "Googlebot/2.1 (+http://www.google.com/bot.html)"
10.0.0.50 - - [23/Aug/2025:09:09:58 +0300] "GET /cart HTTP/1.1" 500 2051 "https://example.com/" "Mozilla/5.0 (Windows NT 10.0; Win64; x64) AppleWebKit/537.36"
192.168.1.102 - - [22/Aug/2025:17:50:05 +0300] "GET /products/books HTTP/1.1" 200 285 "-" "curl/7.68.0"
192.168.1.100 - - [23/Aug/2025:08:49:54 +0300] "GET /blog/post/123 HTTP/1.1" 200 1975 "https://www.google.com/" "Mozilla/5.0 (Macintosh; Intel Mac OS X 10_15_7) AppleWebKit/537.36"
10.0.0.51 - - [22/Aug/2025:18:19:48 +0300] "GET /contact HTTP/1.1" 404 1027 "https://socialmedia.com/post/123" "curl/7.68.0"
192.168.1.101 - - [22/Aug/2025:19:19:57 +0300] "GET /products HTTP/1.1" 200 2798 "https://www.google.com/" "Mozilla/5.0 (Macintosh; Intel Mac OS X 10_15_7) AppleWebKit/537.36"
192.168.1.102 - - [23/Aug/2025:16:21:52 +0300] "GET /products HTTP/1.1" 200 215 "https://www.bing.com/" "Mozilla/5.0 (Windows NT 10.0; Win64; x64) AppleWebKit/537.36"
192.168.1.101 - - [23/Aug/2025:16:33:28 +0300] "GET /cart HTTP/1.1" 200 883 "https://www.bing.com/" "Mozilla/5.0 (Macintosh; Intel Mac OS X 10_15_7) AppleWebKit/537.36"
172.16.0.11 - - [22/Aug/2025:23:38:44 +0300] "GET /about HTTP/1.1" 404 2629 "https://socialmedia.com/post/123" "Mozilla/5.0 (Windows NT 10.0; Win64; x64) AppleWebKit/537.36"
10.0.0.50 - - [22/Aug/2025:23:23:43 +0300] "PUT /api/v1/users HTTP/1.1" 200 2596 "-" "Mozilla/5.0 (X11; Linux x86_64) AppleWebKit/537.36"
192.168.1.100 - - [23/Aug/2025:10:26:04 +0300] "POST /products/electronics HTTP/1.1" 200 612 "https://socialmedia.com/post/123" "Mozilla/5.0 (X11; Linux x86_64) AppleWebKit/537.36"
192.168.1.101 - - [23/Aug/2025:05:36:55 +0300] "PUT /api/v1/users HTTP/1.1" 200 1029 "https://www.bing.com/" "Mozilla/5.0 (X11; Linux x86_64) AppleWebKit/537.36"
10.0.0.51 - - [22/Aug/2025:22:57:59 +0300] "POST / HTTP/1.1" 200 2962 "https://www.bing.com/" "Mozilla/5.0 (X11; Linux x86_64) AppleWebKit/537.36"
192.168.1.101 - - [23/Aug/2025:00:40:04 +0300] "GET / HTTP/1.1" 500 1342 "https://www.google.com/" "curl/7.68.0"
192.168.1.102 - - [23/Aug/2025:06:39:27 +0300] "GET /products/books HTTP/1.1" 200 890 "https://www.bing.com/" "Mozilla/5.0 (Windows NT 10.0; Win64; x64) AppleWebKit/537.36"
10.0.0.51 - - [22/Aug/2025:18:15:30 +0300] "GET /products HTTP/1.1" 200 5026 "https://example.com/" "curl/7.68.0"
10.0.0.51 - - [22/Aug/2025:23:47:07 +0300] "POST / HTTP/1.1" 500 4112 "https://www.bing.com/" "Googlebot/2.1 (+http://www.google.com/bot.html)"
192.168.1.102 - - [23/Aug/2025:02:13:09 +0300] "GET /checkout HTTP/1.1" 200 4592 "https://www.google.com/" "Mozilla/5.0 (Macintosh; Intel Mac OS X 10_15_7) AppleWebKit/537.36"
192.168.1.100 - - [23/Aug/2025:08:57:34 +0300] "GET /products/electronics HTTP/1.1" 200 1502 "-" "Mozilla/5.0 (X11; Linux x86_64) AppleWebKit/537.36"
192.168.1.101 - - [23/Aug/2025:09:59:44 +0300] "POST /products HTTP/1.1" 200 4981 "https://www.bing.com/" "Mozilla/5.0 (X11; Linux x86_64) AppleWebKit/537.36"
10.0.0.50 - - [23/Aug/2025:15:08:56 +0300] "GET /products/electronics HTTP/1.1" 200 2997 "-" "curl/7.68.0"
192.168.1.100 - - [23/Aug/2025:08:12:58 +0300] "GET /products/electronics HTTP/1.1" 304 1425 "https://example.com/" "Googlebot/2.1 (+http://www.google.com/bot.html)"
172.16.0.11 - - [23/Aug/2025:06:51:18 +0300] "POST /api/v1/orders HTTP/1.1" 500 1136 "https://socialmedia.com/post/123" "Mozilla/5.0 (Windows NT 10.0; Win64; x64) AppleWebKit/537.36"
192.168.1.101 - - [23/Aug/2025:12:40:34 +0300] "GET / HTTP/1.1" 200 4478 "https://example.com/" "Googlebot/2.1 (+http://www.google.com/bot.html)"
192.168.1.100 - - [23/Aug/2025:14:07:09 +0300] "GET /products HTTP/1.1" 200 2478 "https://example.com/" "Mozilla/5.0 (Macintosh; Intel Mac OS X 10_15_7) AppleWebKit/537.36"
192.168.1.102 - - [22/Aug/2025:20:05:47 +0300] "GET /products/books HTTP/1.1" 500 1648 "https://www.google.com/" "Mozilla/5.0 (Macintosh; Intel Mac OS X 10_15_7) AppleWebKit/537.36"
192.168.1.101 - - [23/Aug/2025:01:38:10 +0300] "POST /api/v1/users HTTP/1.1" 200 1084 "-" "Googlebot/2.1 (+http://www.google.com/bot.html)"
192.168.1.101 - - [23/Aug/2025:13:27:44 +0300] "GET /products/books HTTP/1.1" 200 3204 "https://www.google.com/" "Mozilla/5.0 (Windows NT 10.0; Win64; x64) AppleWebKit/537.36"
192.168.1.100 - - [22/Aug/2025:20:40:27 +0300] "GET /api/v1/orders HTTP/1.1" 304 3946 "-" "Mozilla/5.0 (X11; Linux x86_64) AppleWebKit/537.36"
192.168.1.102 - - [22/Aug/2025:20:43:20 +0300] "GET /api/v1/users HTTP/1.1" 200 2639 "https://www.bing.com/" "Mozilla/5.0 (Macintosh; Intel Mac OS X 10_15_7) AppleWebKit/537.36"
192.168.1.102 - - [23/Aug/2025:00:38:54 +0300] "GET /products/clothing HTTP/1.1" 304 4153 "https://socialmedia.com/post/123" "Googlebot/2.1 (+http://www.google.com/bot.html)"
192.168.1.102 - - [22/Aug/2025:17:45:47 +0300] "GET /products/electronics HTTP/1.1" 200 3532 "https://www.bing.com/" "Mozilla/5.0 (Macintosh; Intel Mac OS X 10_15_7) AppleWebKit/537.36"
192.168.1.102 - - [22/Aug/2025:17:42:01 +0300] "GET /products/electronics HTTP/1.1" 200 5138 "https://socialmedia.com/post/123" "Mozilla/5.0 (Windows NT 10.0; Win64; x64) AppleWebKit/537.36"
172.16.0.10 - - [22/Aug/2025:22:30:52 +0300] "POST / HTTP/1.1" 200 442 "-" "Mozilla/5.0 (Windows NT 10.0; Win64; x64) AppleWebKit/537.36"
172.16.0.10 - - [22/Aug/2025:19:08:33 +0300] "GET /api/v1/users HTTP/1.1" 200 1979 "https://example.com/" "Mozilla/5.0 (Windows NT 10.0; Win64; x64) AppleWebKit/537.36"
192.168.1.100 - - [23/Aug/2025:00:03:45 +0300] "GET /products HTTP/1.1" 404 4267 "-" "curl/7.68.0"
10.0.0.51 - - [23/Aug/2025:08:16:32 +0300] "GET /about HTTP/1.1" 500 1637 "https://socialmedia.com/post/123" "Mozilla/5.0 (Macintosh; Intel Mac OS X 10_15_7) AppleWebKit/537.36"
192.168.1.101 - - [22/Aug/2025:17:46:17 +0300] "POST / HTTP/1.1" 404 3735 "https://socialmedia.com/post/123" "Mozilla/5.0 (Windows NT 10.0; Win64; x64) AppleWebKit/537.36"
10.0.0.51 - - [23/Aug/2025:15:39:10 +0300] "GET /about HTTP/1.1" 200 4017 "-" "Mozilla/5.0 (Windows NT 10.0; Win64; x64) AppleWebKit/537.36"
192.168.1.102 - - [23/Aug/2025:03:58:21 +0300] "GET /contact HTTP/1.1" 200 1055 "-" "curl/7.68.0"
10.0.0.51 - - [22/Aug/2025:17:42:41 +0300] "GET / HTTP/1.1" 200 3699 "https://www.bing.com/" "Googlebot/2.1 (+http://www.google.com/bot.html)"
192.168.1.101 - - [23/Aug/2025:09:43:11 +0300] "GET /products HTTP/1.1" 200 4763 "https://example.com/" "curl/7.68.0"
10.0.0.50 - - [23/Aug/2025:15:58:20 +0300] "GET / HTTP/1.1" 200 4582 "https://www.bing.com/" "Mozilla/5.0 (Macintosh; Intel Mac OS X 10_15_7) AppleWebKit/537.36"
10.0.0.50 - - [23/Aug/2025:07:45:32 +0300] "GET /contact HTTP/1.1" 200 4287 "-" "Googlebot/2.1 (+http://www.google.com/bot.html)"
192.168.1.101 - - [23/Aug/2025:15:34:28 +0300] "GET / HTTP/1.1" 500 2990 "https://www.bing.com/" "Mozilla/5.0 (Macintosh; Intel Mac OS X 10_15_7) AppleWebKit/537.36"
192.168.1.100 - - [23/Aug/2025:15:03:07 +0300] "POST /admin HTTP/1.1" 200 1512 "https://example.com/" "Mozilla/5.0 (X11; Linux x86_64) AppleWebKit/537.36"
10.0.0.51 - - [23/Aug/2025:04:39:38 +0300] "GET /about HTTP/1.1" 200 331 "https://example.com/" "Googlebot/2.1 (+http://www.google.com/bot.html)"
192.168.1.102 - - [23/Aug/2025:13:10:03 +0300] "GET / HTTP/1.1" 200 5089 "https://example.com/" "Googlebot/2.1 (+http://www.google.com/bot.html)"
192.168.1.100 - - [22/Aug/2025:22:44:20 +0300] "GET /products/electronics HTTP/1.1" 200 1559 "https://example.com/" "Googlebot/2.1 (+http://www.google.com/bot.html)"
192.168.1.102 - - [23/Aug/2025:08:40:37 +0300] "GET /search HTTP/1.1" 200 1459 "https://socialmedia.com/post/123" "Mozilla/5.0 (Macintosh; Intel Mac OS X 10_15_7) AppleWebKit/537.36"
192.168.1.102 - - [23/Aug/2025:10:50:02 +0300] "POST /products HTTP/1.1" 200 4281 "https://www.bing.com/" "Mozilla/5.0 (Windows NT 10.0; Win64; x64) AppleWebKit/537.36"
192.168.1.100 - - [22/Aug/2025:17:18:57 +0300] "PUT / HTTP/1.1" 200 1758 "https://example.com/" "Mozilla/5.0 (Macintosh; Intel Mac OS X 10_15_7) AppleWebKit/537.36"
192.168.1.102 - - [22/Aug/2025:22:37:51 +0300] "GET /products/books HTTP/1.1" 200 4620 "-" "Googlebot/2.1 (+http://www.google.com/bot.html)"
192.168.1.100 - - [22/Aug/2025:18:38:54 +0300] "GET /products HTTP/1.1" 200 1314 "-" "curl/7.68.0"
172.16.0.10 - - [23/Aug/2025:09:15:58 +0300] "GET / HTTP/1.1" 200 1732 "-" "Mozilla/5.0 (Macintosh; Intel Mac OS X 10_15_7) AppleWebKit/537.36"
192.168.1.102 - - [23/Aug/2025:06:25:40 +0300] "GET / HTTP/1.1" 200 423 "https://example.com/" "Mozilla/5.0 (X11; Linux x86_64) AppleWebKit/537.36"
192.168.1.101 - - [22/Aug/2025:17:38:43 +0300] "GET /products/electronics HTTP/1.1" 500 1157 "-" "Mozilla/5.0 (Macintosh; Intel Mac OS X 10_15_7) AppleWebKit/537.36"
192.168.1.101 - - [23/Aug/2025:11:33:02 +0300] "GET / HTTP/1.1" 500 1113 "https://example.com/" "Mozilla/5.0 (Windows NT 10.0; Win64; x64) AppleWebKit/537.36"
192.168.1.101 - - [22/Aug/2025:21:14:38 +0300] "DELETE /cart HTTP/1.1" 200 2202 "https://www.google.com/" "Mozilla/5.0 (X11; Linux x86_64) AppleWebKit/537.36"
192.168.1.102 - - [23/Aug/2025:03:06:40 +0300] "GET /admin HTTP/1.1" 200 2285 "https://www.bing.com/" "curl/7.68.0"
10.0.0.51 - - [23/Aug/2025:13:49:48 +0300] "GET /cart HTTP/1.1" 404 1980 "https://www.google.com/" "Mozilla/5.0 (X11; Linux x86_64) AppleWebKit/537.36"
192.168.1.100 - - [23/Aug/2025:06:07:25 +0300] "GET / HTTP/1.1" 200 905 "https://example.com/" "Mozilla/5.0 (Macintosh; Intel Mac OS X 10_15_7) AppleWebKit/537.36"
10.0.0.51 - - [23/Aug/2025:04:03:06 +0300] "GET /about HTTP/1.1" 404 3254 "https://www.google.com/" "Mozilla/5.0 (Macintosh; Intel Mac OS X 10_15_7) AppleWebKit/537.36"
192.168.1.101 - - [23/Aug/2025:12:18:15 +0300] "GET /search HTTP/1.1" 500 4818 "https://www.bing.com/" "Mozilla/5.0 (Windows NT 10.0; Win64; x64) AppleWebKit/537.36"
192.168.1.100 - - [22/Aug/2025:20:50:58 +0300] "POST /about HTTP/1.1" 200 4617 "-" "curl/7.68.0"
172.16.0.10 - - [23/Aug/2025:17:04:17 +0300] "GET /products/electronics HTTP/1.1" 200 3988 "https://www.google.com/" "Mozilla/5.0 (Macintosh; Intel Mac OS X 10_15_7) AppleWebKit/537.36"
192.168.1.100 - - [22/Aug/2025:19:12:46 +0300] "GET /contact HTTP/1.1" 200 4273 "https://www.google.com/" "Mozilla/5.0 (Macintosh; Intel Mac OS X 10_15_7) AppleWebKit/537.36"
192.168.1.102 - - [23/Aug/2025:15:25:42 +0300] "GET /cart HTTP/1.1" 200 2508 "https://www.google.com/" "curl/7.68.0"
192.168.1.101 - - [23/Aug/2025:08:39:51 +0300] "GET /products/electronics HTTP/1.1" 200 3560 "https://www.bing.com/" "Mozilla/5.0 (Macintosh; Intel Mac OS X 10_15_7) AppleWebKit/537.36"
10.0.0.50 - - [23/Aug/2025:03:48:26 +0300] "GET /search HTTP/1.1" 200 2062 "https://www.google.com/" "Googlebot/2.1 (+http://www.google.com/bot.html)"
192.168.1.100 - - [23/Aug/2025:02:48:17 +0300] "POST /products/clothing HTTP/1.1" 404 1268 "https://www.bing.com/" "curl/7.68.0"
192.168.1.101 - - [23/Aug/2025:00:44:32 +0300] "DELETE /products HTTP/1.1" 200 3860 "https://www.bing.com/" "Mozilla/5.0 (X11; Linux x86_64) AppleWebKit/537.36"
192.168.1.100 - - [22/Aug/2025:23:34:48 +0300] "GET /products/clothing HTTP/1.1" 200 2479 "-" "Mozilla/5.0 (X11; Linux x86_64) AppleWebKit/537.36"
192.168.1.102 - - [22/Aug/2025:23:22:13 +0300] "GET /api/v1/users HTTP/1.1" 200 3049 "https://www.bing.com/" "Mozilla/5.0 (Windows NT 10.0; Win64; x64) AppleWebKit/537.36"
192.168.1.100 - - [22/Aug/2025:21:21:04 +0300] "POST / HTTP/1.1" 200 3874 "https://www.bing.com/" "curl/7.68.0"
172.16.0.12 - - [22/Aug/2025:23:59:40 +0300] "GET /cart HTTP/1.1" 200 1172 "https://www.google.com/" "Mozilla/5.0 (Windows NT 10.0; Win64; x64) AppleWebKit/537.36"
192.168.1.102 - - [23/Aug/2025:08:06:24 +0300] "GET /products HTTP/1.1" 500 2415 "-" "curl/7.68.0"
192.168.1.102 - - [23/Aug/2025:06:08:20 +0300] "GET / HTTP/1.1" 304 2235 "-" "Googlebot/2.1 (+http://www.google.com/bot.html)"
192.168.1.101 - - [23/Aug/2025:16:52:42 +0300] "GET / HTTP/1.1" 200 2616 "https://www.bing.com/" "curl/7.68.0"
192.168.1.101 - - [22/Aug/2025:17:13:23 +0300] "GET /products/electronics HTTP/1.1" 500 3558 "https://www.bing.com/" "Mozilla/5.0 (X11; Linux x86_64) AppleWebKit/537.36"
192.168.1.100 - - [23/Aug/2025:13:12:22 +0300] "GET /about HTTP/1.1" 200 3944 "https://www.google.com/" "Mozilla/5.0 (Windows NT 10.0; Win64; x64) AppleWebKit/537.36"
10.0.0.50 - - [23/Aug/2025:09:19:43 +0300] "GET /about HTTP/1.1" 404 1072 "https://socialmedia.com/post/123" "Mozilla/5.0 (Macintosh; Intel Mac OS X 10_15_7) AppleWebKit/537.36"
10.0.0.50 - - [23/Aug/2025:13:13:39 +0300] "PUT / HTTP/1.1" 200 4643 "https://socialmedia.com/post/123" "Mozilla/5.0 (Macintosh; Intel Mac OS X 10_15_7) AppleWebKit/537.36"
192.168.1.100 - - [22/Aug/2025:20:17:50 +0300] "GET /contact HTTP/1.1" 404 1327 "https://socialmedia.com/post/123" "Googlebot/2.1 (+http://www.google.com/bot.html)"
10.0.0.50 - - [23/Aug/2025:14:38:24 +0300] "GET /products/clothing HTTP/1.1" 404 5115 "https://socialmedia.com/post/123" "Mozilla/5.0 (Macintosh; Intel Mac OS X 10_15_7) AppleWebKit/537.36"
192.168.1.102 - - [23/Aug/2025:09:30:28 +0300] "GET / HTTP/1.1" 304 3588 "https://www.google.com/" "curl/7.68.0"
10.0.0.51 - - [23/Aug/2025:00:55:53 +0300] "GET /checkout HTTP/1.1" 200 2709 "https://socialmedia.com/post/123" "Mozilla/5.0 (Macintosh; Intel Mac OS X 10_15_7) AppleWebKit/537.36"
192.168.1.101 - - [23/Aug/2025:14:32:53 +0300] "GET / HTTP/1.1" 200 1601 "https://www.google.com/" "Googlebot/2.1 (+http://www.google.com/bot.html)"
192.168.1.101 - - [23/Aug/2025:12:16:53 +0300] "POST / HTTP/1.1" 200 1191 "-" "Mozilla/5.0 (Windows NT 10.0; Win64; x64) AppleWebKit/537.36"
10.0.0.51 - - [22/Aug/2025:18:50:51 +0300] "POST /products/clothing HTTP/1.1" 200 3699 "https://socialmedia.com/post/123" "Mozilla/5.0 (Windows NT 10.0; Win64; x64) AppleWebKit/537.36"
10.0.0.51 - - [23/Aug/2025:02:33:36 +0300] "GET /admin HTTP/1.1" 500 2809 "-" "Mozilla/5.0 (X11; Linux x86_64) AppleWebKit/537.36"
192.168.1.101 - - [23/Aug/2025:01:07:04 +0300] "POST / HTTP/1.1" 200 967 "https://example.com/" "curl/7.68.0"
192.168.1.100 - - [23/Aug/2025:03:15:29 +0300] "POST /api/v1/products HTTP/1.1" 304 2808 "-" "Mozilla/5.0 (Macintosh; Intel Mac OS X 10_15_7) AppleWebKit/537.36"
192.168.1.100 - - [22/Aug/2025:18:11:35 +0300] "POST /products HTTP/1.1" 200 1105 "https://example.com/" "curl/7.68.0"
192.168.1.102 - - [23/Aug/2025:13:59:54 +0300] "GET / HTTP/1.1" 304 3399 "https://www.google.com/" "Mozilla/5.0 (X11; Linux x86_64) AppleWebKit/537.36"
192.168.1.101 - - [23/Aug/2025:14:02:28 +0300] "GET / HTTP/1.1" 200 4672 "https://www.bing.com/" "Mozilla/5.0 (X11; Linux x86_64) AppleWebKit/537.36"
192.168.1.101 - - [22/Aug/2025:21:47:13 +0300] "GET /admin HTTP/1.1" 304 871 "https://www.bing.com/" "Mozilla/5.0 (X11; Linux x86_64) AppleWebKit/537.36"
192.168.1.102 - - [22/Aug/2025:17:48:35 +0300] "POST /contact HTTP/1.1" 304 926 "https://www.google.com/" "curl/7.68.0"
192.168.1.100 - - [22/Aug/2025:17:26:36 +0300] "GET /api/v1/orders HTTP/1.1" 200 1170 "https://example.com/" "Mozilla/5.0 (Macintosh; Intel Mac OS X 10_15_7) AppleWebKit/537.36"
192.168.1.100 - - [22/Aug/2025:22:04:57 +0300] "GET /products HTTP/1.1" 200 446 "https://socialmedia.com/post/123" "Googlebot/2.1 (+http://www.google.com/bot.html)"
10.0.0.50 - - [23/Aug/2025:16:35:24 +0300] "GET /about HTTP/1.1" 200 4185 "https://example.com/" "Mozilla/5.0 (Windows NT 10.0; Win64; x64) AppleWebKit/537.36"
172.16.0.11 - - [23/Aug/2025:13:19:42 +0300] "GET /products/clothing HTTP/1.1" 304 4660 "https://www.bing.com/" "Mozilla/5.0 (Macintosh; Intel Mac OS X 10_15_7) AppleWebKit/537.36"
192.168.1.102 - - [22/Aug/2025:18:05:40 +0300] "POST /checkout HTTP/1.1" 500 4320 "https://socialmedia.com/post/123" "Mozilla/5.0 (Windows NT 10.0; Win64; x64) AppleWebKit/537.36"
192.168.1.100 - - [23/Aug/2025:16:34:14 +0300] "GET /api/v1/orders HTTP/1.1" 200 1609 "https://example.com/" "Mozilla/5.0 (Macintosh; Intel Mac OS X 10_15_7) AppleWebKit/537.36"
192.168.1.100 - - [23/Aug/2025:01:45:43 +0300] "GET / HTTP/1.1" 200 3992 "https://socialmedia.com/post/123" "Mozilla/5.0 (X11; Linux x86_64) AppleWebKit/537.36"
192.168.1.102 - - [22/Aug/2025:21:25:38 +0300] "GET /products HTTP/1.1" 200 1543 "https://socialmedia.com/post/123" "Mozilla/5.0 (Windows NT 10.0; Win64; x64) AppleWebKit/537.36"
192.168.1.100 - - [23/Aug/2025:05:46:56 +0300] "GET /products/books HTTP/1.1" 404 2208 "https://www.google.com/" "Mozilla/5.0 (X11; Linux x86_64) AppleWebKit/537.36"
10.0.0.51 - - [23/Aug/2025:12:22:32 +0300] "GET /user/profile HTTP/1.1" 200 3993 "https://socialmedia.com/post/123" "Mozilla/5.0 (Windows NT 10.0; Win64; x64) AppleWebKit/537.36"
192.168.1.100 - - [23/Aug/2025:14:30:28 +0300] "POST / HTTP/1.1" 200 1942 "https://www.google.com/" "Mozilla/5.0 (X11; Linux x86_64) AppleWebKit/537.36"
192.168.1.102 - - [23/Aug/2025:05:14:34 +0300] "GET /cart HTTP/1.1" 404 3185 "-" "Mozilla/5.0 (X11; Linux x86_64) AppleWebKit/537.36"
192.168.1.100 - - [23/Aug/2025:13:45:36 +0300] "GET /products HTTP/1.1" 200 1279 "https://example.com/" "Mozilla/5.0 (Windows NT 10.0; Win64; x64) AppleWebKit/537.36"
192.168.1.102 - - [22/Aug/2025:21:39:16 +0300] "GET / HTTP/1.1" 404 1160 "https://socialmedia.com/post/123" "curl/7.68.0"
192.168.1.101 - - [23/Aug/2025:13:57:06 +0300] "GET /checkout HTTP/1.1" 200 1057 "https://www.bing.com/" "Mozilla/5.0 (Windows NT 10.0; Win64; x64) AppleWebKit/537.36"
10.0.0.51 - - [23/Aug/2025:14:19:11 +0300] "GET /about HTTP/1.1" 200 2149 "https://example.com/" "curl/7.68.0"
192.168.1.101 - - [23/Aug/2025:10:36:15 +0300] "POST / HTTP/1.1" 200 3264 "https://socialmedia.com/post/123" "Googlebot/2.1 (+http://www.google.com/bot.html)"
192.168.1.100 - - [23/Aug/2025:04:33:28 +0300] "GET /api/v1/products HTTP/1.1" 200 4562 "https://example.com/" "curl/7.68.0"
172.16.0.10 - - [22/Aug/2025:23:18:15 +0300] "GET / HTTP/1.1" 200 1455 "https://example.com/" "Mozilla/5.0 (X11; Linux x86_64) AppleWebKit/537.36"
192.168.1.100 - - [23/Aug/2025:10:53:15 +0300] "GET /products/clothing HTTP/1.1" 200 3199 "https://example.com/" "Mozilla/5.0 (Windows NT 10.0; Win64; x64) AppleWebKit/537.36"
192.168.1.101 - - [23/Aug/2025:03:14:49 +0300] "GET /products HTTP/1.1" 200 3006 "-" "Mozilla/5.0 (Macintosh; Intel Mac OS X 10_15_7) AppleWebKit/537.36"
192.168.1.101 - - [23/Aug/2025:06:13:12 +0300] "POST /about HTTP/1.1" 500 2123 "https://socialmedia.com/post/123" "Mozilla/5.0 (Windows NT 10.0; Win64; x64) AppleWebKit/537.36"
192.168.1.102 - - [23/Aug/2025:07:00:01 +0300] "POST /about HTTP/1.1" 200 4578 "https://www.google.com/" "Mozilla/5.0 (Windows NT 10.0; Win64; x64) AppleWebKit/537.36"
192.168.1.101 - - [23/Aug/2025:04:48:15 +0300] "GET /search HTTP/1.1" 500 1278 "https://www.bing.com/" "Mozilla/5.0 (Windows NT 10.0; Win64; x64) AppleWebKit/537.36"
10.0.0.51 - - [22/Aug/2025:18:37:09 +0300] "GET /contact HTTP/1.1" 200 3922 "https://www.google.com/" "Mozilla/5.0 (Windows NT 10.0; Win64; x64) AppleWebKit/537.36"
192.168.1.102 - - [23/Aug/2025:06:49:00 +0300] "POST /products HTTP/1.1" 200 1509 "https://www.google.com/" "Mozilla/5.0 (Macintosh; Intel Mac OS X 10_15_7) AppleWebKit/537.36"
192.168.1.102 - - [23/Aug/2025:09:08:24 +0300] "GET /api/v1/users HTTP/1.1" 200 1937 "https://www.google.com/" "curl/7.68.0"
172.16.0.10 - - [23/Aug/2025:05:35:08 +0300] "GET /cart HTTP/1.1" 200 1429 "-" "Mozilla/5.0 (X11; Linux x86_64) AppleWebKit/537.36"
10.0.0.50 - - [23/Aug/2025:08:28:12 +0300] "GET / HTTP/1.1" 200 2897 "https://example.com/" "Mozilla/5.0 (Macintosh; Intel Mac OS X 10_15_7) AppleWebKit/537.36"
192.168.1.101 - - [23/Aug/2025:03:18:12 +0300] "GET /api/v1/products HTTP/1.1" 200 4637 "https://www.google.com/" "Mozilla/5.0 (X11; Linux x86_64) AppleWebKit/537.36"
192.168.1.101 - - [23/Aug/2025:06:29:38 +0300] "POST /search HTTP/1.1" 404 1245 "-" "Mozilla/5.0 (Macintosh; Intel Mac OS X 10_15_7) AppleWebKit/537.36"
192.168.1.101 - - [23/Aug/2025:11:39:24 +0300] "GET /api/v1/users HTTP/1.1" 404 2958 "-" "curl/7.68.0"
192.168.1.100 - - [23/Aug/2025:11:37:36 +0300] "GET / HTTP/1.1" 500 3303 "https://socialmedia.com/post/123" "Googlebot/2.1 (+http://www.google.com/bot.html)"
10.0.0.51 - - [23/Aug/2025:14:48:23 +0300] "GET /contact HTTP/1.1" 404 4421 "https://www.bing.com/" "Googlebot/2.1 (+http://www.google.com/bot.html)"
192.168.1.100 - - [22/Aug/2025:23:21:11 +0300] "POST /api/v1/products HTTP/1.1" 200 2452 "-" "Mozilla/5.0 (X11; Linux x86_64) AppleWebKit/537.36"
192.168.1.100 - - [22/Aug/2025:20:35:00 +0300] "GET /about HTTP/1.1" 500 3859 "https://www.google.com/" "Mozilla/5.0 (X11; Linux x86_64) AppleWebKit/537.36"
10.0.0.51 - - [23/Aug/2025:11:26:22 +0300] "GET /about HTTP/1.1" 304 2103 "https://socialmedia.com/post/123" "Mozilla/5.0 (X11; Linux x86_64) AppleWebKit/537.36"
172.16.0.10 - - [23/Aug/2025:16:05:40 +0300] "GET / HTTP/1.1" 200 682 "-" "Googlebot/2.1 (+http://www.google.com/bot.html)"
192.168.1.100 - - [23/Aug/2025:06:22:50 +0300] "GET /cart HTTP/1.1" 404 1247 "https://www.bing.com/" "Mozilla/5.0 (Macintosh; Intel Mac OS X 10_15_7) AppleWebKit/537.36"
192.168.1.100 - - [23/Aug/2025:10:57:06 +0300] "GET /about HTTP/1.1" 200 345 "-" "Mozilla/5.0 (Windows NT 10.0; Win64; x64) AppleWebKit/537.36"
192.168.1.102 - - [23/Aug/2025:10:32:28 +0300] "GET /checkout HTTP/1.1" 304 2080 "https://www.bing.com/" "curl/7.68.0"
192.168.1.101 - - [23/Aug/2025:16:21:22 +0300] "GET /about HTTP/1.1" 200 5083 "https://www.bing.com/" "Mozilla/5.0 (X11; Linux x86_64) AppleWebKit/537.36"
192.168.1.102 - - [22/Aug/2025:20:45:37 +0300] "GET / HTTP/1.1" 304 2226 "-" "curl/7.68.0"
10.0.0.50 - - [23/Aug/2025:10:42:21 +0300] "POST /products/books HTTP/1.1" 200 1154 "-" "Mozilla/5.0 (Windows NT 10.0; Win64; x64) AppleWebKit/537.36"
192.168.1.101 - - [22/Aug/2025:19:14:59 +0300] "GET / HTTP/1.1" 200 4004 "https://www.google.com/" "curl/7.68.0"
10.0.0.50 - - [23/Aug/2025:11:55:19 +0300] "GET / HTTP/1.1" 404 4774 "https://www.bing.com/" "Mozilla/5.0 (Windows NT 10.0; Win64; x64) AppleWebKit/537.36"
192.168.1.100 - - [23/Aug/2025:14:32:42 +0300] "GET /about HTTP/1.1" 200 319 "-" "Mozilla/5.0 (Macintosh; Intel Mac OS X 10_15_7) AppleWebKit/537.36"
192.168.1.101 - - [22/Aug/2025:20:07:42 +0300] "GET /products/electronics HTTP/1.1" 200 1714 "-" "Mozilla/5.0 (X11; Linux x86_64) AppleWebKit/537.36"
10.0.0.51 - - [23/Aug/2025:01:20:24 +0300] "POST /api/v1/users HTTP/1.1" 304 1196 "https://example.com/" "Mozilla/5.0 (X11; Linux x86_64) AppleWebKit/537.36"
192.168.1.101 - - [23/Aug/2025:09:37:46 +0300] "GET / HTTP/1.1" 200 1044 "https://socialmedia.com/post/123" "curl/7.68.0"
192.168.1.100 - - [23/Aug/2025:11:18:28 +0300] "GET / HTTP/1.1" 200 2698 "https://www.google.com/" "curl/7.68.0"
192.168.1.101 - - [23/Aug/2025:16:31:38 +0300] "POST /products/electronics HTTP/1.1" 200 4332 "https://www.bing.com/" "Mozilla/5.0 (Windows NT 10.0; Win64; x64) AppleWebKit/537.36"
192.168.1.101 - - [23/Aug/2025:02:37:33 +0300] "GET /cart HTTP/1.1" 200 4302 "https://www.google.com/" "Mozilla/5.0 (X11; Linux x86_64) AppleWebKit/537.36"
192.168.1.102 - - [23/Aug/2025:05:29:48 +0300] "POST / HTTP/1.1" 200 3295 "https://socialmedia.com/post/123" "Mozilla/5.0 (Windows NT 10.0; Win64; x64) AppleWebKit/537.36"
172.16.0.10 - - [23/Aug/2025:10:38:39 +0300] "GET /api/v1/orders HTTP/1.1" 200 2744 "https://example.com/" "Googlebot/2.1 (+http://www.google.com/bot.html)"
192.168.1.101 - - [23/Aug/2025:13:44:01 +0300] "POST / HTTP/1.1" 500 4626 "https://example.com/" "Mozilla/5.0 (X11; Linux x86_64) AppleWebKit/537.36"
192.168.1.100 - - [23/Aug/2025:08:09:13 +0300] "GET /admin HTTP/1.1" 200 1863 "https://www.google.com/" "Mozilla/5.0 (Windows NT 10.0; Win64; x64) AppleWebKit/537.36"
192.168.1.102 - - [23/Aug/2025:09:52:59 +0300] "PUT /api/v1/users HTTP/1.1" 304 4324 "https://www.google.com/" "Mozilla/5.0 (Macintosh; Intel Mac OS X 10_15_7) AppleWebKit/537.36"
192.168.1.101 - - [23/Aug/2025:11:50:04 +0300] "POST /products HTTP/1.1" 200 418 "-" "Mozilla/5.0 (X11; Linux x86_64) AppleWebKit/537.36"
192.168.1.102 - - [23/Aug/2025:06:12:41 +0300] "POST / HTTP/1.1" 200 564 "-" "Mozilla/5.0 (Windows NT 10.0; Win64; x64) AppleWebKit/537.36"
172.16.0.12 - - [22/Aug/2025:23:00:43 +0300] "GET / HTTP/1.1" 200 5094 "https://www.google.com/" "curl/7.68.0"
10.0.0.51 - - [23/Aug/2025:01:11:30 +0300] "POST /products/books HTTP/1.1" 200 4436 "https://socialmedia.com/post/123" "Mozilla/5.0 (Macintosh; Intel Mac OS X 10_15_7) AppleWebKit/537.36"
192.168.1.101 - - [23/Aug/2025:15:10:19 +0300] "GET / HTTP/1.1" 200 3229 "https://socialmedia.com/post/123" "curl/7.68.0"
192.168.1.101 - - [23/Aug/2025:04:35:58 +0300] "GET /products HTTP/1.1" 500 2424 "https://www.bing.com/" "Mozilla/5.0 (X11; Linux x86_64) AppleWebKit/537.36"
172.16.0.12 - - [23/Aug/2025:06:35:29 +0300] "GET / HTTP/1.1" 200 2085 "https://socialmedia.com/post/123" "Mozilla/5.0 (Windows NT 10.0; Win64; x64) AppleWebKit/537.36"
10.0.0.50 - - [23/Aug/2025:14:05:39 +0300] "GET / HTTP/1.1" 304 3289 "-" "curl/7.68.0"
192.168.1.101 - - [23/Aug/2025:03:17:19 +0300] "PUT /products HTTP/1.1" 404 4284 "-" "curl/7.68.0"
192.168.1.100 - - [23/Aug/2025:16:11:48 +0300] "GET / HTTP/1.1" 200 3030 "https://socialmedia.com/post/123" "Mozilla/5.0 (Windows NT 10.0; Win64; x64) AppleWebKit/537.36"
10.0.0.50 - - [23/Aug/2025:15:43:41 +0300] "POST /about HTTP/1.1" 200 1978 "https://www.google.com/" "Googlebot/2.1 (+http://www.google.com/bot.html)"
192.168.1.100 - - [22/Aug/2025:19:26:34 +0300] "GET /cart HTTP/1.1" 200 4751 "https://www.bing.com/" "Mozilla/5.0 (X11; Linux x86_64) AppleWebKit/537.36"
10.0.0.50 - - [23/Aug/2025:09:13:16 +0300] "GET /products/electronics HTTP/1.1" 404 2218 "https://www.google.com/" "Googlebot/2.1 (+http://www.google.com/bot.html)"
10.0.0.51 - - [23/Aug/2025:04:17:45 +0300] "GET / HTTP/1.1" 404 4280 "https://socialmedia.com/post/123" "curl/7.68.0"
192.168.1.102 - - [23/Aug/2025:06:56:13 +0300] "GET /blog/post/123 HTTP/1.1" 200 1793 "https://socialmedia.com/post/123" "Googlebot/2.1 (+http://www.google.com/bot.html)"
10.0.0.51 - - [22/Aug/2025:21:06:26 +0300] "GET /api/v1/orders HTTP/1.1" 200 1038 "-" "Mozilla/5.0 (Windows NT 10.0; Win64; x64) AppleWebKit/537.36"
192.168.1.101 - - [22/Aug/2025:18:01:41 +0300] "POST / HTTP/1.1" 200 4486 "https://www.bing.com/" "Mozilla/5.0 (X11; Linux x86_64) AppleWebKit/537.36"
192.168.1.100 - - [23/Aug/2025:04:12:31 +0300] "GET /admin HTTP/1.1" 200 277 "-" "Mozilla/5.0 (Windows NT 10.0; Win64; x64) AppleWebKit/537.36"
192.168.1.100 - - [23/Aug/2025:06:16:54 +0300] "GET /products/clothing HTTP/1.1" 200 289 "https://www.google.com/" "Mozilla/5.0 (Windows NT 10.0; Win64; x64) AppleWebKit/537.36"
192.168.1.102 - - [22/Aug/2025:17:32:18 +0300] "GET /products HTTP/1.1" 200 1605 "https://example.com/" "Googlebot/2.1 (+http://www.google.com/bot.html)"
192.168.1.100 - - [22/Aug/2025:17:28:24 +0300] "GET / HTTP/1.1" 404 4193 "https://www.bing.com/" "Mozilla/5.0 (Windows NT 10.0; Win64; x64) AppleWebKit/537.36"
10.0.0.50 - - [22/Aug/2025:21:47:06 +0300] "GET / HTTP/1.1" 500 1765 "https://socialmedia.com/post/123" "Googlebot/2.1 (+http://www.google.com/bot.html)"
192.168.1.102 - - [22/Aug/2025:23:49:34 +0300] "GET /about HTTP/1.1" 304 2251 "https://www.bing.com/" "curl/7.68.0"
192.168.1.101 - - [23/Aug/2025:09:55:38 +0300] "GET /about HTTP/1.1" 200 1528 "-" "curl/7.68.0"
10.0.0.50 - - [23/Aug/2025:13:51:33 +0300] "GET / HTTP/1.1" 200 4984 "https://www.bing.com/" "Googlebot/2.1 (+http://www.google.com/bot.html)"
172.16.0.11 - - [23/Aug/2025:12:31:26 +0300] "GET / HTTP/1.1" 304 2946 "https://socialmedia.com/post/123" "Mozilla/5.0 (X11; Linux x86_64) AppleWebKit/537.36"
192.168.1.101 - - [23/Aug/2025:08:24:58 +0300] "GET /products HTTP/1.1" 200 3606 "https://www.google.com/" "curl/7.68.0"
192.168.1.101 - - [23/Aug/2025:14:05:33 +0300] "GET /about HTTP/1.1" 304 4363 "https://www.bing.com/" "Mozilla/5.0 (Windows NT 10.0; Win64; x64) AppleWebKit/537.36"
192.168.1.101 - - [23/Aug/2025:04:26:39 +0300] "GET /products/clothing HTTP/1.1" 200 1315 "https://example.com/" "curl/7.68.0"
10.0.0.51 - - [22/Aug/2025:22:10:34 +0300] "GET /about HTTP/1.1" 304 2693 "https://www.bing.com/" "Mozilla/5.0 (Macintosh; Intel Mac OS X 10_15_7) AppleWebKit/537.36"
192.168.1.102 - - [23/Aug/2025:13:57:24 +0300] "POST / HTTP/1.1" 200 3265 "https://www.google.com/" "Googlebot/2.1 (+http://www.google.com/bot.html)"
172.16.0.11 - - [23/Aug/2025:04:56:43 +0300] "GET / HTTP/1.1" 304 2397 "https://example.com/" "Googlebot/2.1 (+http://www.google.com/bot.html)"
172.16.0.12 - - [23/Aug/2025:09:55:05 +0300] "GET /products/books HTTP/1.1" 200 5074 "https://socialmedia.com/post/123" "Mozilla/5.0 (Macintosh; Intel Mac OS X 10_15_7) AppleWebKit/537.36"
10.0.0.50 - - [23/Aug/2025:14:54:41 +0300] "GET /api/v1/orders HTTP/1.1" 500 3850 "-" "Mozilla/5.0 (Windows NT 10.0; Win64; x64) AppleWebKit/537.36"
